Archive member included to satisfy reference by file (symbol)

C:/ST/STM32CubeCLT_1.21.0/GNU-tools-for-STM32/bin/../lib/gcc/arm-none-eabi/14.3.1/../../../../arm-none-eabi/lib/thumb/v7-m/nofp\libc_nano.a(libc_a-exit.o)
                              C:/ST/STM32CubeCLT_1.21.0/GNU-tools-for-STM32/bin/../lib/gcc/arm-none-eabi/14.3.1/../../../../arm-none-eabi/lib/thumb/v7-m/nofp/crt0.o (exit)
C:/ST/STM32CubeCLT_1.21.0/GNU-tools-for-STM32/bin/../lib/gcc/arm-none-eabi/14.3.1/../../../../arm-none-eabi/lib/thumb/v7-m/nofp\libc_nano.a(libc_a-findfp.o)
                              C:/ST/STM32CubeCLT_1.21.0/GNU-tools-for-STM32/bin/../lib/gcc/arm-none-eabi/14.3.1/../../../../arm-none-eabi/lib/thumb/v7-m/nofp\libc_nano.a(libc_a-exit.o) (__stdio_exit_handler)
C:/ST/STM32CubeCLT_1.21.0/GNU-tools-for-STM32/bin/../lib/gcc/arm-none-eabi/14.3.1/../../../../arm-none-eabi/lib/thumb/v7-m/nofp\libc_nano.a(libc_a-fwalk.o)
                              C:/ST/STM32CubeCLT_1.21.0/GNU-tools-for-STM32/bin/../lib/gcc/arm-none-eabi/14.3.1/../../../../arm-none-eabi/lib/thumb/v7-m/nofp\libc_nano.a(libc_a-findfp.o) (_fwalk_sglue)
C:/ST/STM32CubeCLT_1.21.0/GNU-tools-for-STM32/bin/../lib/gcc/arm-none-eabi/14.3.1/../../../../arm-none-eabi/lib/thumb/v7-m/nofp\libc_nano.a(libc_a-stdio.o)
                              C:/ST/STM32CubeCLT_1.21.0/GNU-tools-for-STM32/bin/../lib/gcc/arm-none-eabi/14.3.1/../../../../arm-none-eabi/lib/thumb/v7-m/nofp\libc_nano.a(libc_a-findfp.o) (__sread)
C:/ST/STM32CubeCLT_1.21.0/GNU-tools-for-STM32/bin/../lib/gcc/arm-none-eabi/14.3.1/../../../../arm-none-eabi/lib/thumb/v7-m/nofp\libc_nano.a(libc_a-memset.o)
                              C:/ST/STM32CubeCLT_1.21.0/GNU-tools-for-STM32/bin/../lib/gcc/arm-none-eabi/14.3.1/../../../../arm-none-eabi/lib/thumb/v7-m/nofp/crt0.o (memset)
C:/ST/STM32CubeCLT_1.21.0/GNU-tools-for-STM32/bin/../lib/gcc/arm-none-eabi/14.3.1/../../../../arm-none-eabi/lib/thumb/v7-m/nofp\libc_nano.a(libc_a-closer.o)
                              C:/ST/STM32CubeCLT_1.21.0/GNU-tools-for-STM32/bin/../lib/gcc/arm-none-eabi/14.3.1/../../../../arm-none-eabi/lib/thumb/v7-m/nofp\libc_nano.a(libc_a-stdio.o) (_close_r)
C:/ST/STM32CubeCLT_1.21.0/GNU-tools-for-STM32/bin/../lib/gcc/arm-none-eabi/14.3.1/../../../../arm-none-eabi/lib/thumb/v7-m/nofp\libc_nano.a(libc_a-reent.o)
                              C:/ST/STM32CubeCLT_1.21.0/GNU-tools-for-STM32/bin/../lib/gcc/arm-none-eabi/14.3.1/../../../../arm-none-eabi/lib/thumb/v7-m/nofp\libc_nano.a(libc_a-closer.o) (errno)
C:/ST/STM32CubeCLT_1.21.0/GNU-tools-for-STM32/bin/../lib/gcc/arm-none-eabi/14.3.1/../../../../arm-none-eabi/lib/thumb/v7-m/nofp\libc_nano.a(libc_a-impure.o)
                              C:/ST/STM32CubeCLT_1.21.0/GNU-tools-for-STM32/bin/../lib/gcc/arm-none-eabi/14.3.1/../../../../arm-none-eabi/lib/thumb/v7-m/nofp\libc_nano.a(libc_a-reent.o) (_impure_ptr)
C:/ST/STM32CubeCLT_1.21.0/GNU-tools-for-STM32/bin/../lib/gcc/arm-none-eabi/14.3.1/../../../../arm-none-eabi/lib/thumb/v7-m/nofp\libc_nano.a(libc_a-lseekr.o)
                              C:/ST/STM32CubeCLT_1.21.0/GNU-tools-for-STM32/bin/../lib/gcc/arm-none-eabi/14.3.1/../../../../arm-none-eabi/lib/thumb/v7-m/nofp\libc_nano.a(libc_a-stdio.o) (_lseek_r)
C:/ST/STM32CubeCLT_1.21.0/GNU-tools-for-STM32/bin/../lib/gcc/arm-none-eabi/14.3.1/../../../../arm-none-eabi/lib/thumb/v7-m/nofp\libc_nano.a(libc_a-readr.o)
                              C:/ST/STM32CubeCLT_1.21.0/GNU-tools-for-STM32/bin/../lib/gcc/arm-none-eabi/14.3.1/../../../../arm-none-eabi/lib/thumb/v7-m/nofp\libc_nano.a(libc_a-stdio.o) (_read_r)
C:/ST/STM32CubeCLT_1.21.0/GNU-tools-for-STM32/bin/../lib/gcc/arm-none-eabi/14.3.1/../../../../arm-none-eabi/lib/thumb/v7-m/nofp\libc_nano.a(libc_a-writer.o)
                              C:/ST/STM32CubeCLT_1.21.0/GNU-tools-for-STM32/bin/../lib/gcc/arm-none-eabi/14.3.1/../../../../arm-none-eabi/lib/thumb/v7-m/nofp\libc_nano.a(libc_a-stdio.o) (_write_r)
C:/ST/STM32CubeCLT_1.21.0/GNU-tools-for-STM32/bin/../lib/gcc/arm-none-eabi/14.3.1/../../../../arm-none-eabi/lib/thumb/v7-m/nofp\libc_nano.a(libc_a-init.o)
                              C:/ST/STM32CubeCLT_1.21.0/GNU-tools-for-STM32/bin/../lib/gcc/arm-none-eabi/14.3.1/../../../../arm-none-eabi/lib/thumb/v7-m/nofp/crt0.o (__libc_init_array)
C:/ST/STM32CubeCLT_1.21.0/GNU-tools-for-STM32/bin/../lib/gcc/arm-none-eabi/14.3.1/../../../../arm-none-eabi/lib/thumb/v7-m/nofp\libc_nano.a(libc_a-lock.o)
                              C:/ST/STM32CubeCLT_1.21.0/GNU-tools-for-STM32/bin/../lib/gcc/arm-none-eabi/14.3.1/../../../../arm-none-eabi/lib/thumb/v7-m/nofp\libc_nano.a(libc_a-findfp.o) (__retarget_lock_init_recursive)
C:/ST/STM32CubeCLT_1.21.0/GNU-tools-for-STM32/bin/../lib/gcc/arm-none-eabi/14.3.1/../../../../arm-none-eabi/lib/thumb/v7-m/nofp\libc_nano.a(libc_a-freer.o)
                              C:/ST/STM32CubeCLT_1.21.0/GNU-tools-for-STM32/bin/../lib/gcc/arm-none-eabi/14.3.1/../../../../arm-none-eabi/lib/thumb/v7-m/nofp\libc_nano.a(libc_a-reent.o) (_free_r)
[...]
Memory Configuration

Name             Origin             Length             Attributes
RAM              0x20000000         0x00005000         xrw
FLASH            0x08000000         0x00010000         xr
*default*        0x00000000         0xffffffff

Linker script and memory map

LOAD C:/ST/STM32CubeCLT_1.21.0/GNU-tools-for-STM32/bin/../lib/gcc/arm-none-eabi/14.3.1/thumb/v7-m/nofp/crti.o
LOAD C:/ST/STM32CubeCLT_1.21.0/GNU-tools-for-STM32/bin/../lib/gcc/arm-none-eabi/14.3.1/thumb/v7-m/nofp/crtbegin.o
LOAD C:/ST/STM32CubeCLT_1.21.0/GNU-tools-for-STM32/bin/../lib/gcc/arm-none-eabi/14.3.1/../../../../arm-none-eabi/lib/thumb/v7-m/nofp/crt0.o
START GROUP
LOAD C:/ST/STM32CubeCLT_1.21.0/GNU-tools-for-STM32/bin/../lib/gcc/arm-none-eabi/14.3.1/../../../../arm-none-eabi/lib/thumb/v7-m/nofp\libc_nano.a
LOAD C:/ST/STM32CubeCLT_1.21.0/GNU-tools-for-STM32/bin/../lib/gcc/arm-none-eabi/14.3.1/../../../../arm-none-eabi/lib/thumb/v7-m/nofp\libm.a
END GROUP
LOAD CMakeFiles/BoardTest.dir/App/Src/board.c.obj
LOAD CMakeFiles/BoardTest.dir/App/Src/app.c.obj
LOAD CMakeFiles/BoardTest.dir/App/Src/interrupt.c.obj
LOAD CMakeFiles/BoardTest.dir/Common/Src/log.c.obj
LOAD CMakeFiles/BoardTest.dir/Common/Src/calculator.c.obj
LOAD CMakeFiles/BoardTest.dir/Core/Src/main.c.obj
LOAD CMakeFiles/BoardTest.dir/Core/Src/gpio.c.obj
LOAD CMakeFiles/BoardTest.dir/Core/Src/adc.c.obj
LOAD CMakeFiles/BoardTest.dir/Core/Src/iwdg.c.obj
LOAD CMakeFiles/BoardTest.dir/Core/Src/tim.c.obj
LOAD CMakeFiles/BoardTest.dir/Core/Src/usart.c.obj
LOAD CMakeFiles/BoardTest.dir/Core/Src/stm32f1xx_it.c.obj
LOAD CMakeFiles/BoardTest.dir/Core/Src/stm32f1xx_hal_msp.c.obj
LOAD CMakeFiles/BoardTest.dir/Drivers/STM32F1xx_HAL_Driver/Src/stm32f1xx_hal_gpio_ex.c.obj
LOAD CMakeFiles/BoardTest.dir/Drivers/STM32F1xx_HAL_Driver/Src/stm32f1xx_hal_adc.c.obj
LOAD CMakeFiles/BoardTest.dir/Drivers/STM32F1xx_HAL_Driver/Src/stm32f1xx_hal_adc_ex.c.obj
LOAD CMakeFiles/BoardTest.dir/Drivers/STM32F1xx_HAL_Driver/Src/stm32f1xx_hal.c.obj
LOAD CMakeFiles/BoardTest.dir/Drivers/STM32F1xx_HAL_Driver/Src/stm32f1xx_hal_rcc.c.obj
LOAD CMakeFiles/BoardTest.dir/Drivers/STM32F1xx_HAL_Driver/Src/stm32f1xx_hal_rcc_ex.c.obj
LOAD CMakeFiles/BoardTest.dir/Drivers/STM32F1xx_HAL_Driver/Src/stm32f1xx_hal_gpio.c.obj
LOAD CMakeFiles/BoardTest.dir/Drivers/STM32F1xx_HAL_Driver/Src/stm32f1xx_hal_dma.c.obj
LOAD CMakeFiles/BoardTest.dir/Drivers/STM32F1xx_HAL_Driver/Src/stm32f1xx_hal_cortex.c.obj
LOAD CMakeFiles/BoardTest.dir/Drivers/STM32F1xx_HAL_Driver/Src/stm32f1xx_hal_pwr.c.obj
LOAD CMakeFiles/BoardTest.dir/Drivers/STM32F1xx_HAL_Driver/Src/stm32f1xx_hal_flash.c.obj
LOAD CMakeFiles/BoardTest.dir/Drivers/STM32F1xx_HAL_Driver/Src/stm32f1xx_hal_flash_ex.c.obj
LOAD CMakeFiles/BoardTest.dir/Drivers/STM32F1xx_HAL_Driver/Src/stm32f1xx_hal_exti.c.obj
LOAD CMakeFiles/BoardTest.dir/Drivers/STM32F1xx_HAL_Driver/Src/stm32f1xx_hal_iwdg.c.obj
LOAD CMakeFiles/BoardTest.dir/Drivers/STM32F1xx_HAL_Driver/Src/stm32f1xx_hal_tim.c.obj
LOAD CMakeFiles/BoardTest.dir/Drivers/STM32F1xx_HAL_Driver/Src/stm32f1xx_hal_tim_ex.c.obj
LOAD CMakeFiles/BoardTest.dir/Drivers/STM32F1xx_HAL_Driver/Src/stm32f1xx_hal_uart.c.obj
LOAD CMakeFiles/BoardTest.dir/Core/Src/system_stm32f1xx.c.obj
LOAD CMakeFiles/BoardTest.dir/Core/Src/sysmem.c.obj
LOAD CMakeFiles/BoardTest.dir/Core/Src/syscalls.c.obj
LOAD CMakeFiles/BoardTest.dir/startup_stm32f103xb.s.obj
START GROUP
LOAD C:/ST/STM32CubeCLT_1.21.0/GNU-tools-for-STM32/bin/../lib/gcc/arm-none-eabi/14.3.1/thumb/v7-m/nofp\libgcc.a
LOAD C:/ST/STM32CubeCLT_1.21.0/GNU-tools-for-STM32/bin/../lib/gcc/arm-none-eabi/14.3.1/../../../../arm-none-eabi/lib/thumb/v7-m/nofp\libg_nano.a
LOAD C:/ST/STM32CubeCLT_1.21.0/GNU-tools-for-STM32/bin/../lib/gcc/arm-none-eabi/14.3.1/../../../../arm-none-eabi/lib/thumb/v7-m/nofp\libc_nano.a
END GROUP
START GROUP
LOAD C:/ST/STM32CubeCLT_1.21.0/GNU-tools-for-STM32/bin/../lib/gcc/arm-none-eabi/14.3.1/thumb/v7-m/nofp\libgcc.a
LOAD C:/ST/STM32CubeCLT_1.21.0/GNU-tools-for-STM32/bin/../lib/gcc/arm-none-eabi/14.3.1/../../../../arm-none-eabi/lib/thumb/v7-m/nofp\libc_nano.a
END GROUP
LOAD C:/ST/STM32CubeCLT_1.21.0/GNU-tools-for-STM32/bin/../lib/gcc/arm-none-eabi/14.3.1/thumb/v7-m/nofp/crtend.o
LOAD C:/ST/STM32CubeCLT_1.21.0/GNU-tools-for-STM32/bin/../lib/gcc/arm-none-eabi/14.3.1/thumb/v7-m/nofp/crtn.o
                0x20005000                        _estack = (ORIGIN (RAM) + LENGTH (RAM))
                0x00000c00                        _Min_Heap_Size = 0xc00
                0x00000c00                        _Min_Stack_Size = 0xc00

.isr_vector     0x08000000      0x10c
                0x08000000                        . = ALIGN (0x4)
 *(.isr_vector)
 .isr_vector    0x08000000      0x10c CMakeFiles/BoardTest.dir/startup_stm32f103xb.s.obj
                0x08000000                g_pfnVectors
                0x0800010c                        . = ALIGN (0x4)

.text           0x0800010c     0x335c
                0x0800010c                        . = ALIGN (0x4)
 *(.text)
 .text          0x0800010c       0x40 C:/ST/STM32CubeCLT_1.21.0/GNU-tools-for-STM32/bin/../lib/gcc/arm-none-eabi/14.3.1/thumb/v7-m/nofp/crtbegin.o
 .text          0x0800014c       0x10 C:/ST/STM32CubeCLT_1.21.0/GNU-tools-for-STM32/bin/../lib/gcc/arm-none-eabi/14.3.1/../../../../arm-none-eabi/lib/thumb/v7-m/nofp\libg_nano.a(libc_a-strlen.o)
                0x0800014c                strlen
 *(.text*)
 .text.memset   0x0800015c       0x10 C:/ST/STM32CubeCLT_1.21.0/GNU-tools-for-STM32/bin/../lib/gcc/arm-none-eabi/14.3.1/../../../../arm-none-eabi/lib/thumb/v7-m/nofp\libc_nano.a(libc_a-memset.o)
                0x0800015c                memset
 .text.__libc_init_array
                0x0800016c       0x48 C:/ST/STM32CubeCLT_1.21.0/GNU-tools-for-STM32/bin/../lib/gcc/arm-none-eabi/14.3.1/../../../../arm-none-eabi/lib/thumb/v7-m/nofp\libc_nano.a(libc_a-init.o)
                0x0800016c                __libc_init_array
 .text.SystemClock_Config
                0x080001b4       0xba CMakeFiles/BoardTest.dir/App/Src/board.c.obj
                0x080001b4                SystemClock_Config
 *fill*         0x0800026e        0x2 
 .text.StartUp  0x08000270       0xa8 CMakeFiles/BoardTest.dir/App/Src/board.c.obj
                0x08000270                StartUp
 .text.RS485_SendBuffer
                0x08000318       0xb8 CMakeFiles/BoardTest.dir/App/Src/app.c.obj
                0x08000318                RS485_SendBuffer
 .text.RS485_SendStr
                0x080003d0       0x28 CMakeFiles/BoardTest.dir/App/Src/app.c.obj
                0x080003d0                RS485_SendStr
 .text.RS485_CH1_Process
                0x080003f8       0x3c CMakeFiles/BoardTest.dir/App/Src/app.c.obj
                0x080003f8                RS485_CH1_Process
 .text.RS485_CH3_Process
                0x08000434       0x3c CMakeFiles/BoardTest.dir/App/Src/app.c.obj
                0x08000434                RS485_CH3_Process
 .text.HAL_TIM_PeriodElapsedCallback
                0x08000470      0x104 CMakeFiles/BoardTest.dir/App/Src/interrupt.c.obj
                0x08000470                HAL_TIM_PeriodElapsedCallback
 .text.HAL_UART_RxCpltCallback
                0x08000574      0x130 CMakeFiles/BoardTest.dir/App/Src/interrupt.c.obj
                0x08000574                HAL_UART_RxCpltCallback
 .text.DBG_SendBuffer
                0x080006a4       0x24 CMakeFiles/BoardTest.dir/Common/Src/log.c.obj
                0x080006a4                DBG_SendBuffer
 .text.DBG_SendStr
                0x080006c8       0x22 CMakeFiles/BoardTest.dir/Common/Src/log.c.obj
                0x080006c8                DBG_SendStr
 *fill*         0x080006ea        0x2 
 .text.main     0x080006ec       0x20 CMakeFiles/BoardTest.dir/Core/Src/main.c.obj
                0x080006ec                main
 .text.Error_Handler
                0x0800070c        0xc CMakeFiles/BoardTest.dir/Core/Src/main.c.obj
                0x0800070c                Error_Handler
 .text.MX_GPIO_Init
                0x08000718      0x154 CMakeFiles/BoardTest.dir/Core/Src/gpio.c.obj
                0x08000718                MX_GPIO_Init
 .text.MX_TIM1_Init
                0x0800086c       0xa0 CMakeFiles/BoardTest.dir/Core/Src/tim.c.obj
                0x0800086c                MX_TIM1_Init
 .text.HAL_TIM_Base_MspInit
                0x0800090c       0xf0 CMakeFiles/BoardTest.dir/Core/Src/tim.c.obj
                0x0800090c                HAL_TIM_Base_MspInit
 .text.MX_USART1_UART_Init
                0x080009fc       0x54 CMakeFiles/BoardTest.dir/Core/Src/usart.c.obj
                0x080009fc                MX_USART1_UART_Init
 .text.MX_USART2_UART_Init
                0x08000a50       0x54 CMakeFiles/BoardTest.dir/Core/Src/usart.c.obj
                0x08000a50                MX_USART2_UART_Init
 .text.MX_USART3_UART_Init
                0x08000aa4       0x54 CMakeFiles/BoardTest.dir/Core/Src/usart.c.obj
                0x08000aa4                MX_USART3_UART_Init
 .text.HAL_UART_MspInit
                0x08000af8      0x1b0 CMakeFiles/BoardTest.dir/Core/Src/usart.c.obj
                0x08000af8                HAL_UART_MspInit
 .text.NMI_Handler
                0x08000ca8        0x8 CMakeFiles/BoardTest.dir/Core/Src/stm32f1xx_it.c.obj
                0x08000ca8                NMI_Handler
 .text.HardFault_Handler
                0x08000cb0        0x8 CMakeFiles/BoardTest.dir/Core/Src/stm32f1xx_it.c.obj
                0x08000cb0                HardFault_Handler
 .text.MemManage_Handler
                0x08000cb8        0x8 CMakeFiles/BoardTest.dir/Core/Src/stm32f1xx_it.c.obj
                0x08000cb8                MemManage_Handler
 .text.BusFault_Handler
                0x08000cc0        0x8 CMakeFiles/BoardTest.dir/Core/Src/stm32f1xx_it.c.obj
                0x08000cc0                BusFault_Handler
 .text.UsageFault_Handler
                0x08000cc8        0x8 CMakeFiles/BoardTest.dir/Core/Src/stm32f1xx_it.c.obj
                0x08000cc8                UsageFault_Handler
 .text.SVC_Handler
                0x08000cd0        0xc CMakeFiles/BoardTest.dir/Core/Src/stm32f1xx_it.c.obj
                0x08000cd0                SVC_Handler
 .text.DebugMon_Handler
                0x08000cdc        0xc CMakeFiles/BoardTest.dir/Core/Src/stm32f1xx_it.c.obj
                0x08000cdc                DebugMon_Handler
 .text.PendSV_Handler
                0x08000ce8        0xc CMakeFiles/BoardTest.dir/Core/Src/stm32f1xx_it.c.obj
                0x08000ce8                PendSV_Handler
 .text.SysTick_Handler
                0x08000cf4        0xc CMakeFiles/BoardTest.dir/Core/Src/stm32f1xx_it.c.obj
                0x08000cf4                SysTick_Handler
 .text.TIM1_UP_IRQHandler
                0x08000d00       0x14 CMakeFiles/BoardTest.dir/Core/Src/stm32f1xx_it.c.obj
                0x08000d00                TIM1_UP_IRQHandler
 .text.TIM2_IRQHandler
                0x08000d14       0x14 CMakeFiles/BoardTest.dir/Core/Src/stm32f1xx_it.c.obj
                0x08000d14                TIM2_IRQHandler
 .text.TIM3_IRQHandler
                0x08000d28       0x14 CMakeFiles/BoardTest.dir/Core/Src/stm32f1xx_it.c.obj
                0x08000d28                TIM3_IRQHandler
 .text.TIM4_IRQHandler
                0x08000d3c       0x14 CMakeFiles/BoardTest.dir/Core/Src/stm32f1xx_it.c.obj
                0x08000d3c                TIM4_IRQHandler
 .text.USART1_IRQHandler
                0x08000d50       0x14 CMakeFiles/BoardTest.dir/Core/Src/stm32f1xx_it.c.obj
                0x08000d50                USART1_IRQHandler
 .text.USART2_IRQHandler
                0x08000d64       0x14 CMakeFiles/BoardTest.dir/Core/Src/stm32f1xx_it.c.obj
                0x08000d64                USART2_IRQHandler
 .text.USART3_IRQHandler
                0x08000d78       0x14 CMakeFiles/BoardTest.dir/Core/Src/stm32f1xx_it.c.obj
                0x08000d78                USART3_IRQHandler
 .text.HAL_MspInit
                0x08000d8c       0x64 CMakeFiles/BoardTest.dir/Core/Src/stm32f1xx_hal_msp.c.obj
                0x08000d8c                HAL_MspInit
 .text.HAL_Init
                0x08000df0       0x2c CMakeFiles/BoardTest.dir/Drivers/STM32F1xx_HAL_Driver/Src/stm32f1xx_hal.c.obj
                0x08000df0                HAL_Init
 .text.HAL_InitTick
                0x08000e1c       0x60 CMakeFiles/BoardTest.dir/Drivers/STM32F1xx_HAL_Driver/Src/stm32f1xx_hal.c.obj
                0x08000e1c                HAL_InitTick
 .text.HAL_IncTick
                0x08000e7c       0x24 CMakeFiles/BoardTest.dir/Drivers/STM32F1xx_HAL_Driver/Src/stm32f1xx_hal.c.obj
                0x08000e7c                HAL_IncTick
 .text.HAL_GetTick
                0x08000ea0       0x14 CMakeFiles/BoardTest.dir/Drivers/STM32F1xx_HAL_Driver/Src/stm32f1xx_hal.c.obj
                0x08000ea0                HAL_GetTick
 .text.HAL_Delay
                0x08000eb4       0x48 CMakeFiles/BoardTest.dir/Drivers/STM32F1xx_HAL_Driver/Src/stm32f1xx_hal.c.obj
                0x08000eb4                HAL_Delay
 .text.HAL_RCC_OscConfig
                0x08000efc      0x504 CMakeFiles/BoardTest.dir/Drivers/STM32F1xx_HAL_Driver/Src/stm32f1xx_hal_rcc.c.obj
                0x08000efc                HAL_RCC_OscConfig
 .text.HAL_RCC_ClockConfig
                0x08001400      0x1d4 CMakeFiles/BoardTest.dir/Drivers/STM32F1xx_HAL_Driver/Src/stm32f1xx_hal_rcc.c.obj
                0x08001400                HAL_RCC_ClockConfig
 .text.HAL_RCC_GetSysClockFreq
                0x080015d4       0xa8 CMakeFiles/BoardTest.dir/Drivers/STM32F1xx_HAL_Driver/Src/stm32f1xx_hal_rcc.c.obj
                0x080015d4                HAL_RCC_GetSysClockFreq
 .text.HAL_RCC_GetHCLKFreq
                0x0800167c       0x14 CMakeFiles/BoardTest.dir/Drivers/STM32F1xx_HAL_Driver/Src/stm32f1xx_hal_rcc.c.obj
                0x0800167c                HAL_RCC_GetHCLKFreq
 .text.HAL_RCC_GetPCLK1Freq
                0x08001690       0x28 CMakeFiles/BoardTest.dir/Drivers/STM32F1xx_HAL_Driver/Src/stm32f1xx_hal_rcc.c.obj
                0x08001690                HAL_RCC_GetPCLK1Freq
 .text.HAL_RCC_GetPCLK2Freq
                0x080016b8       0x28 CMakeFiles/BoardTest.dir/Drivers/STM32F1xx_HAL_Driver/Src/stm32f1xx_hal_rcc.c.obj
                0x080016b8                HAL_RCC_GetPCLK2Freq
 .text.RCC_Delay
                0x080016e0       0x3c CMakeFiles/BoardTest.dir/Drivers/STM32F1xx_HAL_Driver/Src/stm32f1xx_hal_rcc.c.obj
 .text.HAL_RCCEx_PeriphCLKConfig
                0x0800171c      0x16c CMakeFiles/BoardTest.dir/Drivers/STM32F1xx_HAL_Driver/Src/stm32f1xx_hal_rcc_ex.c.obj
                0x0800171c                HAL_RCCEx_PeriphCLKConfig
 .text.HAL_GPIO_Init
                0x08001888      0x308 CMakeFiles/BoardTest.dir/Drivers/STM32F1xx_HAL_Driver/Src/stm32f1xx_hal_gpio.c.obj
                0x08001888                HAL_GPIO_Init
 .text.HAL_GPIO_WritePin
                0x08001b90       0x30 CMakeFiles/BoardTest.dir/Drivers/STM32F1xx_HAL_Driver/Src/stm32f1xx_hal_gpio.c.obj
                0x08001b90                HAL_GPIO_WritePin
 .text.HAL_DMA_Abort
                0x08001bc0       0x76 CMakeFiles/BoardTest.dir/Drivers/STM32F1xx_HAL_Driver/Src/stm32f1xx_hal_dma.c.obj
                0x08001bc0                HAL_DMA_Abort
 *fill*         0x08001c36        0x2 
 .text.HAL_DMA_Abort_IT
                0x08001c38       0xf0 CMakeFiles/BoardTest.dir/Drivers/STM32F1xx_HAL_Driver/Src/stm32f1xx_hal_dma.c.obj
                0x08001c38                HAL_DMA_Abort_IT
 .text.__NVIC_SetPriorityGrouping
                0x08001d28       0x48 CMakeFiles/BoardTest.dir/Drivers/STM32F1xx_HAL_Driver/Src/stm32f1xx_hal_cortex.c.obj
 .text.__NVIC_GetPriorityGrouping
                0x08001d70       0x1c CMakeFiles/BoardTest.dir/Drivers/STM32F1xx_HAL_Driver/Src/stm32f1xx_hal_cortex.c.obj
 .text.__NVIC_EnableIRQ
                0x08001d8c       0x38 CMakeFiles/BoardTest.dir/Drivers/STM32F1xx_HAL_Driver/Src/stm32f1xx_hal_cortex.c.obj
 .text.__NVIC_SetPriority
                0x08001dc4       0x54 CMakeFiles/BoardTest.dir/Drivers/STM32F1xx_HAL_Driver/Src/stm32f1xx_hal_cortex.c.obj
 .text.NVIC_EncodePriority
                0x08001e18       0x64 CMakeFiles/BoardTest.dir/Drivers/STM32F1xx_HAL_Driver/Src/stm32f1xx_hal_cortex.c.obj
 .text.SysTick_Config
                0x08001e7c       0x44 CMakeFiles/BoardTest.dir/Drivers/STM32F1xx_HAL_Driver/Src/stm32f1xx_hal_cortex.c.obj
 .text.HAL_NVIC_SetPriorityGrouping
                0x08001ec0       0x16 CMakeFiles/BoardTest.dir/Drivers/STM32F1xx_HAL_Driver/Src/stm32f1xx_hal_cortex.c.obj
                0x08001ec0                HAL_NVIC_SetPriorityGrouping
 .text.HAL_NVIC_SetPriority
                0x08001ed6       0x38 CMakeFiles/BoardTest.dir/Drivers/STM32F1xx_HAL_Driver/Src/stm32f1xx_hal_cortex.c.obj
                0x08001ed6                HAL_NVIC_SetPriority
 .text.HAL_NVIC_EnableIRQ
                0x08001f0e       0x1c CMakeFiles/BoardTest.dir/Drivers/STM32F1xx_HAL_Driver/Src/stm32f1xx_hal_cortex.c.obj
                0x08001f0e                HAL_NVIC_EnableIRQ
 .text.HAL_SYSTICK_Config
                0x08001f2a       0x18 CMakeFiles/BoardTest.dir/Drivers/STM32F1xx_HAL_Driver/Src/stm32f1xx_hal_cortex.c.obj
                0x08001f2a                HAL_SYSTICK_Config
 .text.HAL_TIM_Base_Init
                0x08001f42       0x9e CMakeFiles/BoardTest.dir/Drivers/STM32F1xx_HAL_Driver/Src/stm32f1xx_hal_tim.c.obj
                0x08001f42                HAL_TIM_Base_Init
 .text.HAL_TIM_Base_Start_IT
                0x08001fe0       0xa4 CMakeFiles/BoardTest.dir/Drivers/STM32F1xx_HAL_Driver/Src/stm32f1xx_hal_tim.c.obj
                0x08001fe0                HAL_TIM_Base_Start_IT
 .text.HAL_TIM_IRQHandler
                0x08002084      0x1e0 CMakeFiles/BoardTest.dir/Drivers/STM32F1xx_HAL_Driver/Src/stm32f1xx_hal_tim.c.obj
                0x08002084                HAL_TIM_IRQHandler
 .text.HAL_TIM_ConfigClockSource
                0x08002264      0x18e CMakeFiles/BoardTest.dir/Drivers/STM32F1xx_HAL_Driver/Src/stm32f1xx_hal_tim.c.obj
                0x08002264                HAL_TIM_ConfigClockSource
 .text.HAL_TIM_OC_DelayElapsedCallback
                0x080023f2       0x12 CMakeFiles/BoardTest.dir/Drivers/STM32F1xx_HAL_Driver/Src/stm32f1xx_hal_tim.c.obj
                0x080023f2                HAL_TIM_OC_DelayElapsedCallback
 .text.HAL_TIM_IC_CaptureCallback
                0x08002404       0x12 CMakeFiles/BoardTest.dir/Drivers/STM32F1xx_HAL_Driver/Src/stm32f1xx_hal_tim.c.obj
                0x08002404                HAL_TIM_IC_CaptureCallback
 .text.HAL_TIM_PWM_PulseFinishedCallback
                0x08002416       0x12 CMakeFiles/BoardTest.dir/Drivers/STM32F1xx_HAL_Driver/Src/stm32f1xx_hal_tim.c.obj
                0x08002416                HAL_TIM_PWM_PulseFinishedCallback
 .text.HAL_TIM_TriggerCallback
                0x08002428       0x12 CMakeFiles/BoardTest.dir/Drivers/STM32F1xx_HAL_Driver/Src/stm32f1xx_hal_tim.c.obj
                0x08002428                HAL_TIM_TriggerCallback
 *fill*         0x0800243a        0x2 
 .text.TIM_Base_SetConfig
                0x0800243c       0xdc CMakeFiles/BoardTest.dir/Drivers/STM32F1xx_HAL_Driver/Src/stm32f1xx_hal_tim.c.obj
                0x0800243c                TIM_Base_SetConfig
 .text.TIM_TI1_ConfigInputStage
                0x08002518       0x5c CMakeFiles/BoardTest.dir/Drivers/STM32F1xx_HAL_Driver/Src/stm32f1xx_hal_tim.c.obj
 .text.TIM_TI2_ConfigInputStage
                0x08002574       0x5e CMakeFiles/BoardTest.dir/Drivers/STM32F1xx_HAL_Driver/Src/stm32f1xx_hal_tim.c.obj
 .text.TIM_ITRx_SetConfig
                0x080025d2       0x34 CMakeFiles/BoardTest.dir/Drivers/STM32F1xx_HAL_Driver/Src/stm32f1xx_hal_tim.c.obj
 .text.TIM_ETR_SetConfig
                0x08002606       0x3e CMakeFiles/BoardTest.dir/Drivers/STM32F1xx_HAL_Driver/Src/stm32f1xx_hal_tim.c.obj
                0x08002606                TIM_ETR_SetConfig
 .text.HAL_TIMEx_MasterConfigSynchronization
                0x08002644       0xbc CMakeFiles/BoardTest.dir/Drivers/STM32F1xx_HAL_Driver/Src/stm32f1xx_hal_tim_ex.c.obj
                0x08002644                HAL_TIMEx_MasterConfigSynchronization
 .text.HAL_TIMEx_CommutCallback
                0x08002700       0x12 CMakeFiles/BoardTest.dir/Drivers/STM32F1xx_HAL_Driver/Src/stm32f1xx_hal_tim_ex.c.obj
                0x08002700                HAL_TIMEx_CommutCallback
 .text.HAL_TIMEx_BreakCallback
                0x08002712       0x12 CMakeFiles/BoardTest.dir/Drivers/STM32F1xx_HAL_Driver/Src/stm32f1xx_hal_tim_ex.c.obj
                0x08002712                HAL_TIMEx_BreakCallback
 .text.HAL_UART_Init
                0x08002724       0xa0 CMakeFiles/BoardTest.dir/Drivers/STM32F1xx_HAL_Driver/Src/stm32f1xx_hal_uart.c.obj
                0x08002724                HAL_UART_Init
 .text.HAL_UART_Transmit
                0x080027c4      0x116 CMakeFiles/BoardTest.dir/Drivers/STM32F1xx_HAL_Driver/Src/stm32f1xx_hal_uart.c.obj
                0x080027c4                HAL_UART_Transmit
 .text.HAL_UART_Receive_IT
                0x080028da       0x4a CMakeFiles/BoardTest.dir/Drivers/STM32F1xx_HAL_Driver/Src/stm32f1xx_hal_uart.c.obj
                0x080028da                HAL_UART_Receive_IT
 .text.HAL_UART_IRQHandler
                0x08002924      0x524 CMakeFiles/BoardTest.dir/Drivers/STM32F1xx_HAL_Driver/Src/stm32f1xx_hal_uart.c.obj
                0x08002924                HAL_UART_IRQHandler
 .text.HAL_UART_TxCpltCallback
                0x08002e48       0x12 CMakeFiles/BoardTest.dir/Drivers/STM32F1xx_HAL_Driver/Src/stm32f1xx_hal_uart.c.obj
                0x08002e48                HAL_UART_TxCpltCallback
 .text.HAL_UART_ErrorCallback
                0x08002e5a       0x12 CMakeFiles/BoardTest.dir/Drivers/STM32F1xx_HAL_Driver/Src/stm32f1xx_hal_uart.c.obj
                0x08002e5a                HAL_UART_ErrorCallback
 .text.HAL_UARTEx_RxEventCallback
                0x08002e6c       0x16 CMakeFiles/BoardTest.dir/Drivers/STM32F1xx_HAL_Driver/Src/stm32f1xx_hal_uart.c.obj
                0x08002e6c                HAL_UARTEx_RxEventCallback
 .text.UART_WaitOnFlagUntilTimeout
                0x08002e82       0xb2 CMakeFiles/BoardTest.dir/Drivers/STM32F1xx_HAL_Driver/Src/stm32f1xx_hal_uart.c.obj
 .text.UART_Start_Receive_IT
                0x08002f34       0x72 CMakeFiles/BoardTest.dir/Drivers/STM32F1xx_HAL_Driver/Src/stm32f1xx_hal_uart.c.obj
                0x08002f34                UART_Start_Receive_IT
 .text.UART_EndRxTransfer
                0x08002fa6       0xc4 CMakeFiles/BoardTest.dir/Drivers/STM32F1xx_HAL_Driver/Src/stm32f1xx_hal_uart.c.obj
 .text.UART_DMAAbortOnError
                0x0800306a       0x28 CMakeFiles/BoardTest.dir/Drivers/STM32F1xx_HAL_Driver/Src/stm32f1xx_hal_uart.c.obj
 .text.UART_Transmit_IT
                0x08003092       0x9e CMakeFiles/BoardTest.dir/Drivers/STM32F1xx_HAL_Driver/Src/stm32f1xx_hal_uart.c.obj
 .text.UART_EndTransmit_IT
                0x08003130       0x30 CMakeFiles/BoardTest.dir/Drivers/STM32F1xx_HAL_Driver/Src/stm32f1xx_hal_uart.c.obj
 .text.UART_Receive_IT
                0x08003160      0x17c CMakeFiles/BoardTest.dir/Drivers/STM32F1xx_HAL_Driver/Src/stm32f1xx_hal_uart.c.obj
 .text.UART_SetConfig
                0x080032dc      0x11c CMakeFiles/BoardTest.dir/Drivers/STM32F1xx_HAL_Driver/Src/stm32f1xx_hal_uart.c.obj
 .text.SystemInit
                0x080033f8        0xc CMakeFiles/BoardTest.dir/Core/Src/system_stm32f1xx.c.obj
                0x080033f8                SystemInit
 .text.Reset_Handler
                0x08003404       0x48 CMakeFiles/BoardTest.dir/startup_stm32f103xb.s.obj
                0x08003404                Reset_Handler
 .text.Default_Handler
                0x0800344c        0x2 CMakeFiles/BoardTest.dir/startup_stm32f103xb.s.obj
                0x0800344c                RTC_Alarm_IRQHandler
                0x0800344c                EXTI2_IRQHandler
                0x0800344c                TIM1_CC_IRQHandler
                0x0800344c                PVD_IRQHandler
                0x0800344c                EXTI3_IRQHandler
                0x0800344c                EXTI0_IRQHandler
                0x0800344c                I2C2_EV_IRQHandler
                0x0800344c                ADC1_2_IRQHandler
                0x0800344c                SPI1_IRQHandler
                0x0800344c                TAMPER_IRQHandler
                0x0800344c                DMA1_Channel4_IRQHandler
                0x0800344c                RTC_IRQHandler
                0x0800344c                DMA1_Channel7_IRQHandler
                0x0800344c                CAN1_RX1_IRQHandler
                0x0800344c                I2C1_EV_IRQHandler
                0x0800344c                DMA1_Channel6_IRQHandler
                0x0800344c                RCC_IRQHandler
                0x0800344c                TIM1_TRG_COM_IRQHandler
                0x0800344c                DMA1_Channel1_IRQHandler
                0x0800344c                Default_Handler
                0x0800344c                EXTI15_10_IRQHandler
                0x0800344c                EXTI9_5_IRQHandler
                0x0800344c                SPI2_IRQHandler
                0x0800344c                DMA1_Channel5_IRQHandler
                0x0800344c                EXTI4_IRQHandler
                0x0800344c                USB_LP_CAN1_RX0_IRQHandler
                0x0800344c                USB_HP_CAN1_TX_IRQHandler
                0x0800344c                DMA1_Channel3_IRQHandler
                0x0800344c                WWDG_IRQHandler
                0x0800344c                TIM1_BRK_IRQHandler
                0x0800344c                EXTI1_IRQHandler
                0x0800344c                I2C2_ER_IRQHandler
                0x0800344c                DMA1_Channel2_IRQHandler
                0x0800344c                CAN1_SCE_IRQHandler
                0x0800344c                FLASH_IRQHandler
                0x0800344c                I2C1_ER_IRQHandler
                0x0800344c                USBWakeUp_IRQHandler
 *(.glue_7)
 .glue_7        0x0800344e        0x0 linker stubs
 *(.glue_7t)
 .glue_7t       0x0800344e        0x0 linker stubs
 *(.eh_frame)
 *fill*         0x0800344e        0x2 
 .eh_frame      0x08003450        0x0 C:/ST/STM32CubeCLT_1.21.0/GNU-tools-for-STM32/bin/../lib/gcc/arm-none-eabi/14.3.1/thumb/v7-m/nofp/crtbegin.o
 *(.init)
 .init          0x08003450        0x4 C:/ST/STM32CubeCLT_1.21.0/GNU-tools-for-STM32/bin/../lib/gcc/arm-none-eabi/14.3.1/thumb/v7-m/nofp/crti.o
                0x08003450                _init
 .init          0x08003454        0x8 C:/ST/STM32CubeCLT_1.21.0/GNU-tools-for-STM32/bin/../lib/gcc/arm-none-eabi/14.3.1/thumb/v7-m/nofp/crtn.o
 *(.fini)
 .fini          0x0800345c        0x4 C:/ST/STM32CubeCLT_1.21.0/GNU-tools-for-STM32/bin/../lib/gcc/arm-none-eabi/14.3.1/thumb/v7-m/nofp/crti.o
                0x0800345c                _fini
 .fini          0x08003460        0x8 C:/ST/STM32CubeCLT_1.21.0/GNU-tools-for-STM32/bin/../lib/gcc/arm-none-eabi/14.3.1/thumb/v7-m/nofp/crtn.o
                0x08003468                        . = ALIGN (0x4)
                0x08003468                        _etext = .

.vfp11_veneer   0x08003468        0x0
 .vfp11_veneer  0x08003468        0x0 linker stubs

.v4_bx          0x08003468        0x0
 .v4_bx         0x08003468        0x0 linker stubs

.iplt           0x08003468        0x0
 .iplt          0x08003468        0x0 C:/ST/STM32CubeCLT_1.21.0/GNU-tools-for-STM32/bin/../lib/gcc/arm-none-eabi/14.3.1/thumb/v7-m/nofp/crtbegin.o

.rodata         0x08003468       0x78
                0x08003468                        . = ALIGN (0x4)
 *(.rodata)
 .rodata        0x08003468       0x40 CMakeFiles/BoardTest.dir/App/Src/app.c.obj
 .rodata        0x080034a8        0x9 CMakeFiles/BoardTest.dir/Core/Src/main.c.obj
 *(.rodata*)
 *fill*         0x080034b1        0x3 
 .rodata.aPLLMULFactorTable.1
                0x080034b4       0x10 CMakeFiles/BoardTest.dir/Drivers/STM32F1xx_HAL_Driver/Src/stm32f1xx_hal_rcc.c.obj
 .rodata.aPredivFactorTable.0
                0x080034c4        0x2 CMakeFiles/BoardTest.dir/Drivers/STM32F1xx_HAL_Driver/Src/stm32f1xx_hal_rcc.c.obj
 *fill*         0x080034c6        0x2 
 .rodata.AHBPrescTable
                0x080034c8       0x10 CMakeFiles/BoardTest.dir/Core/Src/system_stm32f1xx.c.obj
                0x080034c8                AHBPrescTable
 .rodata.APBPrescTable
                0x080034d8        0x8 CMakeFiles/BoardTest.dir/Core/Src/system_stm32f1xx.c.obj
                0x080034d8                APBPrescTable
                0x080034e0                        . = ALIGN (0x4)

.ARM.extab
 *(.ARM.extab* .gnu.linkonce.armextab.*)

.ARM            0x080034e0        0x8
                0x080034e0                        __exidx_start = .
 *(.ARM.exidx*)
 .ARM.exidx     0x080034e0        0x8 C:/ST/STM32CubeCLT_1.21.0/GNU-tools-for-STM32/bin/../lib/gcc/arm-none-eabi/14.3.1/../../../../arm-none-eabi/lib/thumb/v7-m/nofp\libg_nano.a(libc_a-strlen.o)
                0x080034e8                        __exidx_end = .

.rel.dyn        0x080034e8        0x0
 .rel.iplt      0x080034e8        0x0 C:/ST/STM32CubeCLT_1.21.0/GNU-tools-for-STM32/bin/../lib/gcc/arm-none-eabi/14.3.1/thumb/v7-m/nofp/crtbegin.o

.preinit_array  0x080034e8        0x0
                0x080034e8                        PROVIDE (__preinit_array_start = .)
 *(.preinit_array*)
                0x080034e8                        PROVIDE (__preinit_array_end = .)

.init_array     0x080034e8        0x4
                0x080034e8                        PROVIDE (__init_array_start = .)
 *(SORT_BY_NAME(.init_array.*))
 *(.init_array*)
 .init_array    0x080034e8        0x4 C:/ST/STM32CubeCLT_1.21.0/GNU-tools-for-STM32/bin/../lib/gcc/arm-none-eabi/14.3.1/thumb/v7-m/nofp/crtbegin.o
                0x080034ec                        PROVIDE (__init_array_end = .)

.fini_array     0x080034ec        0x4
                [!provide]                        PROVIDE (__fini_array_start = .)
 *(SORT_BY_NAME(.fini_array.*))
 *(.fini_array*)
 .fini_array    0x080034ec        0x4 C:/ST/STM32CubeCLT_1.21.0/GNU-tools-for-STM32/bin/../lib/gcc/arm-none-eabi/14.3.1/thumb/v7-m/nofp/crtbegin.o
                [!provide]                        PROVIDE (__fini_array_end = .)
                0x080034f0                        _sidata = LOADADDR (.data)

.data           0x20000000        0xc load address 0x080034f0
                0x20000000                        . = ALIGN (0x4)
                0x20000000                        _sdata = .
 *(.data)
 *(.data*)
 .data.uwTickPrio
                0x20000000        0x4 CMakeFiles/BoardTest.dir/Drivers/STM32F1xx_HAL_Driver/Src/stm32f1xx_hal.c.obj
                0x20000000                uwTickPrio
 .data.uwTickFreq
                0x20000004        0x1 CMakeFiles/BoardTest.dir/Drivers/STM32F1xx_HAL_Driver/Src/stm32f1xx_hal.c.obj
                0x20000004                uwTickFreq
 *fill*         0x20000005        0x3 
 .data.SystemCoreClock
                0x20000008        0x4 CMakeFiles/BoardTest.dir/Core/Src/system_stm32f1xx.c.obj
                0x20000008                SystemCoreClock
                0x2000000c                        . = ALIGN (0x4)
                0x2000000c                        _edata = .

.igot.plt       0x2000000c        0x0 load address 0x080034fc
 .igot.plt      0x2000000c        0x0 C:/ST/STM32CubeCLT_1.21.0/GNU-tools-for-STM32/bin/../lib/gcc/arm-none-eabi/14.3.1/thumb/v7-m/nofp/crtbegin.o
                0x2000000c                        . = ALIGN (0x4)

.bss            0x2000000c      0x2f4 load address 0x080034fc
                0x2000000c                        _sbss = .
                0x2000000c                        __bss_start__ = _sbss
 *(.bss)
 .bss           0x2000000c       0x1c C:/ST/STM32CubeCLT_1.21.0/GNU-tools-for-STM32/bin/../lib/gcc/arm-none-eabi/14.3.1/thumb/v7-m/nofp/crtbegin.o
 *(.bss*)
 .bss.recUART1  0x20000028        0x1 CMakeFiles/BoardTest.dir/App/Src/board.c.obj
                0x20000028                recUART1
 .bss.recUART2  0x20000029        0x1 CMakeFiles/BoardTest.dir/App/Src/board.c.obj
                0x20000029                recUART2
 .bss.recUART3  0x2000002a        0x1 CMakeFiles/BoardTest.dir/App/Src/board.c.obj
                0x2000002a                recUART3
 *fill*         0x2000002b        0x1 
 .bss.State     0x2000002c        0x4 CMakeFiles/BoardTest.dir/App/Src/app.c.obj
                0x2000002c                State
 .bss.RS485Ch1  0x20000030       0x68 CMakeFiles/BoardTest.dir/App/Src/app.c.obj
                0x20000030                RS485Ch1
 .bss.RS485Ch3  0x20000098       0x68 CMakeFiles/BoardTest.dir/App/Src/app.c.obj
                0x20000098                RS485Ch3
 .bss.LED_Blink
                0x20000100        0x2 CMakeFiles/BoardTest.dir/App/Src/interrupt.c.obj
                0x20000100                LED_Blink
 *fill*         0x20000102        0x2 
 .bss.htim1     0x20000104       0x48 CMakeFiles/BoardTest.dir/Core/Src/tim.c.obj
                0x20000104                htim1
 .bss.htim2     0x2000014c       0x48 CMakeFiles/BoardTest.dir/Core/Src/tim.c.obj
                0x2000014c                htim2
 .bss.htim3     0x20000194       0x48 CMakeFiles/BoardTest.dir/Core/Src/tim.c.obj
                0x20000194                htim3
 .bss.htim4     0x200001dc       0x48 CMakeFiles/BoardTest.dir/Core/Src/tim.c.obj
                0x200001dc                htim4
 .bss.huart1    0x20000224       0x48 CMakeFiles/BoardTest.dir/Core/Src/usart.c.obj
                0x20000224                huart1
 .bss.huart2    0x2000026c       0x48 CMakeFiles/BoardTest.dir/Core/Src/usart.c.obj
                0x2000026c                huart2
 .bss.huart3    0x200002b4       0x48 CMakeFiles/BoardTest.dir/Core/Src/usart.c.obj
                0x200002b4                huart3
 .bss.uwTick    0x200002fc        0x4 CMakeFiles/BoardTest.dir/Drivers/STM32F1xx_HAL_Driver/Src/stm32f1xx_hal.c.obj
                0x200002fc                uwTick
 *(COMMON)
                0x20000300                        . = ALIGN (0x4)
                0x20000300                        _ebss = .
                0x20000300                        __bss_end__ = _ebss

._user_heap_stack
                0x20000300     0x1800 load address 0x080034fc
                0x20000300                        . = ALIGN (0x8)
                [!provide]                        PROVIDE (end = .)
                0x20000300                        PROVIDE (_end = .)
                0x20000f00                        . = (. + _Min_Heap_Size)
 *fill*         0x20000300      0xc00 
                0x20001b00                        . = (. + _Min_Stack_Size)
 *fill*         0x20000f00      0xc00 
                0x20001b00                        . = ALIGN (0x8)

/DISCARD/
 libc.a(*)
 libm.a(*)
 libgcc.a(*)
OUTPUT(BoardTest.elf elf32-littlearm)
LOAD linker stubs
LOAD C:/ST/STM32CubeCLT_1.21.0/GNU-tools-for-STM32/bin/../lib/gcc/arm-none-eabi/14.3.1/../../../../arm-none-eabi/lib/thumb/v7-m/nofp\libc.a
LOAD C:/ST/STM32CubeCLT_1.21.0/GNU-tools-for-STM32/bin/../lib/gcc/arm-none-eabi/14.3.1/../../../../arm-none-eabi/lib/thumb/v7-m/nofp\libm.a
LOAD C:/ST/STM32CubeCLT_1.21.0/GNU-tools-for-STM32/bin/../lib/gcc/arm-none-eabi/14.3.1/thumb/v7-m/nofp\libgcc.a

.ARM.attributes
                0x00000000       0x29
 .ARM.attributes
                0x00000000       0x1d C:/ST/STM32CubeCLT_1.21.0/GNU-tools-for-STM32/bin/../lib/gcc/arm-none-eabi/14.3.1/thumb/v7-m/nofp/crti.o
 .ARM.attributes
                0x0000001d       0x2d C:/ST/STM32CubeCLT_1.21.0/GNU-tools-for-STM32/bin/../lib/gcc/arm-none-eabi/14.3.1/thumb/v7-m/nofp/crtbegin.o
 .ARM.attributes
                0x0000004a       0x2d C:/ST/STM32CubeCLT_1.21.0/GNU-tools-for-STM32/bin/../lib/gcc/arm-none-eabi/14.3.1/../../../../arm-none-eabi/lib/thumb/v7-m/nofp\libc_nano.a(libc_a-memset.o)
 .ARM.attributes
                0x00000077       0x2d C:/ST/STM32CubeCLT_1.21.0/GNU-tools-for-STM32/bin/../lib/gcc/arm-none-eabi/14.3.1/../../../../arm-none-eabi/lib/thumb/v7-m/nofp\libc_nano.a(libc_a-init.o)
 .ARM.attributes
                0x000000a4       0x2d CMakeFiles/BoardTest.dir/App/Src/board.c.obj
 .ARM.attributes
                0x000000d1       0x2d CMakeFiles/BoardTest.dir/App/Src/app.c.obj
 .ARM.attributes
                0x000000fe       0x2d CMakeFiles/BoardTest.dir/App/Src/interrupt.c.obj
 .ARM.attributes
                0x0000012b       0x2d CMakeFiles/BoardTest.dir/Common/Src/log.c.obj
 .ARM.attributes
                0x00000158       0x2d CMakeFiles/BoardTest.dir/Core/Src/main.c.obj
 .ARM.attributes
                0x00000185       0x2d CMakeFiles/BoardTest.dir/Core/Src/gpio.c.obj
 .ARM.attributes
                0x000001b2       0x2d CMakeFiles/BoardTest.dir/Core/Src/tim.c.obj
 .ARM.attributes
                0x000001df       0x2d CMakeFiles/BoardTest.dir/Core/Src/usart.c.obj
 .ARM.attributes
                0x0000020c       0x2d CMakeFiles/BoardTest.dir/Core/Src/stm32f1xx_it.c.obj
 .ARM.attributes
                0x00000239       0x2d CMakeFiles/BoardTest.dir/Core/Src/stm32f1xx_hal_msp.c.obj
 .ARM.attributes
                0x00000266       0x2d CMakeFiles/BoardTest.dir/Drivers/STM32F1xx_HAL_Driver/Src/stm32f1xx_hal.c.obj
 .ARM.attributes
                0x00000293       0x2d CMakeFiles/BoardTest.dir/Drivers/STM32F1xx_HAL_Driver/Src/stm32f1xx_hal_rcc.c.obj
 .ARM.attributes
                0x000002c0       0x2d CMakeFiles/BoardTest.dir/Drivers/STM32F1xx_HAL_Driver/Src/stm32f1xx_hal_rcc_ex.c.obj
 .ARM.attributes
                0x000002ed       0x2d CMakeFiles/BoardTest.dir/Drivers/STM32F1xx_HAL_Driver/Src/stm32f1xx_hal_gpio.c.obj
 .ARM.attributes
                0x0000031a       0x2d CMakeFiles/BoardTest.dir/Drivers/STM32F1xx_HAL_Driver/Src/stm32f1xx_hal_dma.c.obj
 .ARM.attributes
                0x00000347       0x2d CMakeFiles/BoardTest.dir/Drivers/STM32F1xx_HAL_Driver/Src/stm32f1xx_hal_cortex.c.obj
 .ARM.attributes
                0x00000374       0x2d CMakeFiles/BoardTest.dir/Drivers/STM32F1xx_HAL_Driver/Src/stm32f1xx_hal_tim.c.obj
 .ARM.attributes
                0x000003a1       0x2d CMakeFiles/BoardTest.dir/Drivers/STM32F1xx_HAL_Driver/Src/stm32f1xx_hal_tim_ex.c.obj
 .ARM.attributes
                0x000003ce       0x2d CMakeFiles/BoardTest.dir/Drivers/STM32F1xx_HAL_Driver/Src/stm32f1xx_hal_uart.c.obj
 .ARM.attributes
                0x000003fb       0x2d CMakeFiles/BoardTest.dir/Core/Src/system_stm32f1xx.c.obj
 .ARM.attributes
                0x00000428       0x21 CMakeFiles/BoardTest.dir/startup_stm32f103xb.s.obj
 .ARM.attributes
                0x00000449       0x17 C:/ST/STM32CubeCLT_1.21.0/GNU-tools-for-STM32/bin/../lib/gcc/arm-none-eabi/14.3.1/../../../../arm-none-eabi/lib/thumb/v7-m/nofp\libg_nano.a(libc_a-strlen.o)
 .ARM.attributes
                0x00000460       0x1d C:/ST/STM32CubeCLT_1.21.0/GNU-tools-for-STM32/bin/../lib/gcc/arm-none-eabi/14.3.1/thumb/v7-m/nofp/crtn.o

.comment        0x00000000       0x43
 .comment       0x00000000       0x43 CMakeFiles/BoardTest.dir/App/Src/board.c.obj
                                 0x44 (size before relaxing)
 .comment       0x00000043       0x44 CMakeFiles/BoardTest.dir/App/Src/app.c.obj
 .comment       0x00000043       0x44 CMakeFiles/BoardTest.dir/App/Src/interrupt.c.obj
 .comment       0x00000043       0x44 CMakeFiles/BoardTest.dir/Common/Src/log.c.obj
 .comment       0x00000043       0x44 CMakeFiles/BoardTest.dir/Core/Src/main.c.obj
 .comment       0x00000043       0x44 CMakeFiles/BoardTest.dir/Core/Src/gpio.c.obj
 .comment       0x00000043       0x44 CMakeFiles/BoardTest.dir/Core/Src/tim.c.obj
 .comment       0x00000043       0x44 CMakeFiles/BoardTest.dir/Core/Src/usart.c.obj
 .comment       0x00000043       0x44 CMakeFiles/BoardTest.dir/Core/Src/stm32f1xx_it.c.obj
 .comment       0x00000043       0x44 CMakeFiles/BoardTest.dir/Core/Src/stm32f1xx_hal_msp.c.obj
 .comment       0x00000043       0x44 CMakeFiles/BoardTest.dir/Drivers/STM32F1xx_HAL_Driver/Src/stm32f1xx_hal.c.obj
 .comment       0x00000043       0x44 CMakeFiles/BoardTest.dir/Drivers/STM32F1xx_HAL_Driver/Src/stm32f1xx_hal_rcc.c.obj
 .comment       0x00000043       0x44 CMakeFiles/BoardTest.dir/Drivers/STM32F1xx_HAL_Driver/Src/stm32f1xx_hal_rcc_ex.c.obj
 .comment       0x00000043       0x44 CMakeFiles/BoardTest.dir/Drivers/STM32F1xx_HAL_Driver/Src/stm32f1xx_hal_gpio.c.obj
 .comment       0x00000043       0x44 CMakeFiles/BoardTest.dir/Drivers/STM32F1xx_HAL_Driver/Src/stm32f1xx_hal_dma.c.obj
 .comment       0x00000043       0x44 CMakeFiles/BoardTest.dir/Drivers/STM32F1xx_HAL_Driver/Src/stm32f1xx_hal_cortex.c.obj
 .comment       0x00000043       0x44 CMakeFiles/BoardTest.dir/Drivers/STM32F1xx_HAL_Driver/Src/stm32f1xx_hal_tim.c.obj
 .comment       0x00000043       0x44 CMakeFiles/BoardTest.dir/Drivers/STM32F1xx_HAL_Driver/Src/stm32f1xx_hal_tim_ex.c.obj
 .comment       0x00000043       0x44 CMakeFiles/BoardTest.dir/Drivers/STM32F1xx_HAL_Driver/Src/stm32f1xx_hal_uart.c.obj
 .comment       0x00000043       0x44 CMakeFiles/BoardTest.dir/Core/Src/system_stm32f1xx.c.obj

.debug_frame    0x00000000     0x333c
 .debug_frame   0x00000000       0x20 C:/ST/STM32CubeCLT_1.21.0/GNU-tools-for-STM32/bin/../lib/gcc/arm-none-eabi/14.3.1/../../../../arm-none-eabi/lib/thumb/v7-m/nofp\libc_nano.a(libc_a-memset.o)
 .debug_frame   0x00000020       0x2c C:/ST/STM32CubeCLT_1.21.0/GNU-tools-for-STM32/bin/../lib/gcc/arm-none-eabi/14.3.1/../../../../arm-none-eabi/lib/thumb/v7-m/nofp\libc_nano.a(libc_a-init.o)
 .debug_frame   0x0000004c       0xd8 CMakeFiles/BoardTest.dir/App/Src/board.c.obj
 .debug_frame   0x00000124       0x90 CMakeFiles/BoardTest.dir/App/Src/app.c.obj
 .debug_frame   0x000001b4       0x58 CMakeFiles/BoardTest.dir/App/Src/interrupt.c.obj
 .debug_frame   0x0000020c       0xa0 CMakeFiles/BoardTest.dir/Common/Src/log.c.obj
 .debug_frame   0x000002ac       0x44 CMakeFiles/BoardTest.dir/Core/Src/main.c.obj
 .debug_frame   0x000002f0       0x34 CMakeFiles/BoardTest.dir/Core/Src/gpio.c.obj
 .debug_frame   0x00000324       0xe8 CMakeFiles/BoardTest.dir/Core/Src/tim.c.obj
 .debug_frame   0x0000040c       0xac CMakeFiles/BoardTest.dir/Core/Src/usart.c.obj
 .debug_frame   0x000004b8      0x1bc CMakeFiles/BoardTest.dir/Core/Src/stm32f1xx_it.c.obj
 .debug_frame   0x00000674       0x34 CMakeFiles/BoardTest.dir/Core/Src/stm32f1xx_hal_msp.c.obj
 .debug_frame   0x000006a8      0x2e4 CMakeFiles/BoardTest.dir/Drivers/STM32F1xx_HAL_Driver/Src/stm32f1xx_hal.c.obj
 .debug_frame   0x0000098c      0x1f8 CMakeFiles/BoardTest.dir/Drivers/STM32F1xx_HAL_Driver/Src/stm32f1xx_hal_rcc.c.obj
 .debug_frame   0x00000b84       0x7c CMakeFiles/BoardTest.dir/Drivers/STM32F1xx_HAL_Driver/Src/stm32f1xx_hal_rcc_ex.c.obj
 .debug_frame   0x00000c00      0x130 CMakeFiles/BoardTest.dir/Drivers/STM32F1xx_HAL_Driver/Src/stm32f1xx_hal_gpio.c.obj
 .debug_frame   0x00000d30      0x1e8 CMakeFiles/BoardTest.dir/Drivers/STM32F1xx_HAL_Driver/Src/stm32f1xx_hal_dma.c.obj
 .debug_frame   0x00000f18      0x3f0 CMakeFiles/BoardTest.dir/Drivers/STM32F1xx_HAL_Driver/Src/stm32f1xx_hal_cortex.c.obj
 .debug_frame   0x00001308     0x10e8 CMakeFiles/BoardTest.dir/Drivers/STM32F1xx_HAL_Driver/Src/stm32f1xx_hal_tim.c.obj
 .debug_frame   0x000023f0      0x600 CMakeFiles/BoardTest.dir/Drivers/STM32F1xx_HAL_Driver/Src/stm32f1xx_hal_tim_ex.c.obj
 .debug_frame   0x000029f0      0x8dc CMakeFiles/BoardTest.dir/Drivers/STM32F1xx_HAL_Driver/Src/stm32f1xx_hal_uart.c.obj
 .debug_frame   0x000032cc       0x50 CMakeFiles/BoardTest.dir/Core/Src/system_stm32f1xx.c.obj
 .debug_frame   0x0000331c       0x20 C:/ST/STM32CubeCLT_1.21.0/GNU-tools-for-STM32/bin/../lib/gcc/arm-none-eabi/14.3.1/../../../../arm-none-eabi/lib/thumb/v7-m/nofp\libg_nano.a(libc_a-strlen.o)

.debug_info     0x00000000     0xe682
 .debug_info    0x00000000      0xe1d CMakeFiles/BoardTest.dir/App/Src/board.c.obj
 .debug_info    0x00000e1d      0x8d3 CMakeFiles/BoardTest.dir/App/Src/app.c.obj
 .debug_info    0x000016f0      0xb32 CMakeFiles/BoardTest.dir/App/Src/interrupt.c.obj
 .debug_info    0x00002222      0x701 CMakeFiles/BoardTest.dir/Common/Src/log.c.obj
 .debug_info    0x00002923       0xfe CMakeFiles/BoardTest.dir/Core/Src/main.c.obj
 .debug_info    0x00002a21      0x2d3 CMakeFiles/BoardTest.dir/Core/Src/gpio.c.obj
 .debug_info    0x00002cf4      0xae6 CMakeFiles/BoardTest.dir/Core/Src/tim.c.obj
 .debug_info    0x000037da      0x9e0 CMakeFiles/BoardTest.dir/Core/Src/usart.c.obj
 .debug_info    0x000041ba      0x9d6 CMakeFiles/BoardTest.dir/Core/Src/stm32f1xx_it.c.obj
 .debug_info    0x00004b90      0x1f1 CMakeFiles/BoardTest.dir/Core/Src/stm32f1xx_hal_msp.c.obj
 .debug_info    0x00004d81      0x704 CMakeFiles/BoardTest.dir/Drivers/STM32F1xx_HAL_Driver/Src/stm32f1xx_hal.c.obj
 .debug_info    0x00005485      0x7d5 CMakeFiles/BoardTest.dir/Drivers/STM32F1xx_HAL_Driver/Src/stm32f1xx_hal_rcc.c.obj
 .debug_info    0x00005c5a      0x3c0 CMakeFiles/BoardTest.dir/Drivers/STM32F1xx_HAL_Driver/Src/stm32f1xx_hal_rcc_ex.c.obj
 .debug_info    0x0000601a      0x5ab CMakeFiles/BoardTest.dir/Drivers/STM32F1xx_HAL_Driver/Src/stm32f1xx_hal_gpio.c.obj
 .debug_info    0x000065c5      0x6d2 CMakeFiles/BoardTest.dir/Drivers/STM32F1xx_HAL_Driver/Src/stm32f1xx_hal_dma.c.obj
 .debug_info    0x00006c97      0xa87 CMakeFiles/BoardTest.dir/Drivers/STM32F1xx_HAL_Driver/Src/stm32f1xx_hal_cortex.c.obj
 .debug_info    0x0000771e     0x2959 CMakeFiles/BoardTest.dir/Drivers/STM32F1xx_HAL_Driver/Src/stm32f1xx_hal_tim.c.obj
 .debug_info    0x0000a077     0x149b CMakeFiles/BoardTest.dir/Drivers/STM32F1xx_HAL_Driver/Src/stm32f1xx_hal_tim_ex.c.obj
 .debug_info    0x0000b512     0x2eed CMakeFiles/BoardTest.dir/Drivers/STM32F1xx_HAL_Driver/Src/stm32f1xx_hal_uart.c.obj
 .debug_info    0x0000e3ff      0x222 CMakeFiles/BoardTest.dir/Core/Src/system_stm32f1xx.c.obj
 .debug_info    0x0000e621       0x30 CMakeFiles/BoardTest.dir/startup_stm32f103xb.s.obj
 .debug_info    0x0000e651       0x31 C:/ST/STM32CubeCLT_1.21.0/GNU-tools-for-STM32/bin/../lib/gcc/arm-none-eabi/14.3.1/../../../../arm-none-eabi/lib/thumb/v7-m/nofp\libg_nano.a(libc_a-strlen.o)

.debug_abbrev   0x00000000     0x27e0
 .debug_abbrev  0x00000000      0x273 CMakeFiles/BoardTest.dir/App/Src/board.c.obj
 .debug_abbrev  0x00000273      0x227 CMakeFiles/BoardTest.dir/App/Src/app.c.obj
 .debug_abbrev  0x0000049a      0x1f4 CMakeFiles/BoardTest.dir/App/Src/interrupt.c.obj
 .debug_abbrev  0x0000068e      0x1e6 CMakeFiles/BoardTest.dir/Common/Src/log.c.obj
 .debug_abbrev  0x00000874       0xc4 CMakeFiles/BoardTest.dir/Core/Src/main.c.obj
 .debug_abbrev  0x00000938      0x13f CMakeFiles/BoardTest.dir/Core/Src/gpio.c.obj
 .debug_abbrev  0x00000a77      0x248 CMakeFiles/BoardTest.dir/Core/Src/tim.c.obj
 .debug_abbrev  0x00000cbf      0x20b CMakeFiles/BoardTest.dir/Core/Src/usart.c.obj
 .debug_abbrev  0x00000eca      0x1b6 CMakeFiles/BoardTest.dir/Core/Src/stm32f1xx_it.c.obj
 .debug_abbrev  0x00001080       0xdb CMakeFiles/BoardTest.dir/Core/Src/stm32f1xx_hal_msp.c.obj
 .debug_abbrev  0x0000115b      0x201 CMakeFiles/BoardTest.dir/Drivers/STM32F1xx_HAL_Driver/Src/stm32f1xx_hal.c.obj
 .debug_abbrev  0x0000135c      0x2b3 CMakeFiles/BoardTest.dir/Drivers/STM32F1xx_HAL_Driver/Src/stm32f1xx_hal_rcc.c.obj
 .debug_abbrev  0x0000160f      0x188 CMakeFiles/BoardTest.dir/Drivers/STM32F1xx_HAL_Driver/Src/stm32f1xx_hal_rcc_ex.c.obj
 .debug_abbrev  0x00001797      0x1ca CMakeFiles/BoardTest.dir/Drivers/STM32F1xx_HAL_Driver/Src/stm32f1xx_hal_gpio.c.obj
 .debug_abbrev  0x00001961      0x20b CMakeFiles/BoardTest.dir/Drivers/STM32F1xx_HAL_Driver/Src/stm32f1xx_hal_dma.c.obj
 .debug_abbrev  0x00001b6c      0x2f8 CMakeFiles/BoardTest.dir/Drivers/STM32F1xx_HAL_Driver/Src/stm32f1xx_hal_cortex.c.obj
 .debug_abbrev  0x00001e64      0x277 CMakeFiles/BoardTest.dir/Drivers/STM32F1xx_HAL_Driver/Src/stm32f1xx_hal_tim.c.obj
 .debug_abbrev  0x000020db      0x282 CMakeFiles/BoardTest.dir/Drivers/STM32F1xx_HAL_Driver/Src/stm32f1xx_hal_tim_ex.c.obj
 .debug_abbrev  0x0000235d      0x2f8 CMakeFiles/BoardTest.dir/Drivers/STM32F1xx_HAL_Driver/Src/stm32f1xx_hal_uart.c.obj
 .debug_abbrev  0x00002655      0x13f CMakeFiles/BoardTest.dir/Core/Src/system_stm32f1xx.c.obj
 .debug_abbrev  0x00002794       0x24 CMakeFiles/BoardTest.dir/startup_stm32f103xb.s.obj
 .debug_abbrev  0x000027b8       0x28 C:/ST/STM32CubeCLT_1.21.0/GNU-tools-for-STM32/bin/../lib/gcc/arm-none-eabi/14.3.1/../../../../arm-none-eabi/lib/thumb/v7-m/nofp\libg_nano.a(libc_a-strlen.o)

.debug_aranges  0x00000000      0xd90
 .debug_aranges
                0x00000000       0x48 CMakeFiles/BoardTest.dir/App/Src/board.c.obj
 .debug_aranges
                0x00000048       0x38 CMakeFiles/BoardTest.dir/App/Src/app.c.obj
 .debug_aranges
                0x00000080       0x28 CMakeFiles/BoardTest.dir/App/Src/interrupt.c.obj
 .debug_aranges
                0x000000a8       0x38 CMakeFiles/BoardTest.dir/Common/Src/log.c.obj
 .debug_aranges
                0x000000e0       0x28 CMakeFiles/BoardTest.dir/Core/Src/main.c.obj
 .debug_aranges
                0x00000108       0x20 CMakeFiles/BoardTest.dir/Core/Src/gpio.c.obj
 .debug_aranges
                0x00000128       0x48 CMakeFiles/BoardTest.dir/Core/Src/tim.c.obj
 .debug_aranges
                0x00000170       0x40 CMakeFiles/BoardTest.dir/Core/Src/usart.c.obj
 .debug_aranges
                0x000001b0       0x98 CMakeFiles/BoardTest.dir/Core/Src/stm32f1xx_it.c.obj
 .debug_aranges
                0x00000248       0x20 CMakeFiles/BoardTest.dir/Core/Src/stm32f1xx_hal_msp.c.obj
 .debug_aranges
                0x00000268       0xe0 CMakeFiles/BoardTest.dir/Drivers/STM32F1xx_HAL_Driver/Src/stm32f1xx_hal.c.obj
 .debug_aranges
                0x00000348       0x90 CMakeFiles/BoardTest.dir/Drivers/STM32F1xx_HAL_Driver/Src/stm32f1xx_hal_rcc.c.obj
 .debug_aranges
                0x000003d8       0x30 CMakeFiles/BoardTest.dir/Drivers/STM32F1xx_HAL_Driver/Src/stm32f1xx_hal_rcc_ex.c.obj
 .debug_aranges
                0x00000408       0x58 CMakeFiles/BoardTest.dir/Drivers/STM32F1xx_HAL_Driver/Src/stm32f1xx_hal_gpio.c.obj
 .debug_aranges
                0x00000460       0x80 CMakeFiles/BoardTest.dir/Drivers/STM32F1xx_HAL_Driver/Src/stm32f1xx_hal_dma.c.obj
 .debug_aranges
                0x000004e0      0x100 CMakeFiles/BoardTest.dir/Drivers/STM32F1xx_HAL_Driver/Src/stm32f1xx_hal_cortex.c.obj
 .debug_aranges
                0x000005e0      0x3d0 CMakeFiles/BoardTest.dir/Drivers/STM32F1xx_HAL_Driver/Src/stm32f1xx_hal_tim.c.obj
 .debug_aranges
                0x000009b0      0x168 CMakeFiles/BoardTest.dir/Drivers/STM32F1xx_HAL_Driver/Src/stm32f1xx_hal_tim_ex.c.obj
 .debug_aranges
                0x00000b18      0x208 CMakeFiles/BoardTest.dir/Drivers/STM32F1xx_HAL_Driver/Src/stm32f1xx_hal_uart.c.obj
 .debug_aranges
                0x00000d20       0x28 CMakeFiles/BoardTest.dir/Core/Src/system_stm32f1xx.c.obj
 .debug_aranges
                0x00000d48       0x28 CMakeFiles/BoardTest.dir/startup_stm32f103xb.s.obj
 .debug_aranges
                0x00000d70       0x20 C:/ST/STM32CubeCLT_1.21.0/GNU-tools-for-STM32/bin/../lib/gcc/arm-none-eabi/14.3.1/../../../../arm-none-eabi/lib/thumb/v7-m/nofp\libg_nano.a(libc_a-strlen.o)

.debug_rnglists
                0x00000000      0xa67
 .debug_rnglists
                0x00000000       0x33 CMakeFiles/BoardTest.dir/App/Src/board.c.obj
 .debug_rnglists
                0x00000033       0x26 CMakeFiles/BoardTest.dir/App/Src/app.c.obj
 .debug_rnglists
                0x00000059       0x1b CMakeFiles/BoardTest.dir/App/Src/interrupt.c.obj
 .debug_rnglists
                0x00000074       0x26 CMakeFiles/BoardTest.dir/Common/Src/log.c.obj
 .debug_rnglists
                0x0000009a       0x19 CMakeFiles/BoardTest.dir/Core/Src/main.c.obj
 .debug_rnglists
                0x000000b3       0x14 CMakeFiles/BoardTest.dir/Core/Src/gpio.c.obj
 .debug_rnglists
                0x000000c7       0x37 CMakeFiles/BoardTest.dir/Core/Src/tim.c.obj
 .debug_rnglists
                0x000000fe       0x2d CMakeFiles/BoardTest.dir/Core/Src/usart.c.obj
 .debug_rnglists
                0x0000012b       0x6d CMakeFiles/BoardTest.dir/Core/Src/stm32f1xx_it.c.obj
 .debug_rnglists
                0x00000198       0x13 CMakeFiles/BoardTest.dir/Core/Src/stm32f1xx_hal_msp.c.obj
 .debug_rnglists
                0x000001ab       0xa3 CMakeFiles/BoardTest.dir/Drivers/STM32F1xx_HAL_Driver/Src/stm32f1xx_hal.c.obj
 .debug_rnglists
                0x0000024e       0x6c CMakeFiles/BoardTest.dir/Drivers/STM32F1xx_HAL_Driver/Src/stm32f1xx_hal_rcc.c.obj
 .debug_rnglists
                0x000002ba       0x21 CMakeFiles/BoardTest.dir/Drivers/STM32F1xx_HAL_Driver/Src/stm32f1xx_hal_rcc_ex.c.obj
 .debug_rnglists
                0x000002db       0x3f CMakeFiles/BoardTest.dir/Drivers/STM32F1xx_HAL_Driver/Src/stm32f1xx_hal_gpio.c.obj
 .debug_rnglists
                0x0000031a       0x64 CMakeFiles/BoardTest.dir/Drivers/STM32F1xx_HAL_Driver/Src/stm32f1xx_hal_dma.c.obj
 .debug_rnglists
                0x0000037e       0xbb CMakeFiles/BoardTest.dir/Drivers/STM32F1xx_HAL_Driver/Src/stm32f1xx_hal_cortex.c.obj
 .debug_rnglists
                0x00000439      0x31a CMakeFiles/BoardTest.dir/Drivers/STM32F1xx_HAL_Driver/Src/stm32f1xx_hal_tim.c.obj
 .debug_rnglists
                0x00000753      0x125 CMakeFiles/BoardTest.dir/Drivers/STM32F1xx_HAL_Driver/Src/stm32f1xx_hal_tim_ex.c.obj
 .debug_rnglists
                0x00000878      0x1bc CMakeFiles/BoardTest.dir/Drivers/STM32F1xx_HAL_Driver/Src/stm32f1xx_hal_uart.c.obj
 .debug_rnglists
                0x00000a34       0x1a CMakeFiles/BoardTest.dir/Core/Src/system_stm32f1xx.c.obj
 .debug_rnglists
                0x00000a4e       0x19 CMakeFiles/BoardTest.dir/startup_stm32f103xb.s.obj

.debug_macro    0x00000000    0x1957c
 .debug_macro   0x00000000      0x333 CMakeFiles/BoardTest.dir/App/Src/board.c.obj
 .debug_macro   0x00000333      0xacc CMakeFiles/BoardTest.dir/App/Src/board.c.obj
 .debug_macro   0x00000dff      0x227 CMakeFiles/BoardTest.dir/App/Src/board.c.obj
 .debug_macro   0x00001026       0x2e CMakeFiles/BoardTest.dir/App/Src/board.c.obj
 .debug_macro   0x00001054       0x22 CMakeFiles/BoardTest.dir/App/Src/board.c.obj
 .debug_macro   0x00001076       0x22 CMakeFiles/BoardTest.dir/App/Src/board.c.obj
 .debug_macro   0x00001098       0x8e CMakeFiles/BoardTest.dir/App/Src/board.c.obj
 .debug_macro   0x00001126       0x51 CMakeFiles/BoardTest.dir/App/Src/board.c.obj
 .debug_macro   0x00001177      0x103 CMakeFiles/BoardTest.dir/App/Src/board.c.obj
 .debug_macro   0x0000127a       0x6a CMakeFiles/BoardTest.dir/App/Src/board.c.obj
 .debug_macro   0x000012e4      0x1df CMakeFiles/BoardTest.dir/App/Src/board.c.obj
 .debug_macro   0x000014c3       0x1c CMakeFiles/BoardTest.dir/App/Src/board.c.obj
 .debug_macro   0x000014df       0x22 CMakeFiles/BoardTest.dir/App/Src/board.c.obj
 .debug_macro   0x00001501       0xbd CMakeFiles/BoardTest.dir/App/Src/board.c.obj
 .debug_macro   0x000015be      0xd23 CMakeFiles/BoardTest.dir/App/Src/board.c.obj
 .debug_macro   0x000022e1     0xe09e CMakeFiles/BoardTest.dir/App/Src/board.c.obj
 .debug_macro   0x0001037f       0x6d CMakeFiles/BoardTest.dir/App/Src/board.c.obj
 .debug_macro   0x000103ec     0x34a2 CMakeFiles/BoardTest.dir/App/Src/board.c.obj
 .debug_macro   0x0001388e      0x190 CMakeFiles/BoardTest.dir/App/Src/board.c.obj
 .debug_macro   0x00013a1e       0x5c CMakeFiles/BoardTest.dir/App/Src/board.c.obj
 .debug_macro   0x00013a7a      0x5bc CMakeFiles/BoardTest.dir/App/Src/board.c.obj
 .debug_macro   0x00014036      0x289 CMakeFiles/BoardTest.dir/App/Src/board.c.obj
 .debug_macro   0x000142bf      0x1cb CMakeFiles/BoardTest.dir/App/Src/board.c.obj
 .debug_macro   0x0001448a      0x114 CMakeFiles/BoardTest.dir/App/Src/board.c.obj
 .debug_macro   0x0001459e      0x1b2 CMakeFiles/BoardTest.dir/App/Src/board.c.obj
 .debug_macro   0x00014750       0x27 CMakeFiles/BoardTest.dir/App/Src/board.c.obj
 .debug_macro   0x00014777      0x136 CMakeFiles/BoardTest.dir/App/Src/board.c.obj
 .debug_macro   0x000148ad      0x1bc CMakeFiles/BoardTest.dir/App/Src/board.c.obj
 .debug_macro   0x00014a69       0x34 CMakeFiles/BoardTest.dir/App/Src/board.c.obj
 .debug_macro   0x00014a9d       0x3c CMakeFiles/BoardTest.dir/App/Src/board.c.obj
 .debug_macro   0x00014ad9       0x57 CMakeFiles/BoardTest.dir/App/Src/board.c.obj
 .debug_macro   0x00014b30      0x46a CMakeFiles/BoardTest.dir/App/Src/board.c.obj
 .debug_macro   0x00014f9a      0x1b5 CMakeFiles/BoardTest.dir/App/Src/board.c.obj
 .debug_macro   0x0001514f       0x87 CMakeFiles/BoardTest.dir/App/Src/board.c.obj
 .debug_macro   0x000151d6      0x240 CMakeFiles/BoardTest.dir/App/Src/board.c.obj
 .debug_macro   0x00015416       0x78 CMakeFiles/BoardTest.dir/App/Src/board.c.obj
 .debug_macro   0x0001548e      0x140 CMakeFiles/BoardTest.dir/App/Src/board.c.obj
 .debug_macro   0x000155ce      0x8ed CMakeFiles/BoardTest.dir/App/Src/board.c.obj
 .debug_macro   0x00015ebb      0x28e CMakeFiles/BoardTest.dir/App/Src/board.c.obj
 .debug_macro   0x00016149       0x83 CMakeFiles/BoardTest.dir/App/Src/board.c.obj
 .debug_macro   0x000161cc       0xd0 CMakeFiles/BoardTest.dir/App/Src/board.c.obj
 .debug_macro   0x0001629c       0x74 CMakeFiles/BoardTest.dir/App/Src/board.c.obj
 .debug_macro   0x00016310       0x24 CMakeFiles/BoardTest.dir/App/Src/board.c.obj
 .debug_macro   0x00016334       0x3c CMakeFiles/BoardTest.dir/App/Src/board.c.obj
 .debug_macro   0x00016370       0x34 CMakeFiles/BoardTest.dir/App/Src/board.c.obj
 .debug_macro   0x000163a4       0x16 CMakeFiles/BoardTest.dir/App/Src/board.c.obj
 .debug_macro   0x000163ba       0x3c CMakeFiles/BoardTest.dir/App/Src/board.c.obj
 .debug_macro   0x000163f6      0x364 CMakeFiles/BoardTest.dir/App/Src/board.c.obj
 .debug_macro   0x0001675a       0x10 CMakeFiles/BoardTest.dir/App/Src/board.c.obj
 .debug_macro   0x0001676a       0x16 CMakeFiles/BoardTest.dir/App/Src/board.c.obj
 .debug_macro   0x00016780       0x4a CMakeFiles/BoardTest.dir/App/Src/board.c.obj
 .debug_macro   0x000167ca       0x34 CMakeFiles/BoardTest.dir/App/Src/board.c.obj
 .debug_macro   0x000167fe       0x10 CMakeFiles/BoardTest.dir/App/Src/board.c.obj
 .debug_macro   0x0001680e       0x58 CMakeFiles/BoardTest.dir/App/Src/board.c.obj
 .debug_macro   0x00016866      0x1de CMakeFiles/BoardTest.dir/App/Src/board.c.obj
 .debug_macro   0x00016a44       0x16 CMakeFiles/BoardTest.dir/App/Src/board.c.obj
 .debug_macro   0x00016a5a       0x16 CMakeFiles/BoardTest.dir/App/Src/board.c.obj
 .debug_macro   0x00016a70      0x170 CMakeFiles/BoardTest.dir/App/Src/board.c.obj
 .debug_macro   0x00016be0       0x22 CMakeFiles/BoardTest.dir/App/Src/board.c.obj
 .debug_macro   0x00016c02       0x16 CMakeFiles/BoardTest.dir/App/Src/board.c.obj
 .debug_macro   0x00016c18       0x20 CMakeFiles/BoardTest.dir/App/Src/board.c.obj
 .debug_macro   0x00016c38       0x34 CMakeFiles/BoardTest.dir/App/Src/board.c.obj
 .debug_macro   0x00016c6c       0x28 CMakeFiles/BoardTest.dir/App/Src/board.c.obj
 .debug_macro   0x00016c94       0x10 CMakeFiles/BoardTest.dir/App/Src/board.c.obj
 .debug_macro   0x00016ca4      0x364 CMakeFiles/BoardTest.dir/App/Src/app.c.obj
 .debug_macro   0x00017008       0x1c CMakeFiles/BoardTest.dir/App/Src/app.c.obj
 .debug_macro   0x00017024      0x350 CMakeFiles/BoardTest.dir/App/Src/interrupt.c.obj
 .debug_macro   0x00017374       0x22 CMakeFiles/BoardTest.dir/App/Src/interrupt.c.obj
 .debug_macro   0x00017396      0x2e9 CMakeFiles/BoardTest.dir/Common/Src/log.c.obj
 .debug_macro   0x0001767f       0x10 CMakeFiles/BoardTest.dir/Common/Src/log.c.obj
 .debug_macro   0x0001768f       0x1c CMakeFiles/BoardTest.dir/Common/Src/log.c.obj
 .debug_macro   0x000176ab       0x1c CMakeFiles/BoardTest.dir/Common/Src/log.c.obj
 .debug_macro   0x000176c7      0x350 CMakeFiles/BoardTest.dir/Core/Src/main.c.obj
 .debug_macro   0x00017a17      0x1da CMakeFiles/BoardTest.dir/Core/Src/gpio.c.obj
 .debug_macro   0x00017bf1      0x1da CMakeFiles/BoardTest.dir/Core/Src/tim.c.obj
 .debug_macro   0x00017dcb      0x1da CMakeFiles/BoardTest.dir/Core/Src/usart.c.obj
 .debug_macro   0x00017fa5      0x1da CMakeFiles/BoardTest.dir/Core/Src/stm32f1xx_it.c.obj
 .debug_macro   0x0001817f      0x1d0 CMakeFiles/BoardTest.dir/Core/Src/stm32f1xx_hal_msp.c.obj
 .debug_macro   0x0001834f      0x1e5 CMakeFiles/BoardTest.dir/Drivers/STM32F1xx_HAL_Driver/Src/stm32f1xx_hal.c.obj
 .debug_macro   0x00018534      0x1d3 CMakeFiles/BoardTest.dir/Drivers/STM32F1xx_HAL_Driver/Src/stm32f1xx_hal_rcc.c.obj
 .debug_macro   0x00018707      0x1c1 CMakeFiles/BoardTest.dir/Drivers/STM32F1xx_HAL_Driver/Src/stm32f1xx_hal_rcc_ex.c.obj
 .debug_macro   0x000188c8      0x22c CMakeFiles/BoardTest.dir/Drivers/STM32F1xx_HAL_Driver/Src/stm32f1xx_hal_gpio.c.obj
 .debug_macro   0x00018af4      0x1c1 CMakeFiles/BoardTest.dir/Drivers/STM32F1xx_HAL_Driver/Src/stm32f1xx_hal_dma.c.obj
 .debug_macro   0x00018cb5      0x1c1 CMakeFiles/BoardTest.dir/Drivers/STM32F1xx_HAL_Driver/Src/stm32f1xx_hal_cortex.c.obj
 .debug_macro   0x00018e76      0x1c2 CMakeFiles/BoardTest.dir/Drivers/STM32F1xx_HAL_Driver/Src/stm32f1xx_hal_tim.c.obj
 .debug_macro   0x00019038      0x1c1 CMakeFiles/BoardTest.dir/Drivers/STM32F1xx_HAL_Driver/Src/stm32f1xx_hal_tim_ex.c.obj
 .debug_macro   0x000191f9      0x1c2 CMakeFiles/BoardTest.dir/Drivers/STM32F1xx_HAL_Driver/Src/stm32f1xx_hal_uart.c.obj
 .debug_macro   0x000193bb      0x1c1 CMakeFiles/BoardTest.dir/Core/Src/system_stm32f1xx.c.obj

.debug_line     0x00000000    0x11fa2
 .debug_line    0x00000000      0xa76 CMakeFiles/BoardTest.dir/App/Src/board.c.obj
 .debug_line    0x00000a76      0xa07 CMakeFiles/BoardTest.dir/App/Src/app.c.obj
 .debug_line    0x0000147d      0xa5c CMakeFiles/BoardTest.dir/App/Src/interrupt.c.obj
 .debug_line    0x00001ed9      0x980 CMakeFiles/BoardTest.dir/Common/Src/log.c.obj
 .debug_line    0x00002859      0x999 CMakeFiles/BoardTest.dir/Core/Src/main.c.obj
 .debug_line    0x000031f2      0x7bb CMakeFiles/BoardTest.dir/Core/Src/gpio.c.obj
 .debug_line    0x000039ad      0x974 CMakeFiles/BoardTest.dir/Core/Src/tim.c.obj
 .debug_line    0x00004321      0x8df CMakeFiles/BoardTest.dir/Core/Src/usart.c.obj
 .debug_line    0x00004c00      0x8d0 CMakeFiles/BoardTest.dir/Core/Src/stm32f1xx_it.c.obj
 .debug_line    0x000054d0      0x77a CMakeFiles/BoardTest.dir/Core/Src/stm32f1xx_hal_msp.c.obj
 .debug_line    0x00005c4a      0xa2c CMakeFiles/BoardTest.dir/Drivers/STM32F1xx_HAL_Driver/Src/stm32f1xx_hal.c.obj
 .debug_line    0x00006676      0xee2 CMakeFiles/BoardTest.dir/Drivers/STM32F1xx_HAL_Driver/Src/stm32f1xx_hal_rcc.c.obj
 .debug_line    0x00007558      0x993 CMakeFiles/BoardTest.dir/Drivers/STM32F1xx_HAL_Driver/Src/stm32f1xx_hal_rcc_ex.c.obj
 .debug_line    0x00007eeb      0xa83 CMakeFiles/BoardTest.dir/Drivers/STM32F1xx_HAL_Driver/Src/stm32f1xx_hal_gpio.c.obj
 .debug_line    0x0000896e      0xe33 CMakeFiles/BoardTest.dir/Drivers/STM32F1xx_HAL_Driver/Src/stm32f1xx_hal_dma.c.obj
 .debug_line    0x000097a1      0xbf3 CMakeFiles/BoardTest.dir/Drivers/STM32F1xx_HAL_Driver/Src/stm32f1xx_hal_cortex.c.obj
 .debug_line    0x0000a394     0x351d CMakeFiles/BoardTest.dir/Drivers/STM32F1xx_HAL_Driver/Src/stm32f1xx_hal_tim.c.obj
 .debug_line    0x0000d8b1     0x18ed CMakeFiles/BoardTest.dir/Drivers/STM32F1xx_HAL_Driver/Src/stm32f1xx_hal_tim_ex.c.obj
 .debug_line    0x0000f19e     0x2545 CMakeFiles/BoardTest.dir/Drivers/STM32F1xx_HAL_Driver/Src/stm32f1xx_hal_uart.c.obj
 .debug_line    0x000116e3      0x7f8 CMakeFiles/BoardTest.dir/Core/Src/system_stm32f1xx.c.obj
 .debug_line    0x00011edb       0x78 CMakeFiles/BoardTest.dir/startup_stm32f103xb.s.obj
 .debug_line    0x00011f53       0x4f C:/ST/STM32CubeCLT_1.21.0/GNU-tools-for-STM32/bin/../lib/gcc/arm-none-eabi/14.3.1/../../../../arm-none-eabi/lib/thumb/v7-m/nofp\libg_nano.a(libc_a-strlen.o)

.debug_str      0x00000000    0x8f93a
 .debug_str     0x00000000    0x8f93a CMakeFiles/BoardTest.dir/App/Src/board.c.obj
                              0x8c800 (size before relaxing)
 .debug_str     0x0008f93a    0x8c369 CMakeFiles/BoardTest.dir/App/Src/app.c.obj
 .debug_str     0x0008f93a    0x8c5f8 CMakeFiles/BoardTest.dir/App/Src/interrupt.c.obj
 .debug_str     0x0008f93a    0x8c041 CMakeFiles/BoardTest.dir/Common/Src/log.c.obj
 .debug_str     0x0008f93a    0x8bd91 CMakeFiles/BoardTest.dir/Core/Src/main.c.obj
 .debug_str     0x0008f93a    0x88a00 CMakeFiles/BoardTest.dir/Core/Src/gpio.c.obj
 .debug_str     0x0008f93a    0x892e2 CMakeFiles/BoardTest.dir/Core/Src/tim.c.obj
 .debug_str     0x0008f93a    0x89199 CMakeFiles/BoardTest.dir/Core/Src/usart.c.obj
 .debug_str     0x0008f93a    0x89155 CMakeFiles/BoardTest.dir/Core/Src/stm32f1xx_it.c.obj
 .debug_str     0x0008f93a    0x88988 CMakeFiles/BoardTest.dir/Core/Src/stm32f1xx_hal_msp.c.obj
 .debug_str     0x0008f93a    0x88db9 CMakeFiles/BoardTest.dir/Drivers/STM32F1xx_HAL_Driver/Src/stm32f1xx_hal.c.obj
 .debug_str     0x0008f93a    0x88ab5 CMakeFiles/BoardTest.dir/Drivers/STM32F1xx_HAL_Driver/Src/stm32f1xx_hal_rcc.c.obj
 .debug_str     0x0008f93a    0x88805 CMakeFiles/BoardTest.dir/Drivers/STM32F1xx_HAL_Driver/Src/stm32f1xx_hal_rcc_ex.c.obj
 .debug_str     0x0008f93a    0x88a0c CMakeFiles/BoardTest.dir/Drivers/STM32F1xx_HAL_Driver/Src/stm32f1xx_hal_gpio.c.obj
 .debug_str     0x0008f93a    0x88a2f CMakeFiles/BoardTest.dir/Drivers/STM32F1xx_HAL_Driver/Src/stm32f1xx_hal_dma.c.obj
 .debug_str     0x0008f93a    0x88d05 CMakeFiles/BoardTest.dir/Drivers/STM32F1xx_HAL_Driver/Src/stm32f1xx_hal_cortex.c.obj
 .debug_str     0x0008f93a    0x89ab7 CMakeFiles/BoardTest.dir/Drivers/STM32F1xx_HAL_Driver/Src/stm32f1xx_hal_tim.c.obj
 .debug_str     0x0008f93a    0x892c3 CMakeFiles/BoardTest.dir/Drivers/STM32F1xx_HAL_Driver/Src/stm32f1xx_hal_tim_ex.c.obj
 .debug_str     0x0008f93a    0x89126 CMakeFiles/BoardTest.dir/Drivers/STM32F1xx_HAL_Driver/Src/stm32f1xx_hal_uart.c.obj
 .debug_str     0x0008f93a    0x88686 CMakeFiles/BoardTest.dir/Core/Src/system_stm32f1xx.c.obj
 .debug_str     0x0008f93a       0xb4 CMakeFiles/BoardTest.dir/startup_stm32f103xb.s.obj
 .debug_str     0x0008f93a       0xef C:/ST/STM32CubeCLT_1.21.0/GNU-tools-for-STM32/bin/../lib/gcc/arm-none-eabi/14.3.1/../../../../arm-none-eabi/lib/thumb/v7-m/nofp\libg_nano.a(libc_a-strlen.o)

.debug_line_str
                0x00000000      0x172
 .debug_line_str
                0x00000000      0x172 CMakeFiles/BoardTest.dir/startup_stm32f103xb.s.obj
                                 0x98 (size before relaxing)
 .debug_line_str
                0x00000172       0xda C:/ST/STM32CubeCLT_1.21.0/GNU-tools-for-STM32/bin/../lib/gcc/arm-none-eabi/14.3.1/../../../../arm-none-eabi/lib/thumb/v7-m/nofp\libg_nano.a(libc_a-strlen.o)
