Archive member included to satisfy reference by file (symbol)

C:/ST/STM32CubeCLT_1.21.0/GNU-tools-for-STM32/bin/../lib/gcc/arm-none-eabi/14.3.1/../../../../arm-none-eabi/lib/thumb/v7-m/nofp\libc_nano.a(libc_a-exit.o)
                              C:/ST/STM32CubeCLT_1.21.0/GNU-tools-for-STM32/bin/../lib/gcc/arm-none-eabi/14.3.1/../../../../arm-none-eabi/lib/thumb/v7-m/nofp/crt0.o (exit)
C:/ST/STM32CubeCLT_1.21.0/GNU-tools-for-STM32/bin/../lib/gcc/arm-none-eabi/14.3.1/../../../../arm-none-eabi/lib/thumb/v7-m/nofp\libc_nano.a(libc_a-findfp.o)
                              C:/ST/STM32CubeCLT_1.21.0/GNU-tools-for-STM32/bin/../lib/gcc/arm-none-eabi/14.3.1/../../../../arm-none-eabi/lib/thumb/v7-m/nofp\libc_nano.a(libc_a-exit.o) (__stdio_exit_handler)
C:/ST/STM32CubeCLT_1.21.0/GNU-tools-for-STM32/bin/../lib/gcc/arm-none-eabi/14.3.1/../../../../arm-none-eabi/lib/thumb/v7-m/nofp\libc_nano.a(libc_a-fwalk.o)
                              C:/ST/STM32CubeCLT_1.21.0/GNU-tools-for-STM32/bin/../lib/gcc/arm-none-eabi/14.3.1/../../../../arm-none-eabi/lib/thumb/v7-m/nofp\libc_nano.a(libc_a-findfp.o) (_fwalk_sglue)
C:/ST/STM32CubeCLT_1.21.0/GNU-tools-for-STM32/bin/../lib/gcc/arm-none-eabi/14.3.1/../../../../arm-none-eabi/lib/thumb/v7-m/nofp\libc_nano.a(libc_a-stdio.o)
                              C:/ST/STM32CubeCLT_1.21.0/GNU-tools-for-STM32/bin/../lib/gcc/arm-none-eabi/14.3.1/../../../../arm-none-eabi/lib/thumb/v7-m/nofp\libc_nano.a(libc_a-findfp.o) (__sread)
C:/ST/STM32CubeCLT_1.21.0/GNU-tools-for-STM32/bin/../lib/gcc/arm-none-eabi/14.3.1/../../../../arm-none-eabi/lib/thumb/v7-m/nofp\libc_nano.a(libc_a-memset.o)
                              C:/ST/STM32CubeCLT_1.21.0/GNU-tools-for-STM32/bin/../lib/gcc/arm-none-eabi/14.3.1/../../../../arm-none-eabi/lib/thumb/v7-m/nofp/crt0.o (memset)
C:/ST/STM32CubeCLT_1.21.0/GNU-tools-for-STM32/bin/../lib/gcc/arm-none-eabi/14.3.1/../../../../arm-none-eabi/lib/thumb/v7-m/nofp\libc_nano.a(libc_a-closer.o)
                              C:/ST/STM32CubeCLT_1.21.0/GNU-tools-for-STM32/bin/../lib/gcc/arm-none-eabi/14.3.1/../../../../arm-none-eabi/lib/thumb/v7-m/nofp\libc_nano.a(libc_a-stdio.o) (_close_r)
C:/ST/STM32CubeCLT_1.21.0/GNU-tools-for-STM32/bin/../lib/gcc/arm-none-eabi/14.3.1/../../../../arm-none-eabi/lib/thumb/v7-m/nofp\libc_nano.a(libc_a-reent.o)
                              C:/ST/STM32CubeCLT_1.21.0/GNU-tools-for-STM32/bin/../lib/gcc/arm-none-eabi/14.3.1/../../../../arm-none-eabi/lib/thumb/v7-m/nofp\libc_nano.a(libc_a-closer.o) (errno)
C:/ST/STM32CubeCLT_1.21.0/GNU-tools-for-STM32/bin/../lib/gcc/arm-none-eabi/14.3.1/../../../../arm-none-eabi/lib/thumb/v7-m/nofp\libc_nano.a(libc_a-impure.o)
                              C:/ST/STM32CubeCLT_1.21.0/GNU-tools-for-STM32/bin/../lib/gcc/arm-none-eabi/14.3.1/../../../../arm-none-eabi/lib/thumb/v7-m/nofp\libc_nano.a(libc_a-reent.o) (_impure_ptr)
C:/ST/STM32CubeCLT_1.21.0/GNU-tools-for-STM32/bin/../lib/gcc/arm-none-eabi/14.3.1/../../../../arm-none-eabi/lib/thumb/v7-m/nofp\libc_nano.a(libc_a-lseekr.o)
                              C:/ST/STM32CubeCLT_1.21.0/GNU-tools-for-STM32/bin/../lib/gcc/arm-none-eabi/14.3.1/../../../../arm-none-eabi/lib/thumb/v7-m/nofp\libc_nano.a(libc_a-stdio.o) (_lseek_r)
C:/ST/STM32CubeCLT_1.21.0/GNU-tools-for-STM32/bin/../lib/gcc/arm-none-eabi/14.3.1/../../../../arm-none-eabi/lib/thumb/v7-m/nofp\libc_nano.a(libc_a-readr.o)
                              C:/ST/STM32CubeCLT_1.21.0/GNU-tools-for-STM32/bin/../lib/gcc/arm-none-eabi/14.3.1/../../../../arm-none-eabi/lib/thumb/v7-m/nofp\libc_nano.a(libc_a-stdio.o) (_read_r)
C:/ST/STM32CubeCLT_1.21.0/GNU-tools-for-STM32/bin/../lib/gcc/arm-none-eabi/14.3.1/../../../../arm-none-eabi/lib/thumb/v7-m/nofp\libc_nano.a(libc_a-writer.o)
                              C:/ST/STM32CubeCLT_1.21.0/GNU-tools-for-STM32/bin/../lib/gcc/arm-none-eabi/14.3.1/../../../../arm-none-eabi/lib/thumb/v7-m/nofp\libc_nano.a(libc_a-stdio.o) (_write_r)
C:/ST/STM32CubeCLT_1.21.0/GNU-tools-for-STM32/bin/../lib/gcc/arm-none-eabi/14.3.1/../../../../arm-none-eabi/lib/thumb/v7-m/nofp\libc_nano.a(libc_a-init.o)
                              C:/ST/STM32CubeCLT_1.21.0/GNU-tools-for-STM32/bin/../lib/gcc/arm-none-eabi/14.3.1/../../../../arm-none-eabi/lib/thumb/v7-m/nofp/crt0.o (__libc_init_array)
C:/ST/STM32CubeCLT_1.21.0/GNU-tools-for-STM32/bin/../lib/gcc/arm-none-eabi/14.3.1/../../../../arm-none-eabi/lib/thumb/v7-m/nofp\libc_nano.a(libc_a-lock.o)
                              C:/ST/STM32CubeCLT_1.21.0/GNU-tools-for-STM32/bin/../lib/gcc/arm-none-eabi/14.3.1/../../../../arm-none-eabi/lib/thumb/v7-m/nofp\libc_nano.a(libc_a-findfp.o) (__retarget_lock_init_recursive)
C:/ST/STM32CubeCLT_1.21.0/GNU-tools-for-STM32/bin/../lib/gcc/arm-none-eabi/14.3.1/../../../../arm-none-eabi/lib/thumb/v7-m/nofp\libc_nano.a(libc_a-freer.o)
                              C:/ST/STM32CubeCLT_1.21.0/GNU-tools-for-STM32/bin/../lib/gcc/arm-none-eabi/14.3.1/../../../../arm-none-eabi/lib/thumb/v7-m/nofp\libc_nano.a(libc_a-reent.o) (_free_r)
[...]
Memory Configuration

Name             Origin             Length             Attributes
RAM              0x20000000         0x00005000         xrw
FLASH            0x08000000         0x00010000         xr
*default*        0x00000000         0xffffffff

Linker script and memory map

LOAD C:/ST/STM32CubeCLT_1.21.0/GNU-tools-for-STM32/bin/../lib/gcc/arm-none-eabi/14.3.1/thumb/v7-m/nofp/crti.o
LOAD C:/ST/STM32CubeCLT_1.21.0/GNU-tools-for-STM32/bin/../lib/gcc/arm-none-eabi/14.3.1/thumb/v7-m/nofp/crtbegin.o
LOAD C:/ST/STM32CubeCLT_1.21.0/GNU-tools-for-STM32/bin/../lib/gcc/arm-none-eabi/14.3.1/../../../../arm-none-eabi/lib/thumb/v7-m/nofp/crt0.o
START GROUP
LOAD C:/ST/STM32CubeCLT_1.21.0/GNU-tools-for-STM32/bin/../lib/gcc/arm-none-eabi/14.3.1/../../../../arm-none-eabi/lib/thumb/v7-m/nofp\libc_nano.a
LOAD C:/ST/STM32CubeCLT_1.21.0/GNU-tools-for-STM32/bin/../lib/gcc/arm-none-eabi/14.3.1/../../../../arm-none-eabi/lib/thumb/v7-m/nofp\libm.a
END GROUP
LOAD CMakeFiles/BoardTest.dir/App/Src/board.c.obj
LOAD CMakeFiles/BoardTest.dir/App/Src/Pump.c.obj
LOAD CMakeFiles/BoardTest.dir/App/Src/app.c.obj
LOAD CMakeFiles/BoardTest.dir/App/Src/interrupt.c.obj
LOAD CMakeFiles/BoardTest.dir/Common/Src/log.c.obj
LOAD CMakeFiles/BoardTest.dir/Common/Src/calculator.c.obj
LOAD CMakeFiles/BoardTest.dir/Core/Src/main.c.obj
LOAD CMakeFiles/BoardTest.dir/Core/Src/gpio.c.obj
LOAD CMakeFiles/BoardTest.dir/Core/Src/adc.c.obj
LOAD CMakeFiles/BoardTest.dir/Core/Src/iwdg.c.obj
LOAD CMakeFiles/BoardTest.dir/Core/Src/tim.c.obj
LOAD CMakeFiles/BoardTest.dir/Core/Src/usart.c.obj
LOAD CMakeFiles/BoardTest.dir/Core/Src/stm32f1xx_it.c.obj
LOAD CMakeFiles/BoardTest.dir/Core/Src/stm32f1xx_hal_msp.c.obj
LOAD CMakeFiles/BoardTest.dir/Drivers/STM32F1xx_HAL_Driver/Src/stm32f1xx_hal_gpio_ex.c.obj
LOAD CMakeFiles/BoardTest.dir/Drivers/STM32F1xx_HAL_Driver/Src/stm32f1xx_hal_adc.c.obj
LOAD CMakeFiles/BoardTest.dir/Drivers/STM32F1xx_HAL_Driver/Src/stm32f1xx_hal_adc_ex.c.obj
LOAD CMakeFiles/BoardTest.dir/Drivers/STM32F1xx_HAL_Driver/Src/stm32f1xx_hal.c.obj
LOAD CMakeFiles/BoardTest.dir/Drivers/STM32F1xx_HAL_Driver/Src/stm32f1xx_hal_rcc.c.obj
LOAD CMakeFiles/BoardTest.dir/Drivers/STM32F1xx_HAL_Driver/Src/stm32f1xx_hal_rcc_ex.c.obj
LOAD CMakeFiles/BoardTest.dir/Drivers/STM32F1xx_HAL_Driver/Src/stm32f1xx_hal_gpio.c.obj
LOAD CMakeFiles/BoardTest.dir/Drivers/STM32F1xx_HAL_Driver/Src/stm32f1xx_hal_dma.c.obj
LOAD CMakeFiles/BoardTest.dir/Drivers/STM32F1xx_HAL_Driver/Src/stm32f1xx_hal_cortex.c.obj
LOAD CMakeFiles/BoardTest.dir/Drivers/STM32F1xx_HAL_Driver/Src/stm32f1xx_hal_pwr.c.obj
LOAD CMakeFiles/BoardTest.dir/Drivers/STM32F1xx_HAL_Driver/Src/stm32f1xx_hal_flash.c.obj
LOAD CMakeFiles/BoardTest.dir/Drivers/STM32F1xx_HAL_Driver/Src/stm32f1xx_hal_flash_ex.c.obj
LOAD CMakeFiles/BoardTest.dir/Drivers/STM32F1xx_HAL_Driver/Src/stm32f1xx_hal_exti.c.obj
LOAD CMakeFiles/BoardTest.dir/Drivers/STM32F1xx_HAL_Driver/Src/stm32f1xx_hal_iwdg.c.obj
LOAD CMakeFiles/BoardTest.dir/Drivers/STM32F1xx_HAL_Driver/Src/stm32f1xx_hal_tim.c.obj
LOAD CMakeFiles/BoardTest.dir/Drivers/STM32F1xx_HAL_Driver/Src/stm32f1xx_hal_tim_ex.c.obj
LOAD CMakeFiles/BoardTest.dir/Drivers/STM32F1xx_HAL_Driver/Src/stm32f1xx_hal_uart.c.obj
LOAD CMakeFiles/BoardTest.dir/Core/Src/system_stm32f1xx.c.obj
LOAD CMakeFiles/BoardTest.dir/Core/Src/sysmem.c.obj
LOAD CMakeFiles/BoardTest.dir/Core/Src/syscalls.c.obj
LOAD CMakeFiles/BoardTest.dir/startup_stm32f103xb.s.obj
START GROUP
LOAD C:/ST/STM32CubeCLT_1.21.0/GNU-tools-for-STM32/bin/../lib/gcc/arm-none-eabi/14.3.1/thumb/v7-m/nofp\libgcc.a
LOAD C:/ST/STM32CubeCLT_1.21.0/GNU-tools-for-STM32/bin/../lib/gcc/arm-none-eabi/14.3.1/../../../../arm-none-eabi/lib/thumb/v7-m/nofp\libg_nano.a
LOAD C:/ST/STM32CubeCLT_1.21.0/GNU-tools-for-STM32/bin/../lib/gcc/arm-none-eabi/14.3.1/../../../../arm-none-eabi/lib/thumb/v7-m/nofp\libc_nano.a
END GROUP
START GROUP
LOAD C:/ST/STM32CubeCLT_1.21.0/GNU-tools-for-STM32/bin/../lib/gcc/arm-none-eabi/14.3.1/thumb/v7-m/nofp\libgcc.a
LOAD C:/ST/STM32CubeCLT_1.21.0/GNU-tools-for-STM32/bin/../lib/gcc/arm-none-eabi/14.3.1/../../../../arm-none-eabi/lib/thumb/v7-m/nofp\libc_nano.a
END GROUP
LOAD C:/ST/STM32CubeCLT_1.21.0/GNU-tools-for-STM32/bin/../lib/gcc/arm-none-eabi/14.3.1/thumb/v7-m/nofp/crtend.o
LOAD C:/ST/STM32CubeCLT_1.21.0/GNU-tools-for-STM32/bin/../lib/gcc/arm-none-eabi/14.3.1/thumb/v7-m/nofp/crtn.o
                0x20005000                        _estack = (ORIGIN (RAM) + LENGTH (RAM))
                0x00000c00                        _Min_Heap_Size = 0xc00
                0x00000c00                        _Min_Stack_Size = 0xc00

.isr_vector     0x08000000      0x10c
                0x08000000                        . = ALIGN (0x4)
 *(.isr_vector)
 .isr_vector    0x08000000      0x10c CMakeFiles/BoardTest.dir/startup_stm32f103xb.s.obj
                0x08000000                g_pfnVectors
                0x0800010c                        . = ALIGN (0x4)

.text           0x0800010c     0x50a4
                0x0800010c                        . = ALIGN (0x4)
 *(.text)
 .text          0x0800010c       0x40 C:/ST/STM32CubeCLT_1.21.0/GNU-tools-for-STM32/bin/../lib/gcc/arm-none-eabi/14.3.1/thumb/v7-m/nofp/crtbegin.o
 .text          0x0800014c       0x10 C:/ST/STM32CubeCLT_1.21.0/GNU-tools-for-STM32/bin/../lib/gcc/arm-none-eabi/14.3.1/../../../../arm-none-eabi/lib/thumb/v7-m/nofp\libg_nano.a(libc_a-strlen.o)
                0x0800014c                strlen
 *(.text*)
 .text.std      0x0800015c       0x6c C:/ST/STM32CubeCLT_1.21.0/GNU-tools-for-STM32/bin/../lib/gcc/arm-none-eabi/14.3.1/../../../../arm-none-eabi/lib/thumb/v7-m/nofp\libc_nano.a(libc_a-findfp.o)
 .text.stdio_exit_handler
                0x080001c8       0x18 C:/ST/STM32CubeCLT_1.21.0/GNU-tools-for-STM32/bin/../lib/gcc/arm-none-eabi/14.3.1/../../../../arm-none-eabi/lib/thumb/v7-m/nofp\libc_nano.a(libc_a-findfp.o)
 .text.cleanup_stdio
                0x080001e0       0x40 C:/ST/STM32CubeCLT_1.21.0/GNU-tools-for-STM32/bin/../lib/gcc/arm-none-eabi/14.3.1/../../../../arm-none-eabi/lib/thumb/v7-m/nofp\libc_nano.a(libc_a-findfp.o)
 .text.global_stdio_init.part.0
                0x08000220       0x40 C:/ST/STM32CubeCLT_1.21.0/GNU-tools-for-STM32/bin/../lib/gcc/arm-none-eabi/14.3.1/../../../../arm-none-eabi/lib/thumb/v7-m/nofp\libc_nano.a(libc_a-findfp.o)
 .text.__sfp_lock_acquire
                0x08000260        0xc C:/ST/STM32CubeCLT_1.21.0/GNU-tools-for-STM32/bin/../lib/gcc/arm-none-eabi/14.3.1/../../../../arm-none-eabi/lib/thumb/v7-m/nofp\libc_nano.a(libc_a-findfp.o)
                0x08000260                __sfp_lock_acquire
 .text.__sfp_lock_release
                0x0800026c        0xc C:/ST/STM32CubeCLT_1.21.0/GNU-tools-for-STM32/bin/../lib/gcc/arm-none-eabi/14.3.1/../../../../arm-none-eabi/lib/thumb/v7-m/nofp\libc_nano.a(libc_a-findfp.o)
                0x0800026c                __sfp_lock_release
 .text.__sinit  0x08000278       0x30 C:/ST/STM32CubeCLT_1.21.0/GNU-tools-for-STM32/bin/../lib/gcc/arm-none-eabi/14.3.1/../../../../arm-none-eabi/lib/thumb/v7-m/nofp\libc_nano.a(libc_a-findfp.o)
                0x08000278                __sinit
 .text._fwalk_sglue
                0x080002a8       0x3c C:/ST/STM32CubeCLT_1.21.0/GNU-tools-for-STM32/bin/../lib/gcc/arm-none-eabi/14.3.1/../../../../arm-none-eabi/lib/thumb/v7-m/nofp\libc_nano.a(libc_a-fwalk.o)
                0x080002a8                _fwalk_sglue
 .text.__sread  0x080002e4       0x22 C:/ST/STM32CubeCLT_1.21.0/GNU-tools-for-STM32/bin/../lib/gcc/arm-none-eabi/14.3.1/../../../../arm-none-eabi/lib/thumb/v7-m/nofp\libc_nano.a(libc_a-stdio.o)
                0x080002e4                __sread
 .text.__swrite
                0x08000306       0x38 C:/ST/STM32CubeCLT_1.21.0/GNU-tools-for-STM32/bin/../lib/gcc/arm-none-eabi/14.3.1/../../../../arm-none-eabi/lib/thumb/v7-m/nofp\libc_nano.a(libc_a-stdio.o)
                0x08000306                __swrite
 .text.__sseek  0x0800033e       0x26 C:/ST/STM32CubeCLT_1.21.0/GNU-tools-for-STM32/bin/../lib/gcc/arm-none-eabi/14.3.1/../../../../arm-none-eabi/lib/thumb/v7-m/nofp\libc_nano.a(libc_a-stdio.o)
                0x0800033e                __sseek
 .text.__sclose
                0x08000364        0x8 C:/ST/STM32CubeCLT_1.21.0/GNU-tools-for-STM32/bin/../lib/gcc/arm-none-eabi/14.3.1/../../../../arm-none-eabi/lib/thumb/v7-m/nofp\libc_nano.a(libc_a-stdio.o)
                0x08000364                __sclose
 .text.memset   0x0800036c       0x10 C:/ST/STM32CubeCLT_1.21.0/GNU-tools-for-STM32/bin/../lib/gcc/arm-none-eabi/14.3.1/../../../../arm-none-eabi/lib/thumb/v7-m/nofp\libc_nano.a(libc_a-memset.o)
                0x0800036c                memset
 .text._close_r
                0x0800037c       0x20 C:/ST/STM32CubeCLT_1.21.0/GNU-tools-for-STM32/bin/../lib/gcc/arm-none-eabi/14.3.1/../../../../arm-none-eabi/lib/thumb/v7-m/nofp\libc_nano.a(libc_a-closer.o)
                0x0800037c                _close_r
 .text._lseek_r
                0x0800039c       0x24 C:/ST/STM32CubeCLT_1.21.0/GNU-tools-for-STM32/bin/../lib/gcc/arm-none-eabi/14.3.1/../../../../arm-none-eabi/lib/thumb/v7-m/nofp\libc_nano.a(libc_a-lseekr.o)
                0x0800039c                _lseek_r
 .text._read_r  0x080003c0       0x24 C:/ST/STM32CubeCLT_1.21.0/GNU-tools-for-STM32/bin/../lib/gcc/arm-none-eabi/14.3.1/../../../../arm-none-eabi/lib/thumb/v7-m/nofp\libc_nano.a(libc_a-readr.o)
                0x080003c0                _read_r
 .text._write_r
                0x080003e4       0x24 C:/ST/STM32CubeCLT_1.21.0/GNU-tools-for-STM32/bin/../lib/gcc/arm-none-eabi/14.3.1/../../../../arm-none-eabi/lib/thumb/v7-m/nofp\libc_nano.a(libc_a-writer.o)
                0x080003e4                _write_r
 .text.__libc_init_array
                0x08000408       0x48 C:/ST/STM32CubeCLT_1.21.0/GNU-tools-for-STM32/bin/../lib/gcc/arm-none-eabi/14.3.1/../../../../arm-none-eabi/lib/thumb/v7-m/nofp\libc_nano.a(libc_a-init.o)
                0x08000408                __libc_init_array
 .text.__retarget_lock_init_recursive
                0x08000450        0x2 C:/ST/STM32CubeCLT_1.21.0/GNU-tools-for-STM32/bin/../lib/gcc/arm-none-eabi/14.3.1/../../../../arm-none-eabi/lib/thumb/v7-m/nofp\libc_nano.a(libc_a-lock.o)
                0x08000450                __retarget_lock_init_recursive
 .text.__retarget_lock_acquire_recursive
                0x08000452        0x2 C:/ST/STM32CubeCLT_1.21.0/GNU-tools-for-STM32/bin/../lib/gcc/arm-none-eabi/14.3.1/../../../../arm-none-eabi/lib/thumb/v7-m/nofp\libc_nano.a(libc_a-lock.o)
                0x08000452                __retarget_lock_acquire_recursive
 .text.__retarget_lock_release_recursive
                0x08000454        0x2 C:/ST/STM32CubeCLT_1.21.0/GNU-tools-for-STM32/bin/../lib/gcc/arm-none-eabi/14.3.1/../../../../arm-none-eabi/lib/thumb/v7-m/nofp\libc_nano.a(libc_a-lock.o)
                0x08000454                __retarget_lock_release_recursive
 *fill*         0x08000456        0x2 
 .text._free_r  0x08000458       0x90 C:/ST/STM32CubeCLT_1.21.0/GNU-tools-for-STM32/bin/../lib/gcc/arm-none-eabi/14.3.1/../../../../arm-none-eabi/lib/thumb/v7-m/nofp\libc_nano.a(libc_a-freer.o)
                0x08000458                _free_r
 .text.sbrk_aligned
                0x080004e8       0x44 C:/ST/STM32CubeCLT_1.21.0/GNU-tools-for-STM32/bin/../lib/gcc/arm-none-eabi/14.3.1/../../../../arm-none-eabi/lib/thumb/v7-m/nofp\libc_nano.a(libc_a-mallocr.o)
 .text._malloc_r
                0x0800052c      0x100 C:/ST/STM32CubeCLT_1.21.0/GNU-tools-for-STM32/bin/../lib/gcc/arm-none-eabi/14.3.1/../../../../arm-none-eabi/lib/thumb/v7-m/nofp\libc_nano.a(libc_a-mallocr.o)
                0x0800052c                _malloc_r
 .text.__malloc_lock
                0x0800062c        0xc C:/ST/STM32CubeCLT_1.21.0/GNU-tools-for-STM32/bin/../lib/gcc/arm-none-eabi/14.3.1/../../../../arm-none-eabi/lib/thumb/v7-m/nofp\libc_nano.a(libc_a-mlock.o)
                0x0800062c                __malloc_lock
 .text.__malloc_unlock
                0x08000638        0xc C:/ST/STM32CubeCLT_1.21.0/GNU-tools-for-STM32/bin/../lib/gcc/arm-none-eabi/14.3.1/../../../../arm-none-eabi/lib/thumb/v7-m/nofp\libc_nano.a(libc_a-mlock.o)
                0x08000638                __malloc_unlock
 .text.__sflush_r
                0x08000644       0xfc C:/ST/STM32CubeCLT_1.21.0/GNU-tools-for-STM32/bin/../lib/gcc/arm-none-eabi/14.3.1/../../../../arm-none-eabi/lib/thumb/v7-m/nofp\libc_nano.a(libc_a-fflush.o)
                0x08000644                __sflush_r
 .text._fflush_r
                0x08000740       0x50 C:/ST/STM32CubeCLT_1.21.0/GNU-tools-for-STM32/bin/../lib/gcc/arm-none-eabi/14.3.1/../../../../arm-none-eabi/lib/thumb/v7-m/nofp\libc_nano.a(libc_a-fflush.o)
                0x08000740                _fflush_r
 .text._sbrk_r  0x08000790       0x20 C:/ST/STM32CubeCLT_1.21.0/GNU-tools-for-STM32/bin/../lib/gcc/arm-none-eabi/14.3.1/../../../../arm-none-eabi/lib/thumb/v7-m/nofp\libc_nano.a(libc_a-sbrkr.o)
                0x08000790                _sbrk_r
 .text.SystemClock_Config
                0x080007b0       0xba CMakeFiles/BoardTest.dir/App/Src/board.c.obj
                0x080007b0                SystemClock_Config
 *fill*         0x0800086a        0x2 
 .text.StartUp  0x0800086c      0x1f0 CMakeFiles/BoardTest.dir/App/Src/board.c.obj
                0x0800086c                StartUp
 .text.WDT_Clear
                0x08000a5c        0xc CMakeFiles/BoardTest.dir/App/Src/board.c.obj
                0x08000a5c                WDT_Clear
 .text.Input_Init
                0x08000a68       0xa8 CMakeFiles/BoardTest.dir/App/Src/board.c.obj
                0x08000a68                Input_Init
 .text.OutputN_Init
                0x08000b10       0x70 CMakeFiles/BoardTest.dir/App/Src/board.c.obj
                0x08000b10                OutputN_Init
 .text.OutputP_Init
                0x08000b80       0x6c CMakeFiles/BoardTest.dir/App/Src/board.c.obj
                0x08000b80                OutputP_Init
 .text.SetupInit
                0x08000bec       0x14 CMakeFiles/BoardTest.dir/App/Src/board.c.obj
                0x08000bec                SetupInit
 .text.OutputRun
                0x08000c00       0x74 CMakeFiles/BoardTest.dir/App/Src/Pump.c.obj
                0x08000c00                OutputRun
 .text.OutputDisplay
                0x08000c74       0xec CMakeFiles/BoardTest.dir/App/Src/Pump.c.obj
                0x08000c74                OutputDisplay
 .text.Random   0x08000d60       0x2c CMakeFiles/BoardTest.dir/App/Src/Pump.c.obj
                0x08000d60                Random
 .text.OutputCalTime
                0x08000d8c      0x160 CMakeFiles/BoardTest.dir/App/Src/Pump.c.obj
                0x08000d8c                OutputCalTime
 .text.RS485_SendBuffer
                0x08000eec       0xac CMakeFiles/BoardTest.dir/App/Src/app.c.obj
                0x08000eec                RS485_SendBuffer
 .text.RS485_SendStr
                0x08000f98       0x28 CMakeFiles/BoardTest.dir/App/Src/app.c.obj
                0x08000f98                RS485_SendStr
 .text.RS485_CH1_Process
                0x08000fc0       0x68 CMakeFiles/BoardTest.dir/App/Src/app.c.obj
                0x08000fc0                RS485_CH1_Process
 .text.RS485_CH3_Process
                0x08001028       0x68 CMakeFiles/BoardTest.dir/App/Src/app.c.obj
                0x08001028                RS485_CH3_Process
 .text.HAL_TIM_PeriodElapsedCallback
                0x08001090      0x120 CMakeFiles/BoardTest.dir/App/Src/interrupt.c.obj
                0x08001090                HAL_TIM_PeriodElapsedCallback
 .text.HAL_UART_RxCpltCallback
                0x080011b0      0x134 CMakeFiles/BoardTest.dir/App/Src/interrupt.c.obj
                0x080011b0                HAL_UART_RxCpltCallback
 .text.DBG_SendBuffer
                0x080012e4       0x24 CMakeFiles/BoardTest.dir/Common/Src/log.c.obj
                0x080012e4                DBG_SendBuffer
 .text.DBG_SendStr
                0x08001308       0x22 CMakeFiles/BoardTest.dir/Common/Src/log.c.obj
                0x08001308                DBG_SendStr
 *fill*         0x0800132a        0x2 
 .text.main     0x0800132c       0x54 CMakeFiles/BoardTest.dir/Core/Src/main.c.obj
                0x0800132c                main
 .text.Error_Handler
                0x08001380        0xc CMakeFiles/BoardTest.dir/Core/Src/main.c.obj
                0x08001380                Error_Handler
 .text.MX_GPIO_Init
                0x0800138c      0x154 CMakeFiles/BoardTest.dir/Core/Src/gpio.c.obj
                0x0800138c                MX_GPIO_Init
 .text.MX_TIM1_Init
                0x080014e0       0xa0 CMakeFiles/BoardTest.dir/Core/Src/tim.c.obj
                0x080014e0                MX_TIM1_Init
 .text.MX_TIM2_Init
                0x08001580       0x98 CMakeFiles/BoardTest.dir/Core/Src/tim.c.obj
                0x08001580                MX_TIM2_Init
 .text.MX_TIM3_Init
                0x08001618       0x9c CMakeFiles/BoardTest.dir/Core/Src/tim.c.obj
                0x08001618                MX_TIM3_Init
 .text.MX_TIM4_Init
                0x080016b4       0x9c CMakeFiles/BoardTest.dir/Core/Src/tim.c.obj
                0x080016b4                MX_TIM4_Init
 .text.HAL_TIM_Base_MspInit
                0x08001750       0xf0 CMakeFiles/BoardTest.dir/Core/Src/tim.c.obj
                0x08001750                HAL_TIM_Base_MspInit
 .text.MX_USART1_UART_Init
                0x08001840       0x54 CMakeFiles/BoardTest.dir/Core/Src/usart.c.obj
                0x08001840                MX_USART1_UART_Init
 .text.MX_USART2_UART_Init
                0x08001894       0x54 CMakeFiles/BoardTest.dir/Core/Src/usart.c.obj
                0x08001894                MX_USART2_UART_Init
 .text.MX_USART3_UART_Init
                0x080018e8       0x54 CMakeFiles/BoardTest.dir/Core/Src/usart.c.obj
                0x080018e8                MX_USART3_UART_Init
 .text.HAL_UART_MspInit
                0x0800193c      0x1b0 CMakeFiles/BoardTest.dir/Core/Src/usart.c.obj
                0x0800193c                HAL_UART_MspInit
 .text.NMI_Handler
                0x08001aec        0x8 CMakeFiles/BoardTest.dir/Core/Src/stm32f1xx_it.c.obj
                0x08001aec                NMI_Handler
 .text.HardFault_Handler
                0x08001af4        0x8 CMakeFiles/BoardTest.dir/Core/Src/stm32f1xx_it.c.obj
                0x08001af4                HardFault_Handler
 .text.MemManage_Handler
                0x08001afc        0x8 CMakeFiles/BoardTest.dir/Core/Src/stm32f1xx_it.c.obj
                0x08001afc                MemManage_Handler
 .text.BusFault_Handler
                0x08001b04        0x8 CMakeFiles/BoardTest.dir/Core/Src/stm32f1xx_it.c.obj
                0x08001b04                BusFault_Handler
 .text.UsageFault_Handler
                0x08001b0c        0x8 CMakeFiles/BoardTest.dir/Core/Src/stm32f1xx_it.c.obj
                0x08001b0c                UsageFault_Handler
 .text.SVC_Handler
                0x08001b14        0xc CMakeFiles/BoardTest.dir/Core/Src/stm32f1xx_it.c.obj
                0x08001b14                SVC_Handler
 .text.DebugMon_Handler
                0x08001b20        0xc CMakeFiles/BoardTest.dir/Core/Src/stm32f1xx_it.c.obj
                0x08001b20                DebugMon_Handler
 .text.PendSV_Handler
                0x08001b2c        0xc CMakeFiles/BoardTest.dir/Core/Src/stm32f1xx_it.c.obj
                0x08001b2c                PendSV_Handler
 .text.SysTick_Handler
                0x08001b38        0xc CMakeFiles/BoardTest.dir/Core/Src/stm32f1xx_it.c.obj
                0x08001b38                SysTick_Handler
 .text.TIM1_UP_IRQHandler
                0x08001b44       0x14 CMakeFiles/BoardTest.dir/Core/Src/stm32f1xx_it.c.obj
                0x08001b44                TIM1_UP_IRQHandler
 .text.TIM2_IRQHandler
                0x08001b58       0x14 CMakeFiles/BoardTest.dir/Core/Src/stm32f1xx_it.c.obj
                0x08001b58                TIM2_IRQHandler
 .text.TIM3_IRQHandler
                0x08001b6c       0x14 CMakeFiles/BoardTest.dir/Core/Src/stm32f1xx_it.c.obj
                0x08001b6c                TIM3_IRQHandler
 .text.TIM4_IRQHandler
                0x08001b80       0x14 CMakeFiles/BoardTest.dir/Core/Src/stm32f1xx_it.c.obj
                0x08001b80                TIM4_IRQHandler
 .text.USART1_IRQHandler
                0x08001b94       0x14 CMakeFiles/BoardTest.dir/Core/Src/stm32f1xx_it.c.obj
                0x08001b94                USART1_IRQHandler
 .text.USART2_IRQHandler
                0x08001ba8       0x14 CMakeFiles/BoardTest.dir/Core/Src/stm32f1xx_it.c.obj
                0x08001ba8                USART2_IRQHandler
 .text.USART3_IRQHandler
                0x08001bbc       0x14 CMakeFiles/BoardTest.dir/Core/Src/stm32f1xx_it.c.obj
                0x08001bbc                USART3_IRQHandler
 .text.HAL_MspInit
                0x08001bd0       0x64 CMakeFiles/BoardTest.dir/Core/Src/stm32f1xx_hal_msp.c.obj
                0x08001bd0                HAL_MspInit
 .text.HAL_Init
                0x08001c34       0x2c CMakeFiles/BoardTest.dir/Drivers/STM32F1xx_HAL_Driver/Src/stm32f1xx_hal.c.obj
                0x08001c34                HAL_Init
 .text.HAL_InitTick
                0x08001c60       0x60 CMakeFiles/BoardTest.dir/Drivers/STM32F1xx_HAL_Driver/Src/stm32f1xx_hal.c.obj
                0x08001c60                HAL_InitTick
 .text.HAL_IncTick
                0x08001cc0       0x24 CMakeFiles/BoardTest.dir/Drivers/STM32F1xx_HAL_Driver/Src/stm32f1xx_hal.c.obj
                0x08001cc0                HAL_IncTick
 .text.HAL_GetTick
                0x08001ce4       0x14 CMakeFiles/BoardTest.dir/Drivers/STM32F1xx_HAL_Driver/Src/stm32f1xx_hal.c.obj
                0x08001ce4                HAL_GetTick
 .text.HAL_Delay
                0x08001cf8       0x48 CMakeFiles/BoardTest.dir/Drivers/STM32F1xx_HAL_Driver/Src/stm32f1xx_hal.c.obj
                0x08001cf8                HAL_Delay
 .text.HAL_RCC_OscConfig
                0x08001d40      0x504 CMakeFiles/BoardTest.dir/Drivers/STM32F1xx_HAL_Driver/Src/stm32f1xx_hal_rcc.c.obj
                0x08001d40                HAL_RCC_OscConfig
 .text.HAL_RCC_ClockConfig
                0x08002244      0x1d4 CMakeFiles/BoardTest.dir/Drivers/STM32F1xx_HAL_Driver/Src/stm32f1xx_hal_rcc.c.obj
                0x08002244                HAL_RCC_ClockConfig
 .text.HAL_RCC_GetSysClockFreq
                0x08002418       0xa8 CMakeFiles/BoardTest.dir/Drivers/STM32F1xx_HAL_Driver/Src/stm32f1xx_hal_rcc.c.obj
                0x08002418                HAL_RCC_GetSysClockFreq
 .text.HAL_RCC_GetHCLKFreq
                0x080024c0       0x14 CMakeFiles/BoardTest.dir/Drivers/STM32F1xx_HAL_Driver/Src/stm32f1xx_hal_rcc.c.obj
                0x080024c0                HAL_RCC_GetHCLKFreq
 .text.HAL_RCC_GetPCLK1Freq
                0x080024d4       0x28 CMakeFiles/BoardTest.dir/Drivers/STM32F1xx_HAL_Driver/Src/stm32f1xx_hal_rcc.c.obj
                0x080024d4                HAL_RCC_GetPCLK1Freq
 .text.HAL_RCC_GetPCLK2Freq
                0x080024fc       0x28 CMakeFiles/BoardTest.dir/Drivers/STM32F1xx_HAL_Driver/Src/stm32f1xx_hal_rcc.c.obj
                0x080024fc                HAL_RCC_GetPCLK2Freq
 .text.RCC_Delay
                0x08002524       0x3c CMakeFiles/BoardTest.dir/Drivers/STM32F1xx_HAL_Driver/Src/stm32f1xx_hal_rcc.c.obj
 .text.HAL_RCCEx_PeriphCLKConfig
                0x08002560      0x16c CMakeFiles/BoardTest.dir/Drivers/STM32F1xx_HAL_Driver/Src/stm32f1xx_hal_rcc_ex.c.obj
                0x08002560                HAL_RCCEx_PeriphCLKConfig
 .text.HAL_GPIO_Init
                0x080026cc      0x308 CMakeFiles/BoardTest.dir/Drivers/STM32F1xx_HAL_Driver/Src/stm32f1xx_hal_gpio.c.obj
                0x080026cc                HAL_GPIO_Init
 .text.HAL_GPIO_WritePin
                0x080029d4       0x30 CMakeFiles/BoardTest.dir/Drivers/STM32F1xx_HAL_Driver/Src/stm32f1xx_hal_gpio.c.obj
                0x080029d4                HAL_GPIO_WritePin
 .text.HAL_DMA_Abort
                0x08002a04       0x76 CMakeFiles/BoardTest.dir/Drivers/STM32F1xx_HAL_Driver/Src/stm32f1xx_hal_dma.c.obj
                0x08002a04                HAL_DMA_Abort
 *fill*         0x08002a7a        0x2 
 .text.HAL_DMA_Abort_IT
                0x08002a7c       0xf0 CMakeFiles/BoardTest.dir/Drivers/STM32F1xx_HAL_Driver/Src/stm32f1xx_hal_dma.c.obj
                0x08002a7c                HAL_DMA_Abort_IT
 .text.__NVIC_SetPriorityGrouping
                0x08002b6c       0x48 CMakeFiles/BoardTest.dir/Drivers/STM32F1xx_HAL_Driver/Src/stm32f1xx_hal_cortex.c.obj
 .text.__NVIC_GetPriorityGrouping
                0x08002bb4       0x1c CMakeFiles/BoardTest.dir/Drivers/STM32F1xx_HAL_Driver/Src/stm32f1xx_hal_cortex.c.obj
 .text.__NVIC_EnableIRQ
                0x08002bd0       0x38 CMakeFiles/BoardTest.dir/Drivers/STM32F1xx_HAL_Driver/Src/stm32f1xx_hal_cortex.c.obj
 .text.__NVIC_SetPriority
                0x08002c08       0x54 CMakeFiles/BoardTest.dir/Drivers/STM32F1xx_HAL_Driver/Src/stm32f1xx_hal_cortex.c.obj
 .text.NVIC_EncodePriority
                0x08002c5c       0x64 CMakeFiles/BoardTest.dir/Drivers/STM32F1xx_HAL_Driver/Src/stm32f1xx_hal_cortex.c.obj
 .text.SysTick_Config
                0x08002cc0       0x44 CMakeFiles/BoardTest.dir/Drivers/STM32F1xx_HAL_Driver/Src/stm32f1xx_hal_cortex.c.obj
 .text.HAL_NVIC_SetPriorityGrouping
                0x08002d04       0x16 CMakeFiles/BoardTest.dir/Drivers/STM32F1xx_HAL_Driver/Src/stm32f1xx_hal_cortex.c.obj
                0x08002d04                HAL_NVIC_SetPriorityGrouping
 .text.HAL_NVIC_SetPriority
                0x08002d1a       0x38 CMakeFiles/BoardTest.dir/Drivers/STM32F1xx_HAL_Driver/Src/stm32f1xx_hal_cortex.c.obj
                0x08002d1a                HAL_NVIC_SetPriority
 .text.HAL_NVIC_EnableIRQ
                0x08002d52       0x1c CMakeFiles/BoardTest.dir/Drivers/STM32F1xx_HAL_Driver/Src/stm32f1xx_hal_cortex.c.obj
                0x08002d52                HAL_NVIC_EnableIRQ
 .text.HAL_SYSTICK_Config
                0x08002d6e       0x18 CMakeFiles/BoardTest.dir/Drivers/STM32F1xx_HAL_Driver/Src/stm32f1xx_hal_cortex.c.obj
                0x08002d6e                HAL_SYSTICK_Config
 .text.HAL_TIM_Base_Init
                0x08002d86       0x9e CMakeFiles/BoardTest.dir/Drivers/STM32F1xx_HAL_Driver/Src/stm32f1xx_hal_tim.c.obj
                0x08002d86                HAL_TIM_Base_Init
 .text.HAL_TIM_Base_Start_IT
                0x08002e24       0xa4 CMakeFiles/BoardTest.dir/Drivers/STM32F1xx_HAL_Driver/Src/stm32f1xx_hal_tim.c.obj
                0x08002e24                HAL_TIM_Base_Start_IT
 .text.HAL_TIM_IRQHandler
                0x08002ec8      0x1e0 CMakeFiles/BoardTest.dir/Drivers/STM32F1xx_HAL_Driver/Src/stm32f1xx_hal_tim.c.obj
                0x08002ec8                HAL_TIM_IRQHandler
 .text.HAL_TIM_ConfigClockSource
                0x080030a8      0x18e CMakeFiles/BoardTest.dir/Drivers/STM32F1xx_HAL_Driver/Src/stm32f1xx_hal_tim.c.obj
                0x080030a8                HAL_TIM_ConfigClockSource
 .text.HAL_TIM_OC_DelayElapsedCallback
                0x08003236       0x12 CMakeFiles/BoardTest.dir/Drivers/STM32F1xx_HAL_Driver/Src/stm32f1xx_hal_tim.c.obj
                0x08003236                HAL_TIM_OC_DelayElapsedCallback
 .text.HAL_TIM_IC_CaptureCallback
                0x08003248       0x12 CMakeFiles/BoardTest.dir/Drivers/STM32F1xx_HAL_Driver/Src/stm32f1xx_hal_tim.c.obj
                0x08003248                HAL_TIM_IC_CaptureCallback
 .text.HAL_TIM_PWM_PulseFinishedCallback
                0x0800325a       0x12 CMakeFiles/BoardTest.dir/Drivers/STM32F1xx_HAL_Driver/Src/stm32f1xx_hal_tim.c.obj
                0x0800325a                HAL_TIM_PWM_PulseFinishedCallback
 .text.HAL_TIM_TriggerCallback
                0x0800326c       0x12 CMakeFiles/BoardTest.dir/Drivers/STM32F1xx_HAL_Driver/Src/stm32f1xx_hal_tim.c.obj
                0x0800326c                HAL_TIM_TriggerCallback
 *fill*         0x0800327e        0x2 
 .text.TIM_Base_SetConfig
                0x08003280       0xdc CMakeFiles/BoardTest.dir/Drivers/STM32F1xx_HAL_Driver/Src/stm32f1xx_hal_tim.c.obj
                0x08003280                TIM_Base_SetConfig
 .text.TIM_TI1_ConfigInputStage
                0x0800335c       0x5c CMakeFiles/BoardTest.dir/Drivers/STM32F1xx_HAL_Driver/Src/stm32f1xx_hal_tim.c.obj
 .text.TIM_TI2_ConfigInputStage
                0x080033b8       0x5e CMakeFiles/BoardTest.dir/Drivers/STM32F1xx_HAL_Driver/Src/stm32f1xx_hal_tim.c.obj
 .text.TIM_ITRx_SetConfig
                0x08003416       0x34 CMakeFiles/BoardTest.dir/Drivers/STM32F1xx_HAL_Driver/Src/stm32f1xx_hal_tim.c.obj
 .text.TIM_ETR_SetConfig
                0x0800344a       0x3e CMakeFiles/BoardTest.dir/Drivers/STM32F1xx_HAL_Driver/Src/stm32f1xx_hal_tim.c.obj
                0x0800344a                TIM_ETR_SetConfig
 .text.HAL_TIMEx_MasterConfigSynchronization
                0x08003488       0xbc CMakeFiles/BoardTest.dir/Drivers/STM32F1xx_HAL_Driver/Src/stm32f1xx_hal_tim_ex.c.obj
                0x08003488                HAL_TIMEx_MasterConfigSynchronization
 .text.HAL_TIMEx_CommutCallback
                0x08003544       0x12 CMakeFiles/BoardTest.dir/Drivers/STM32F1xx_HAL_Driver/Src/stm32f1xx_hal_tim_ex.c.obj
                0x08003544                HAL_TIMEx_CommutCallback
 .text.HAL_TIMEx_BreakCallback
                0x08003556       0x12 CMakeFiles/BoardTest.dir/Drivers/STM32F1xx_HAL_Driver/Src/stm32f1xx_hal_tim_ex.c.obj
                0x08003556                HAL_TIMEx_BreakCallback
 .text.HAL_UART_Init
                0x08003568       0xa0 CMakeFiles/BoardTest.dir/Drivers/STM32F1xx_HAL_Driver/Src/stm32f1xx_hal_uart.c.obj
                0x08003568                HAL_UART_Init
 .text.HAL_UART_Transmit
                0x08003608      0x116 CMakeFiles/BoardTest.dir/Drivers/STM32F1xx_HAL_Driver/Src/stm32f1xx_hal_uart.c.obj
                0x08003608                HAL_UART_Transmit
 .text.HAL_UART_Receive_IT
                0x0800371e       0x4a CMakeFiles/BoardTest.dir/Drivers/STM32F1xx_HAL_Driver/Src/stm32f1xx_hal_uart.c.obj
                0x0800371e                HAL_UART_Receive_IT
 .text.HAL_UART_IRQHandler
                0x08003768      0x524 CMakeFiles/BoardTest.dir/Drivers/STM32F1xx_HAL_Driver/Src/stm32f1xx_hal_uart.c.obj
                0x08003768                HAL_UART_IRQHandler
 .text.HAL_UART_TxCpltCallback
                0x08003c8c       0x12 CMakeFiles/BoardTest.dir/Drivers/STM32F1xx_HAL_Driver/Src/stm32f1xx_hal_uart.c.obj
                0x08003c8c                HAL_UART_TxCpltCallback
 .text.HAL_UART_ErrorCallback
                0x08003c9e       0x12 CMakeFiles/BoardTest.dir/Drivers/STM32F1xx_HAL_Driver/Src/stm32f1xx_hal_uart.c.obj
                0x08003c9e                HAL_UART_ErrorCallback
 .text.HAL_UARTEx_RxEventCallback
                0x08003cb0       0x16 CMakeFiles/BoardTest.dir/Drivers/STM32F1xx_HAL_Driver/Src/stm32f1xx_hal_uart.c.obj
                0x08003cb0                HAL_UARTEx_RxEventCallback
 .text.UART_WaitOnFlagUntilTimeout
                0x08003cc6       0xb2 CMakeFiles/BoardTest.dir/Drivers/STM32F1xx_HAL_Driver/Src/stm32f1xx_hal_uart.c.obj
 .text.UART_Start_Receive_IT
                0x08003d78       0x72 CMakeFiles/BoardTest.dir/Drivers/STM32F1xx_HAL_Driver/Src/stm32f1xx_hal_uart.c.obj
                0x08003d78                UART_Start_Receive_IT
 .text.UART_EndRxTransfer
                0x08003dea       0xc4 CMakeFiles/BoardTest.dir/Drivers/STM32F1xx_HAL_Driver/Src/stm32f1xx_hal_uart.c.obj
 .text.UART_DMAAbortOnError
                0x08003eae       0x28 CMakeFiles/BoardTest.dir/Drivers/STM32F1xx_HAL_Driver/Src/stm32f1xx_hal_uart.c.obj
 .text.UART_Transmit_IT
                0x08003ed6       0x9e CMakeFiles/BoardTest.dir/Drivers/STM32F1xx_HAL_Driver/Src/stm32f1xx_hal_uart.c.obj
 .text.UART_EndTransmit_IT
                0x08003f74       0x30 CMakeFiles/BoardTest.dir/Drivers/STM32F1xx_HAL_Driver/Src/stm32f1xx_hal_uart.c.obj
 .text.UART_Receive_IT
                0x08003fa4      0x17c CMakeFiles/BoardTest.dir/Drivers/STM32F1xx_HAL_Driver/Src/stm32f1xx_hal_uart.c.obj
 .text.UART_SetConfig
                0x08004120      0x11c CMakeFiles/BoardTest.dir/Drivers/STM32F1xx_HAL_Driver/Src/stm32f1xx_hal_uart.c.obj
 .text.SystemInit
                0x0800423c        0xc CMakeFiles/BoardTest.dir/Core/Src/system_stm32f1xx.c.obj
                0x0800423c                SystemInit
 .text._sbrk    0x08004248       0x6c CMakeFiles/BoardTest.dir/Core/Src/sysmem.c.obj
                0x08004248                _sbrk
 .text._getpid  0x080042b4        0xe CMakeFiles/BoardTest.dir/Core/Src/syscalls.c.obj
                0x080042b4                _getpid
 .text._kill    0x080042c2       0x20 CMakeFiles/BoardTest.dir/Core/Src/syscalls.c.obj
                0x080042c2                _kill
 .text._exit    0x080042e2       0x16 CMakeFiles/BoardTest.dir/Core/Src/syscalls.c.obj
                0x080042e2                _exit
 .text._read    0x080042f8       0x3a CMakeFiles/BoardTest.dir/Core/Src/syscalls.c.obj
                0x080042f8                _read
 .text._write   0x08004332       0x38 CMakeFiles/BoardTest.dir/Core/Src/syscalls.c.obj
                0x08004332                _write
 .text._close   0x0800436a       0x16 CMakeFiles/BoardTest.dir/Core/Src/syscalls.c.obj
                0x0800436a                _close
 .text._fstat   0x08004380       0x1e CMakeFiles/BoardTest.dir/Core/Src/syscalls.c.obj
                0x08004380                _fstat
 .text._isatty  0x0800439e       0x14 CMakeFiles/BoardTest.dir/Core/Src/syscalls.c.obj
                0x0800439e                _isatty
 .text._lseek   0x080043b2       0x18 CMakeFiles/BoardTest.dir/Core/Src/syscalls.c.obj
                0x080043b2                _lseek
 *fill*         0x080043ca        0x2 
 .text.Reset_Handler
                0x080043cc       0x48 CMakeFiles/BoardTest.dir/startup_stm32f103xb.s.obj
                0x080043cc                Reset_Handler
 .text.Default_Handler
                0x08004414        0x2 CMakeFiles/BoardTest.dir/startup_stm32f103xb.s.obj
                0x08004414                RTC_Alarm_IRQHandler
                0x08004414                EXTI2_IRQHandler
                0x08004414                TIM1_CC_IRQHandler
                0x08004414                PVD_IRQHandler
                0x08004414                EXTI3_IRQHandler
                0x08004414                EXTI0_IRQHandler
                0x08004414                I2C2_EV_IRQHandler
                0x08004414                ADC1_2_IRQHandler
                0x08004414                SPI1_IRQHandler
                0x08004414                TAMPER_IRQHandler
                0x08004414                DMA1_Channel4_IRQHandler
                0x08004414                RTC_IRQHandler
                0x08004414                DMA1_Channel7_IRQHandler
                0x08004414                CAN1_RX1_IRQHandler
                0x08004414                I2C1_EV_IRQHandler
                0x08004414                DMA1_Channel6_IRQHandler
                0x08004414                RCC_IRQHandler
                0x08004414                TIM1_TRG_COM_IRQHandler
                0x08004414                DMA1_Channel1_IRQHandler
                0x08004414                Default_Handler
                0x08004414                EXTI15_10_IRQHandler
                0x08004414                EXTI9_5_IRQHandler
                0x08004414                SPI2_IRQHandler
                0x08004414                DMA1_Channel5_IRQHandler
                0x08004414                EXTI4_IRQHandler
                0x08004414                USB_LP_CAN1_RX0_IRQHandler
                0x08004414                USB_HP_CAN1_TX_IRQHandler
                0x08004414                DMA1_Channel3_IRQHandler
                0x08004414                WWDG_IRQHandler
                0x08004414                TIM1_BRK_IRQHandler
                0x08004414                EXTI1_IRQHandler
                0x08004414                I2C2_ER_IRQHandler
                0x08004414                DMA1_Channel2_IRQHandler
                0x08004414                CAN1_SCE_IRQHandler
                0x08004414                FLASH_IRQHandler
                0x08004414                I2C1_ER_IRQHandler
                0x08004414                USBWakeUp_IRQHandler
 *fill*         0x08004416        0x2 
 .text.srand    0x08004418       0x5c C:/ST/STM32CubeCLT_1.21.0/GNU-tools-for-STM32/bin/../lib/gcc/arm-none-eabi/14.3.1/../../../../arm-none-eabi/lib/thumb/v7-m/nofp\libg_nano.a(libc_a-rand.o)
                0x08004418                srand
 .text.rand     0x08004474       0x7c C:/ST/STM32CubeCLT_1.21.0/GNU-tools-for-STM32/bin/../lib/gcc/arm-none-eabi/14.3.1/../../../../arm-none-eabi/lib/thumb/v7-m/nofp\libg_nano.a(libc_a-rand.o)
                0x08004474                rand
 .text.sprintf  0x080044f0       0x44 C:/ST/STM32CubeCLT_1.21.0/GNU-tools-for-STM32/bin/../lib/gcc/arm-none-eabi/14.3.1/../../../../arm-none-eabi/lib/thumb/v7-m/nofp\libg_nano.a(libc_a-sprintf.o)
                0x080044f0                siprintf
                0x080044f0                sprintf
 .text.__errno  0x08004534        0xc C:/ST/STM32CubeCLT_1.21.0/GNU-tools-for-STM32/bin/../lib/gcc/arm-none-eabi/14.3.1/../../../../arm-none-eabi/lib/thumb/v7-m/nofp\libg_nano.a(libc_a-errno.o)
                0x08004534                __errno
 .text.__assert_func
                0x08004540       0x3c C:/ST/STM32CubeCLT_1.21.0/GNU-tools-for-STM32/bin/../lib/gcc/arm-none-eabi/14.3.1/../../../../arm-none-eabi/lib/thumb/v7-m/nofp\libg_nano.a(libc_a-assert.o)
                0x08004540                __assert_func
 .text.malloc   0x0800457c       0x10 C:/ST/STM32CubeCLT_1.21.0/GNU-tools-for-STM32/bin/../lib/gcc/arm-none-eabi/14.3.1/../../../../arm-none-eabi/lib/thumb/v7-m/nofp\libg_nano.a(libc_a-malloc.o)
                0x0800457c                malloc
 .text.__ssputs_r
                0x0800458c       0xc0 C:/ST/STM32CubeCLT_1.21.0/GNU-tools-for-STM32/bin/../lib/gcc/arm-none-eabi/14.3.1/../../../../arm-none-eabi/lib/thumb/v7-m/nofp\libg_nano.a(libc_a-nano-svfprintf.o)
                0x0800458c                __ssputs_r
 .text._svfprintf_r
                0x0800464c      0x1f0 C:/ST/STM32CubeCLT_1.21.0/GNU-tools-for-STM32/bin/../lib/gcc/arm-none-eabi/14.3.1/../../../../arm-none-eabi/lib/thumb/v7-m/nofp\libg_nano.a(libc_a-nano-svfprintf.o)
                0x0800464c                _svfiprintf_r
                0x0800464c                _svfprintf_r
 .text._printf_common
                0x0800483c       0xe4 C:/ST/STM32CubeCLT_1.21.0/GNU-tools-for-STM32/bin/../lib/gcc/arm-none-eabi/14.3.1/../../../../arm-none-eabi/lib/thumb/v7-m/nofp\libg_nano.a(libc_a-nano-vfprintf_i.o)
                0x0800483c                _printf_common
 .text._printf_i
                0x08004920      0x24c C:/ST/STM32CubeCLT_1.21.0/GNU-tools-for-STM32/bin/../lib/gcc/arm-none-eabi/14.3.1/../../../../arm-none-eabi/lib/thumb/v7-m/nofp\libg_nano.a(libc_a-nano-vfprintf_i.o)
                0x08004920                _printf_i
 .text.fprintf  0x08004b6c       0x24 C:/ST/STM32CubeCLT_1.21.0/GNU-tools-for-STM32/bin/../lib/gcc/arm-none-eabi/14.3.1/../../../../arm-none-eabi/lib/thumb/v7-m/nofp\libg_nano.a(libc_a-fprintf.o)
                0x08004b6c                fiprintf
                0x08004b6c                fprintf
 .text.memmove  0x08004b90       0x32 C:/ST/STM32CubeCLT_1.21.0/GNU-tools-for-STM32/bin/../lib/gcc/arm-none-eabi/14.3.1/../../../../arm-none-eabi/lib/thumb/v7-m/nofp\libg_nano.a(libc_a-memmove.o)
                0x08004b90                memmove
 .text.memchr   0x08004bc2       0x1c C:/ST/STM32CubeCLT_1.21.0/GNU-tools-for-STM32/bin/../lib/gcc/arm-none-eabi/14.3.1/../../../../arm-none-eabi/lib/thumb/v7-m/nofp\libg_nano.a(libc_a-memchr-stub.o)
                0x08004bc2                memchr
 .text.memcpy   0x08004bde       0x1c C:/ST/STM32CubeCLT_1.21.0/GNU-tools-for-STM32/bin/../lib/gcc/arm-none-eabi/14.3.1/../../../../arm-none-eabi/lib/thumb/v7-m/nofp\libg_nano.a(libc_a-memcpy-stub.o)
                0x08004bde                memcpy
 .text.abort    0x08004bfa        0xe C:/ST/STM32CubeCLT_1.21.0/GNU-tools-for-STM32/bin/../lib/gcc/arm-none-eabi/14.3.1/../../../../arm-none-eabi/lib/thumb/v7-m/nofp\libg_nano.a(libc_a-abort.o)
                0x08004bfa                abort
 .text._realloc_r
                0x08004c08       0x5c C:/ST/STM32CubeCLT_1.21.0/GNU-tools-for-STM32/bin/../lib/gcc/arm-none-eabi/14.3.1/../../../../arm-none-eabi/lib/thumb/v7-m/nofp\libg_nano.a(libc_a-reallocr.o)
                0x08004c08                _realloc_r
 .text.__sfputc_r
                0x08004c64       0x2a C:/ST/STM32CubeCLT_1.21.0/GNU-tools-for-STM32/bin/../lib/gcc/arm-none-eabi/14.3.1/../../../../arm-none-eabi/lib/thumb/v7-m/nofp\libg_nano.a(libc_a-nano-vfprintf.o)
 .text.__sfputs_r
                0x08004c8e       0x24 C:/ST/STM32CubeCLT_1.21.0/GNU-tools-for-STM32/bin/../lib/gcc/arm-none-eabi/14.3.1/../../../../arm-none-eabi/lib/thumb/v7-m/nofp\libg_nano.a(libc_a-nano-vfprintf.o)
                0x08004c8e                __sfputs_r
 *fill*         0x08004cb2        0x2 
 .text._vfprintf_r
                0x08004cb4      0x228 C:/ST/STM32CubeCLT_1.21.0/GNU-tools-for-STM32/bin/../lib/gcc/arm-none-eabi/14.3.1/../../../../arm-none-eabi/lib/thumb/v7-m/nofp\libg_nano.a(libc_a-nano-vfprintf.o)
                0x08004cb4                _vfprintf_r
                0x08004cb4                _vfiprintf_r
 .text.__swbuf_r
                0x08004edc       0x7c C:/ST/STM32CubeCLT_1.21.0/GNU-tools-for-STM32/bin/../lib/gcc/arm-none-eabi/14.3.1/../../../../arm-none-eabi/lib/thumb/v7-m/nofp\libg_nano.a(libc_a-wbuf.o)
                0x08004edc                __swbuf_r
 .text.__swsetup_r
                0x08004f58       0xa8 C:/ST/STM32CubeCLT_1.21.0/GNU-tools-for-STM32/bin/../lib/gcc/arm-none-eabi/14.3.1/../../../../arm-none-eabi/lib/thumb/v7-m/nofp\libg_nano.a(libc_a-wsetup.o)
                0x08004f58                __swsetup_r
 .text._raise_r
                0x08005000       0x50 C:/ST/STM32CubeCLT_1.21.0/GNU-tools-for-STM32/bin/../lib/gcc/arm-none-eabi/14.3.1/../../../../arm-none-eabi/lib/thumb/v7-m/nofp\libg_nano.a(libc_a-signal.o)
                0x08005000                _raise_r
 .text.raise    0x08005050       0x10 C:/ST/STM32CubeCLT_1.21.0/GNU-tools-for-STM32/bin/../lib/gcc/arm-none-eabi/14.3.1/../../../../arm-none-eabi/lib/thumb/v7-m/nofp\libg_nano.a(libc_a-signal.o)
                0x08005050                raise
 .text._kill_r  0x08005060       0x24 C:/ST/STM32CubeCLT_1.21.0/GNU-tools-for-STM32/bin/../lib/gcc/arm-none-eabi/14.3.1/../../../../arm-none-eabi/lib/thumb/v7-m/nofp\libg_nano.a(libc_a-signalr.o)
                0x08005060                _kill_r
 .text._getpid_r
                0x08005084        0x4 C:/ST/STM32CubeCLT_1.21.0/GNU-tools-for-STM32/bin/../lib/gcc/arm-none-eabi/14.3.1/../../../../arm-none-eabi/lib/thumb/v7-m/nofp\libg_nano.a(libc_a-signalr.o)
                0x08005084                _getpid_r
 .text._malloc_usable_size_r
                0x08005088       0x10 C:/ST/STM32CubeCLT_1.21.0/GNU-tools-for-STM32/bin/../lib/gcc/arm-none-eabi/14.3.1/../../../../arm-none-eabi/lib/thumb/v7-m/nofp\libg_nano.a(libc_a-msizer.o)
                0x08005088                _malloc_usable_size_r
 .text.__swhatbuf_r
                0x08005098       0x48 C:/ST/STM32CubeCLT_1.21.0/GNU-tools-for-STM32/bin/../lib/gcc/arm-none-eabi/14.3.1/../../../../arm-none-eabi/lib/thumb/v7-m/nofp\libg_nano.a(libc_a-makebuf.o)
                0x08005098                __swhatbuf_r
 .text.__smakebuf_r
                0x080050e0       0x72 C:/ST/STM32CubeCLT_1.21.0/GNU-tools-for-STM32/bin/../lib/gcc/arm-none-eabi/14.3.1/../../../../arm-none-eabi/lib/thumb/v7-m/nofp\libg_nano.a(libc_a-makebuf.o)
                0x080050e0                __smakebuf_r
 *fill*         0x08005152        0x2 
 .text._fstat_r
                0x08005154       0x24 C:/ST/STM32CubeCLT_1.21.0/GNU-tools-for-STM32/bin/../lib/gcc/arm-none-eabi/14.3.1/../../../../arm-none-eabi/lib/thumb/v7-m/nofp\libg_nano.a(libc_a-fstatr.o)
                0x08005154                _fstat_r
 .text._isatty_r
                0x08005178       0x20 C:/ST/STM32CubeCLT_1.21.0/GNU-tools-for-STM32/bin/../lib/gcc/arm-none-eabi/14.3.1/../../../../arm-none-eabi/lib/thumb/v7-m/nofp\libg_nano.a(libc_a-isattyr.o)
                0x08005178                _isatty_r
 *(.glue_7)
 .glue_7        0x08005198        0x0 linker stubs
 *(.glue_7t)
 .glue_7t       0x08005198        0x0 linker stubs
 *(.eh_frame)
 .eh_frame      0x08005198        0x0 C:/ST/STM32CubeCLT_1.21.0/GNU-tools-for-STM32/bin/../lib/gcc/arm-none-eabi/14.3.1/thumb/v7-m/nofp/crtbegin.o
 *(.init)
 .init          0x08005198        0x4 C:/ST/STM32CubeCLT_1.21.0/GNU-tools-for-STM32/bin/../lib/gcc/arm-none-eabi/14.3.1/thumb/v7-m/nofp/crti.o
                0x08005198                _init
 .init          0x0800519c        0x8 C:/ST/STM32CubeCLT_1.21.0/GNU-tools-for-STM32/bin/../lib/gcc/arm-none-eabi/14.3.1/thumb/v7-m/nofp/crtn.o
 *(.fini)
 .fini          0x080051a4        0x4 C:/ST/STM32CubeCLT_1.21.0/GNU-tools-for-STM32/bin/../lib/gcc/arm-none-eabi/14.3.1/thumb/v7-m/nofp/crti.o
                0x080051a4                _fini
 .fini          0x080051a8        0x8 C:/ST/STM32CubeCLT_1.21.0/GNU-tools-for-STM32/bin/../lib/gcc/arm-none-eabi/14.3.1/thumb/v7-m/nofp/crtn.o
                0x080051b0                        . = ALIGN (0x4)
                0x080051b0                        _etext = .

.vfp11_veneer   0x080051b0        0x0
 .vfp11_veneer  0x080051b0        0x0 linker stubs

.v4_bx          0x080051b0        0x0
 .v4_bx         0x080051b0        0x0 linker stubs

.iplt           0x080051b0        0x0
 .iplt          0x080051b0        0x0 C:/ST/STM32CubeCLT_1.21.0/GNU-tools-for-STM32/bin/../lib/gcc/arm-none-eabi/14.3.1/thumb/v7-m/nofp/crtbegin.o

.rodata         0x080051b0      0x1b0
                0x080051b0                        . = ALIGN (0x4)
 *(.rodata)
 .rodata        0x080051b0       0x3d CMakeFiles/BoardTest.dir/App/Src/Pump.c.obj
 *fill*         0x080051ed        0x3 
 .rodata        0x080051f0       0x40 CMakeFiles/BoardTest.dir/App/Src/app.c.obj
 .rodata        0x08005230       0x23 CMakeFiles/BoardTest.dir/Core/Src/main.c.obj
 *(.rodata*)
 *fill*         0x08005253        0x1 
 .rodata.aPLLMULFactorTable.1
                0x08005254       0x10 CMakeFiles/BoardTest.dir/Drivers/STM32F1xx_HAL_Driver/Src/stm32f1xx_hal_rcc.c.obj
 .rodata.aPredivFactorTable.0
                0x08005264        0x2 CMakeFiles/BoardTest.dir/Drivers/STM32F1xx_HAL_Driver/Src/stm32f1xx_hal_rcc.c.obj
 *fill*         0x08005266        0x2 
 .rodata.AHBPrescTable
                0x08005268       0x10 CMakeFiles/BoardTest.dir/Core/Src/system_stm32f1xx.c.obj
                0x08005268                AHBPrescTable
 .rodata.APBPrescTable
                0x08005278        0x8 CMakeFiles/BoardTest.dir/Core/Src/system_stm32f1xx.c.obj
                0x08005278                APBPrescTable
 .rodata.srand.str1.1
                0x08005280       0xde C:/ST/STM32CubeCLT_1.21.0/GNU-tools-for-STM32/bin/../lib/gcc/arm-none-eabi/14.3.1/../../../../arm-none-eabi/lib/thumb/v7-m/nofp\libg_nano.a(libc_a-rand.o)
                                 0x6f (size before relaxing)
 .rodata.__assert_func.str1.1
                0x0800535e       0x3d C:/ST/STM32CubeCLT_1.21.0/GNU-tools-for-STM32/bin/../lib/gcc/arm-none-eabi/14.3.1/../../../../arm-none-eabi/lib/thumb/v7-m/nofp\libg_nano.a(libc_a-assert.o)
 .rodata._svfprintf_r.str1.1
                0x0800535e       0x11 C:/ST/STM32CubeCLT_1.21.0/GNU-tools-for-STM32/bin/../lib/gcc/arm-none-eabi/14.3.1/../../../../arm-none-eabi/lib/thumb/v7-m/nofp\libg_nano.a(libc_a-nano-svfprintf.o)
 .rodata._printf_i.str1.1
                0x0800535e       0x22 C:/ST/STM32CubeCLT_1.21.0/GNU-tools-for-STM32/bin/../lib/gcc/arm-none-eabi/14.3.1/../../../../arm-none-eabi/lib/thumb/v7-m/nofp\libg_nano.a(libc_a-nano-vfprintf_i.o)
 .rodata._vfprintf_r.str1.1
                0x0800535e       0x11 C:/ST/STM32CubeCLT_1.21.0/GNU-tools-for-STM32/bin/../lib/gcc/arm-none-eabi/14.3.1/../../../../arm-none-eabi/lib/thumb/v7-m/nofp\libg_nano.a(libc_a-nano-vfprintf.o)
                0x0800539c                        . = ALIGN (0x4)
 *fill*         0x0800535e        0x2 

.ARM.extab
 *(.ARM.extab* .gnu.linkonce.armextab.*)

.ARM            0x08005360        0x8
                0x08005360                        __exidx_start = .
 *(.ARM.exidx*)
 .ARM.exidx     0x08005360        0x8 C:/ST/STM32CubeCLT_1.21.0/GNU-tools-for-STM32/bin/../lib/gcc/arm-none-eabi/14.3.1/../../../../arm-none-eabi/lib/thumb/v7-m/nofp\libg_nano.a(libc_a-strlen.o)
                0x08005368                        __exidx_end = .

.rel.dyn        0x08005368        0x0
 .rel.iplt      0x08005368        0x0 C:/ST/STM32CubeCLT_1.21.0/GNU-tools-for-STM32/bin/../lib/gcc/arm-none-eabi/14.3.1/thumb/v7-m/nofp/crtbegin.o

.preinit_array  0x08005368        0x0
                0x08005368                        PROVIDE (__preinit_array_start = .)
 *(.preinit_array*)
                0x08005368                        PROVIDE (__preinit_array_end = .)

.init_array     0x08005368        0x4
                0x08005368                        PROVIDE (__init_array_start = .)
 *(SORT_BY_NAME(.init_array.*))
 *(.init_array*)
 .init_array    0x08005368        0x4 C:/ST/STM32CubeCLT_1.21.0/GNU-tools-for-STM32/bin/../lib/gcc/arm-none-eabi/14.3.1/thumb/v7-m/nofp/crtbegin.o
                0x0800536c                        PROVIDE (__init_array_end = .)

.fini_array     0x0800536c        0x4
                [!provide]                        PROVIDE (__fini_array_start = .)
 *(SORT_BY_NAME(.fini_array.*))
 *(.fini_array*)
 .fini_array    0x0800536c        0x4 C:/ST/STM32CubeCLT_1.21.0/GNU-tools-for-STM32/bin/../lib/gcc/arm-none-eabi/14.3.1/thumb/v7-m/nofp/crtbegin.o
                [!provide]                        PROVIDE (__fini_array_end = .)
                0x08005370                        _sidata = LOADADDR (.data)

.data           0x20000000       0x6c load address 0x08005370
                0x20000000                        . = ALIGN (0x4)
                0x20000000                        _sdata = .
 *(.data)
 *(.data*)
 .data.__sglue  0x20000000        0xc C:/ST/STM32CubeCLT_1.21.0/GNU-tools-for-STM32/bin/../lib/gcc/arm-none-eabi/14.3.1/../../../../arm-none-eabi/lib/thumb/v7-m/nofp\libc_nano.a(libc_a-findfp.o)
                0x20000000                __sglue
 .data._impure_ptr
                0x2000000c        0x4 C:/ST/STM32CubeCLT_1.21.0/GNU-tools-for-STM32/bin/../lib/gcc/arm-none-eabi/14.3.1/../../../../arm-none-eabi/lib/thumb/v7-m/nofp\libc_nano.a(libc_a-impure.o)
                0x2000000c                _impure_ptr
 .data._impure_data
                0x20000010       0x4c C:/ST/STM32CubeCLT_1.21.0/GNU-tools-for-STM32/bin/../lib/gcc/arm-none-eabi/14.3.1/../../../../arm-none-eabi/lib/thumb/v7-m/nofp\libc_nano.a(libc_a-impure.o)
                0x20000010                _impure_data
 .data.Speed_Random
                0x2000005c        0x4 CMakeFiles/BoardTest.dir/App/Src/Pump.c.obj
                0x2000005c                Speed_Random
 .data.uwTickPrio
                0x20000060        0x4 CMakeFiles/BoardTest.dir/Drivers/STM32F1xx_HAL_Driver/Src/stm32f1xx_hal.c.obj
                0x20000060                uwTickPrio
 .data.uwTickFreq
                0x20000064        0x1 CMakeFiles/BoardTest.dir/Drivers/STM32F1xx_HAL_Driver/Src/stm32f1xx_hal.c.obj
                0x20000064                uwTickFreq
 *fill*         0x20000065        0x3 
 .data.SystemCoreClock
                0x20000068        0x4 CMakeFiles/BoardTest.dir/Core/Src/system_stm32f1xx.c.obj
                0x20000068                SystemCoreClock
                0x2000006c                        . = ALIGN (0x4)
                0x2000006c                        _edata = .

.igot.plt       0x2000006c        0x0 load address 0x080053dc
 .igot.plt      0x2000006c        0x0 C:/ST/STM32CubeCLT_1.21.0/GNU-tools-for-STM32/bin/../lib/gcc/arm-none-eabi/14.3.1/thumb/v7-m/nofp/crtbegin.o
                0x2000006c                        . = ALIGN (0x4)

.bss            0x2000006c      0x62c load address 0x080053dc
                0x2000006c                        _sbss = .
                0x2000006c                        __bss_start__ = _sbss
 *(.bss)
 .bss           0x2000006c       0x1c C:/ST/STM32CubeCLT_1.21.0/GNU-tools-for-STM32/bin/../lib/gcc/arm-none-eabi/14.3.1/thumb/v7-m/nofp/crtbegin.o
 *(.bss*)
 .bss.__sf      0x20000088      0x138 C:/ST/STM32CubeCLT_1.21.0/GNU-tools-for-STM32/bin/../lib/gcc/arm-none-eabi/14.3.1/../../../../arm-none-eabi/lib/thumb/v7-m/nofp\libc_nano.a(libc_a-findfp.o)
                0x20000088                __sf
 .bss.__stdio_exit_handler
                0x200001c0        0x4 C:/ST/STM32CubeCLT_1.21.0/GNU-tools-for-STM32/bin/../lib/gcc/arm-none-eabi/14.3.1/../../../../arm-none-eabi/lib/thumb/v7-m/nofp\libc_nano.a(libc_a-findfp.o)
                0x200001c0                __stdio_exit_handler
 .bss.errno     0x200001c4        0x4 C:/ST/STM32CubeCLT_1.21.0/GNU-tools-for-STM32/bin/../lib/gcc/arm-none-eabi/14.3.1/../../../../arm-none-eabi/lib/thumb/v7-m/nofp\libc_nano.a(libc_a-reent.o)
                0x200001c4                errno
 .bss.__lock___malloc_recursive_mutex
                0x200001c8        0x1 C:/ST/STM32CubeCLT_1.21.0/GNU-tools-for-STM32/bin/../lib/gcc/arm-none-eabi/14.3.1/../../../../arm-none-eabi/lib/thumb/v7-m/nofp\libc_nano.a(libc_a-lock.o)
                0x200001c8                __lock___malloc_recursive_mutex
 .bss.__lock___sfp_recursive_mutex
                0x200001c9        0x1 C:/ST/STM32CubeCLT_1.21.0/GNU-tools-for-STM32/bin/../lib/gcc/arm-none-eabi/14.3.1/../../../../arm-none-eabi/lib/thumb/v7-m/nofp\libc_nano.a(libc_a-lock.o)
                0x200001c9                __lock___sfp_recursive_mutex
 *fill*         0x200001ca        0x2 
 .bss.__malloc_sbrk_start
                0x200001cc        0x4 C:/ST/STM32CubeCLT_1.21.0/GNU-tools-for-STM32/bin/../lib/gcc/arm-none-eabi/14.3.1/../../../../arm-none-eabi/lib/thumb/v7-m/nofp\libc_nano.a(libc_a-mallocr.o)
                0x200001cc                __malloc_sbrk_start
 .bss.__malloc_free_list
                0x200001d0        0x4 C:/ST/STM32CubeCLT_1.21.0/GNU-tools-for-STM32/bin/../lib/gcc/arm-none-eabi/14.3.1/../../../../arm-none-eabi/lib/thumb/v7-m/nofp\libc_nano.a(libc_a-mallocr.o)
                0x200001d0                __malloc_free_list
 .bss.recUART1  0x200001d4        0x1 CMakeFiles/BoardTest.dir/App/Src/board.c.obj
                0x200001d4                recUART1
 .bss.recUART2  0x200001d5        0x1 CMakeFiles/BoardTest.dir/App/Src/board.c.obj
                0x200001d5                recUART2
 .bss.recUART3  0x200001d6        0x1 CMakeFiles/BoardTest.dir/App/Src/board.c.obj
                0x200001d6                recUART3
 *fill*         0x200001d7        0x1 
 .bss.InputInf  0x200001d8       0x24 CMakeFiles/BoardTest.dir/App/Src/board.c.obj
                0x200001d8                InputInf
 .bss.Input     0x200001fc       0x42 CMakeFiles/BoardTest.dir/App/Src/board.c.obj
                0x200001fc                Input
 *fill*         0x2000023e        0x2 
 .bss.OutputN   0x20000240       0x58 CMakeFiles/BoardTest.dir/App/Src/board.c.obj
                0x20000240                OutputN
 .bss.OutputP   0x20000298       0x58 CMakeFiles/BoardTest.dir/App/Src/board.c.obj
                0x20000298                OutputP
 .bss.rando     0x200002f0        0x1 CMakeFiles/BoardTest.dir/App/Src/Pump.c.obj
                0x200002f0                rando
 *fill*         0x200002f1        0x3 
 .bss.State     0x200002f4        0x4 CMakeFiles/BoardTest.dir/App/Src/app.c.obj
                0x200002f4                State
 .bss.RS485Ch1  0x200002f8       0x68 CMakeFiles/BoardTest.dir/App/Src/app.c.obj
                0x200002f8                RS485Ch1
 .bss.RS485Ch3  0x20000360       0x68 CMakeFiles/BoardTest.dir/App/Src/app.c.obj
                0x20000360                RS485Ch3
 .bss.LED_Blink
                0x200003c8        0x2 CMakeFiles/BoardTest.dir/App/Src/interrupt.c.obj
                0x200003c8                LED_Blink
 *fill*         0x200003ca        0x2 
 .bss.log1      0x200003cc       0xc8 CMakeFiles/BoardTest.dir/Common/Src/log.c.obj
                0x200003cc                log1
 .bss.logLen    0x20000494        0x1 CMakeFiles/BoardTest.dir/Common/Src/log.c.obj
                0x20000494                logLen
 *fill*         0x20000495        0x3 
 .bss.htim1     0x20000498       0x48 CMakeFiles/BoardTest.dir/Core/Src/tim.c.obj
                0x20000498                htim1
 .bss.htim2     0x200004e0       0x48 CMakeFiles/BoardTest.dir/Core/Src/tim.c.obj
                0x200004e0                htim2
 .bss.htim3     0x20000528       0x48 CMakeFiles/BoardTest.dir/Core/Src/tim.c.obj
                0x20000528                htim3
 .bss.htim4     0x20000570       0x48 CMakeFiles/BoardTest.dir/Core/Src/tim.c.obj
                0x20000570                htim4
 .bss.huart1    0x200005b8       0x48 CMakeFiles/BoardTest.dir/Core/Src/usart.c.obj
                0x200005b8                huart1
 .bss.huart2    0x20000600       0x48 CMakeFiles/BoardTest.dir/Core/Src/usart.c.obj
                0x20000600                huart2
 .bss.huart3    0x20000648       0x48 CMakeFiles/BoardTest.dir/Core/Src/usart.c.obj
                0x20000648                huart3
 .bss.uwTick    0x20000690        0x4 CMakeFiles/BoardTest.dir/Drivers/STM32F1xx_HAL_Driver/Src/stm32f1xx_hal.c.obj
                0x20000690                uwTick
 .bss.__sbrk_heap_end
                0x20000694        0x4 CMakeFiles/BoardTest.dir/Core/Src/sysmem.c.obj
 *(COMMON)
                0x20000698                        . = ALIGN (0x4)
                0x20000698                        _ebss = .
                0x20000698                        __bss_end__ = _ebss

._user_heap_stack
                0x20000698     0x1800 load address 0x080053dc
                0x20000698                        . = ALIGN (0x8)
                [!provide]                        PROVIDE (end = .)
                0x20000698                        PROVIDE (_end = .)
                0x20001298                        . = (. + _Min_Heap_Size)
 *fill*         0x20000698      0xc00 
                0x20001e98                        . = (. + _Min_Stack_Size)
 *fill*         0x20001298      0xc00 
                0x20001e98                        . = ALIGN (0x8)

/DISCARD/
 libc.a(*)
 libm.a(*)
 libgcc.a(*)
OUTPUT(BoardTest.elf elf32-littlearm)
LOAD linker stubs
LOAD C:/ST/STM32CubeCLT_1.21.0/GNU-tools-for-STM32/bin/../lib/gcc/arm-none-eabi/14.3.1/../../../../arm-none-eabi/lib/thumb/v7-m/nofp\libc.a
LOAD C:/ST/STM32CubeCLT_1.21.0/GNU-tools-for-STM32/bin/../lib/gcc/arm-none-eabi/14.3.1/../../../../arm-none-eabi/lib/thumb/v7-m/nofp\libm.a
LOAD C:/ST/STM32CubeCLT_1.21.0/GNU-tools-for-STM32/bin/../lib/gcc/arm-none-eabi/14.3.1/thumb/v7-m/nofp\libgcc.a

.ARM.attributes
                0x00000000       0x29
 .ARM.attributes
                0x00000000       0x1d C:/ST/STM32CubeCLT_1.21.0/GNU-tools-for-STM32/bin/../lib/gcc/arm-none-eabi/14.3.1/thumb/v7-m/nofp/crti.o
 .ARM.attributes
                0x0000001d       0x2d C:/ST/STM32CubeCLT_1.21.0/GNU-tools-for-STM32/bin/../lib/gcc/arm-none-eabi/14.3.1/thumb/v7-m/nofp/crtbegin.o
 .ARM.attributes
                0x0000004a       0x2d C:/ST/STM32CubeCLT_1.21.0/GNU-tools-for-STM32/bin/../lib/gcc/arm-none-eabi/14.3.1/../../../../arm-none-eabi/lib/thumb/v7-m/nofp\libc_nano.a(libc_a-findfp.o)
 .ARM.attributes
                0x00000077       0x2d C:/ST/STM32CubeCLT_1.21.0/GNU-tools-for-STM32/bin/../lib/gcc/arm-none-eabi/14.3.1/../../../../arm-none-eabi/lib/thumb/v7-m/nofp\libc_nano.a(libc_a-fwalk.o)
 .ARM.attributes
                0x000000a4       0x2d C:/ST/STM32CubeCLT_1.21.0/GNU-tools-for-STM32/bin/../lib/gcc/arm-none-eabi/14.3.1/../../../../arm-none-eabi/lib/thumb/v7-m/nofp\libc_nano.a(libc_a-stdio.o)
 .ARM.attributes
                0x000000d1       0x2d C:/ST/STM32CubeCLT_1.21.0/GNU-tools-for-STM32/bin/../lib/gcc/arm-none-eabi/14.3.1/../../../../arm-none-eabi/lib/thumb/v7-m/nofp\libc_nano.a(libc_a-memset.o)
 .ARM.attributes
                0x000000fe       0x2d C:/ST/STM32CubeCLT_1.21.0/GNU-tools-for-STM32/bin/../lib/gcc/arm-none-eabi/14.3.1/../../../../arm-none-eabi/lib/thumb/v7-m/nofp\libc_nano.a(libc_a-closer.o)
 .ARM.attributes
                0x0000012b       0x2d C:/ST/STM32CubeCLT_1.21.0/GNU-tools-for-STM32/bin/../lib/gcc/arm-none-eabi/14.3.1/../../../../arm-none-eabi/lib/thumb/v7-m/nofp\libc_nano.a(libc_a-reent.o)
 .ARM.attributes
                0x00000158       0x2d C:/ST/STM32CubeCLT_1.21.0/GNU-tools-for-STM32/bin/../lib/gcc/arm-none-eabi/14.3.1/../../../../arm-none-eabi/lib/thumb/v7-m/nofp\libc_nano.a(libc_a-impure.o)
 .ARM.attributes
                0x00000185       0x2d C:/ST/STM32CubeCLT_1.21.0/GNU-tools-for-STM32/bin/../lib/gcc/arm-none-eabi/14.3.1/../../../../arm-none-eabi/lib/thumb/v7-m/nofp\libc_nano.a(libc_a-lseekr.o)
 .ARM.attributes
                0x000001b2       0x2d C:/ST/STM32CubeCLT_1.21.0/GNU-tools-for-STM32/bin/../lib/gcc/arm-none-eabi/14.3.1/../../../../arm-none-eabi/lib/thumb/v7-m/nofp\libc_nano.a(libc_a-readr.o)
 .ARM.attributes
                0x000001df       0x2d C:/ST/STM32CubeCLT_1.21.0/GNU-tools-for-STM32/bin/../lib/gcc/arm-none-eabi/14.3.1/../../../../arm-none-eabi/lib/thumb/v7-m/nofp\libc_nano.a(libc_a-writer.o)
 .ARM.attributes
                0x0000020c       0x2d C:/ST/STM32CubeCLT_1.21.0/GNU-tools-for-STM32/bin/../lib/gcc/arm-none-eabi/14.3.1/../../../../arm-none-eabi/lib/thumb/v7-m/nofp\libc_nano.a(libc_a-init.o)
 .ARM.attributes
                0x00000239       0x2d C:/ST/STM32CubeCLT_1.21.0/GNU-tools-for-STM32/bin/../lib/gcc/arm-none-eabi/14.3.1/../../../../arm-none-eabi/lib/thumb/v7-m/nofp\libc_nano.a(libc_a-lock.o)
 .ARM.attributes
                0x00000266       0x2d C:/ST/STM32CubeCLT_1.21.0/GNU-tools-for-STM32/bin/../lib/gcc/arm-none-eabi/14.3.1/../../../../arm-none-eabi/lib/thumb/v7-m/nofp\libc_nano.a(libc_a-freer.o)
 .ARM.attributes
                0x00000293       0x2d C:/ST/STM32CubeCLT_1.21.0/GNU-tools-for-STM32/bin/../lib/gcc/arm-none-eabi/14.3.1/../../../../arm-none-eabi/lib/thumb/v7-m/nofp\libc_nano.a(libc_a-mallocr.o)
 .ARM.attributes
                0x000002c0       0x2d C:/ST/STM32CubeCLT_1.21.0/GNU-tools-for-STM32/bin/../lib/gcc/arm-none-eabi/14.3.1/../../../../arm-none-eabi/lib/thumb/v7-m/nofp\libc_nano.a(libc_a-mlock.o)
 .ARM.attributes
                0x000002ed       0x2d C:/ST/STM32CubeCLT_1.21.0/GNU-tools-for-STM32/bin/../lib/gcc/arm-none-eabi/14.3.1/../../../../arm-none-eabi/lib/thumb/v7-m/nofp\libc_nano.a(libc_a-fflush.o)
 .ARM.attributes
                0x0000031a       0x2d C:/ST/STM32CubeCLT_1.21.0/GNU-tools-for-STM32/bin/../lib/gcc/arm-none-eabi/14.3.1/../../../../arm-none-eabi/lib/thumb/v7-m/nofp\libc_nano.a(libc_a-sbrkr.o)
 .ARM.attributes
                0x00000347       0x2d CMakeFiles/BoardTest.dir/App/Src/board.c.obj
 .ARM.attributes
                0x00000374       0x2d CMakeFiles/BoardTest.dir/App/Src/Pump.c.obj
 .ARM.attributes
                0x000003a1       0x2d CMakeFiles/BoardTest.dir/App/Src/app.c.obj
 .ARM.attributes
                0x000003ce       0x2d CMakeFiles/BoardTest.dir/App/Src/interrupt.c.obj
 .ARM.attributes
                0x000003fb       0x2d CMakeFiles/BoardTest.dir/Common/Src/log.c.obj
 .ARM.attributes
                0x00000428       0x2d CMakeFiles/BoardTest.dir/Core/Src/main.c.obj
 .ARM.attributes
                0x00000455       0x2d CMakeFiles/BoardTest.dir/Core/Src/gpio.c.obj
 .ARM.attributes
                0x00000482       0x2d CMakeFiles/BoardTest.dir/Core/Src/tim.c.obj
 .ARM.attributes
                0x000004af       0x2d CMakeFiles/BoardTest.dir/Core/Src/usart.c.obj
 .ARM.attributes
                0x000004dc       0x2d CMakeFiles/BoardTest.dir/Core/Src/stm32f1xx_it.c.obj
 .ARM.attributes
                0x00000509       0x2d CMakeFiles/BoardTest.dir/Core/Src/stm32f1xx_hal_msp.c.obj
 .ARM.attributes
                0x00000536       0x2d CMakeFiles/BoardTest.dir/Drivers/STM32F1xx_HAL_Driver/Src/stm32f1xx_hal.c.obj
 .ARM.attributes
                0x00000563       0x2d CMakeFiles/BoardTest.dir/Drivers/STM32F1xx_HAL_Driver/Src/stm32f1xx_hal_rcc.c.obj
 .ARM.attributes
                0x00000590       0x2d CMakeFiles/BoardTest.dir/Drivers/STM32F1xx_HAL_Driver/Src/stm32f1xx_hal_rcc_ex.c.obj
 .ARM.attributes
                0x000005bd       0x2d CMakeFiles/BoardTest.dir/Drivers/STM32F1xx_HAL_Driver/Src/stm32f1xx_hal_gpio.c.obj
 .ARM.attributes
                0x000005ea       0x2d CMakeFiles/BoardTest.dir/Drivers/STM32F1xx_HAL_Driver/Src/stm32f1xx_hal_dma.c.obj
 .ARM.attributes
                0x00000617       0x2d CMakeFiles/BoardTest.dir/Drivers/STM32F1xx_HAL_Driver/Src/stm32f1xx_hal_cortex.c.obj
 .ARM.attributes
                0x00000644       0x2d CMakeFiles/BoardTest.dir/Drivers/STM32F1xx_HAL_Driver/Src/stm32f1xx_hal_tim.c.obj
 .ARM.attributes
                0x00000671       0x2d CMakeFiles/BoardTest.dir/Drivers/STM32F1xx_HAL_Driver/Src/stm32f1xx_hal_tim_ex.c.obj
 .ARM.attributes
                0x0000069e       0x2d CMakeFiles/BoardTest.dir/Drivers/STM32F1xx_HAL_Driver/Src/stm32f1xx_hal_uart.c.obj
 .ARM.attributes
                0x000006cb       0x2d CMakeFiles/BoardTest.dir/Core/Src/system_stm32f1xx.c.obj
 .ARM.attributes
                0x000006f8       0x2d CMakeFiles/BoardTest.dir/Core/Src/sysmem.c.obj
 .ARM.attributes
                0x00000725       0x2d CMakeFiles/BoardTest.dir/Core/Src/syscalls.c.obj
 .ARM.attributes
                0x00000752       0x21 CMakeFiles/BoardTest.dir/startup_stm32f103xb.s.obj
 .ARM.attributes
                0x00000773       0x2d C:/ST/STM32CubeCLT_1.21.0/GNU-tools-for-STM32/bin/../lib/gcc/arm-none-eabi/14.3.1/../../../../arm-none-eabi/lib/thumb/v7-m/nofp\libg_nano.a(libc_a-rand.o)
 .ARM.attributes
                0x000007a0       0x2d C:/ST/STM32CubeCLT_1.21.0/GNU-tools-for-STM32/bin/../lib/gcc/arm-none-eabi/14.3.1/../../../../arm-none-eabi/lib/thumb/v7-m/nofp\libg_nano.a(libc_a-sprintf.o)
 .ARM.attributes
                0x000007cd       0x2d C:/ST/STM32CubeCLT_1.21.0/GNU-tools-for-STM32/bin/../lib/gcc/arm-none-eabi/14.3.1/../../../../arm-none-eabi/lib/thumb/v7-m/nofp\libg_nano.a(libc_a-errno.o)
 .ARM.attributes
                0x000007fa       0x17 C:/ST/STM32CubeCLT_1.21.0/GNU-tools-for-STM32/bin/../lib/gcc/arm-none-eabi/14.3.1/../../../../arm-none-eabi/lib/thumb/v7-m/nofp\libg_nano.a(libc_a-strlen.o)
 .ARM.attributes
                0x00000811       0x2d C:/ST/STM32CubeCLT_1.21.0/GNU-tools-for-STM32/bin/../lib/gcc/arm-none-eabi/14.3.1/../../../../arm-none-eabi/lib/thumb/v7-m/nofp\libg_nano.a(libc_a-assert.o)
 .ARM.attributes
                0x0000083e       0x2d C:/ST/STM32CubeCLT_1.21.0/GNU-tools-for-STM32/bin/../lib/gcc/arm-none-eabi/14.3.1/../../../../arm-none-eabi/lib/thumb/v7-m/nofp\libg_nano.a(libc_a-malloc.o)
 .ARM.attributes
                0x0000086b       0x2d C:/ST/STM32CubeCLT_1.21.0/GNU-tools-for-STM32/bin/../lib/gcc/arm-none-eabi/14.3.1/../../../../arm-none-eabi/lib/thumb/v7-m/nofp\libg_nano.a(libc_a-nano-svfprintf.o)
 .ARM.attributes
                0x00000898       0x2d C:/ST/STM32CubeCLT_1.21.0/GNU-tools-for-STM32/bin/../lib/gcc/arm-none-eabi/14.3.1/../../../../arm-none-eabi/lib/thumb/v7-m/nofp\libg_nano.a(libc_a-nano-vfprintf_i.o)
 .ARM.attributes
                0x000008c5       0x2d C:/ST/STM32CubeCLT_1.21.0/GNU-tools-for-STM32/bin/../lib/gcc/arm-none-eabi/14.3.1/../../../../arm-none-eabi/lib/thumb/v7-m/nofp\libg_nano.a(libc_a-fprintf.o)
 .ARM.attributes
                0x000008f2       0x2d C:/ST/STM32CubeCLT_1.21.0/GNU-tools-for-STM32/bin/../lib/gcc/arm-none-eabi/14.3.1/../../../../arm-none-eabi/lib/thumb/v7-m/nofp\libg_nano.a(libc_a-memmove.o)
 .ARM.attributes
                0x0000091f       0x2d C:/ST/STM32CubeCLT_1.21.0/GNU-tools-for-STM32/bin/../lib/gcc/arm-none-eabi/14.3.1/../../../../arm-none-eabi/lib/thumb/v7-m/nofp\libg_nano.a(libc_a-memchr-stub.o)
 .ARM.attributes
                0x0000094c       0x2d C:/ST/STM32CubeCLT_1.21.0/GNU-tools-for-STM32/bin/../lib/gcc/arm-none-eabi/14.3.1/../../../../arm-none-eabi/lib/thumb/v7-m/nofp\libg_nano.a(libc_a-memcpy-stub.o)
 .ARM.attributes
                0x00000979       0x2d C:/ST/STM32CubeCLT_1.21.0/GNU-tools-for-STM32/bin/../lib/gcc/arm-none-eabi/14.3.1/../../../../arm-none-eabi/lib/thumb/v7-m/nofp\libg_nano.a(libc_a-abort.o)
 .ARM.attributes
                0x000009a6       0x2d C:/ST/STM32CubeCLT_1.21.0/GNU-tools-for-STM32/bin/../lib/gcc/arm-none-eabi/14.3.1/../../../../arm-none-eabi/lib/thumb/v7-m/nofp\libg_nano.a(libc_a-reallocr.o)
 .ARM.attributes
                0x000009d3       0x2d C:/ST/STM32CubeCLT_1.21.0/GNU-tools-for-STM32/bin/../lib/gcc/arm-none-eabi/14.3.1/../../../../arm-none-eabi/lib/thumb/v7-m/nofp\libg_nano.a(libc_a-nano-vfprintf.o)
 .ARM.attributes
                0x00000a00       0x2d C:/ST/STM32CubeCLT_1.21.0/GNU-tools-for-STM32/bin/../lib/gcc/arm-none-eabi/14.3.1/../../../../arm-none-eabi/lib/thumb/v7-m/nofp\libg_nano.a(libc_a-wbuf.o)
 .ARM.attributes
                0x00000a2d       0x2d C:/ST/STM32CubeCLT_1.21.0/GNU-tools-for-STM32/bin/../lib/gcc/arm-none-eabi/14.3.1/../../../../arm-none-eabi/lib/thumb/v7-m/nofp\libg_nano.a(libc_a-wsetup.o)
 .ARM.attributes
                0x00000a5a       0x2d C:/ST/STM32CubeCLT_1.21.0/GNU-tools-for-STM32/bin/../lib/gcc/arm-none-eabi/14.3.1/../../../../arm-none-eabi/lib/thumb/v7-m/nofp\libg_nano.a(libc_a-signal.o)
 .ARM.attributes
                0x00000a87       0x2d C:/ST/STM32CubeCLT_1.21.0/GNU-tools-for-STM32/bin/../lib/gcc/arm-none-eabi/14.3.1/../../../../arm-none-eabi/lib/thumb/v7-m/nofp\libg_nano.a(libc_a-signalr.o)
 .ARM.attributes
                0x00000ab4       0x2d C:/ST/STM32CubeCLT_1.21.0/GNU-tools-for-STM32/bin/../lib/gcc/arm-none-eabi/14.3.1/../../../../arm-none-eabi/lib/thumb/v7-m/nofp\libg_nano.a(libc_a-msizer.o)
 .ARM.attributes
                0x00000ae1       0x2d C:/ST/STM32CubeCLT_1.21.0/GNU-tools-for-STM32/bin/../lib/gcc/arm-none-eabi/14.3.1/../../../../arm-none-eabi/lib/thumb/v7-m/nofp\libg_nano.a(libc_a-makebuf.o)
 .ARM.attributes
                0x00000b0e       0x2d C:/ST/STM32CubeCLT_1.21.0/GNU-tools-for-STM32/bin/../lib/gcc/arm-none-eabi/14.3.1/../../../../arm-none-eabi/lib/thumb/v7-m/nofp\libg_nano.a(libc_a-fstatr.o)
 .ARM.attributes
                0x00000b3b       0x2d C:/ST/STM32CubeCLT_1.21.0/GNU-tools-for-STM32/bin/../lib/gcc/arm-none-eabi/14.3.1/../../../../arm-none-eabi/lib/thumb/v7-m/nofp\libg_nano.a(libc_a-isattyr.o)
 .ARM.attributes
                0x00000b68       0x1d C:/ST/STM32CubeCLT_1.21.0/GNU-tools-for-STM32/bin/../lib/gcc/arm-none-eabi/14.3.1/thumb/v7-m/nofp/crtn.o

.comment        0x00000000       0x43
 .comment       0x00000000       0x43 CMakeFiles/BoardTest.dir/App/Src/board.c.obj
                                 0x44 (size before relaxing)
 .comment       0x00000043       0x44 CMakeFiles/BoardTest.dir/App/Src/Pump.c.obj
 .comment       0x00000043       0x44 CMakeFiles/BoardTest.dir/App/Src/app.c.obj
 .comment       0x00000043       0x44 CMakeFiles/BoardTest.dir/App/Src/interrupt.c.obj
 .comment       0x00000043       0x44 CMakeFiles/BoardTest.dir/Common/Src/log.c.obj
 .comment       0x00000043       0x44 CMakeFiles/BoardTest.dir/Core/Src/main.c.obj
 .comment       0x00000043       0x44 CMakeFiles/BoardTest.dir/Core/Src/gpio.c.obj
 .comment       0x00000043       0x44 CMakeFiles/BoardTest.dir/Core/Src/tim.c.obj
 .comment       0x00000043       0x44 CMakeFiles/BoardTest.dir/Core/Src/usart.c.obj
 .comment       0x00000043       0x44 CMakeFiles/BoardTest.dir/Core/Src/stm32f1xx_it.c.obj
 .comment       0x00000043       0x44 CMakeFiles/BoardTest.dir/Core/Src/stm32f1xx_hal_msp.c.obj
 .comment       0x00000043       0x44 CMakeFiles/BoardTest.dir/Drivers/STM32F1xx_HAL_Driver/Src/stm32f1xx_hal.c.obj
 .comment       0x00000043       0x44 CMakeFiles/BoardTest.dir/Drivers/STM32F1xx_HAL_Driver/Src/stm32f1xx_hal_rcc.c.obj
 .comment       0x00000043       0x44 CMakeFiles/BoardTest.dir/Drivers/STM32F1xx_HAL_Driver/Src/stm32f1xx_hal_rcc_ex.c.obj
 .comment       0x00000043       0x44 CMakeFiles/BoardTest.dir/Drivers/STM32F1xx_HAL_Driver/Src/stm32f1xx_hal_gpio.c.obj
 .comment       0x00000043       0x44 CMakeFiles/BoardTest.dir/Drivers/STM32F1xx_HAL_Driver/Src/stm32f1xx_hal_dma.c.obj
 .comment       0x00000043       0x44 CMakeFiles/BoardTest.dir/Drivers/STM32F1xx_HAL_Driver/Src/stm32f1xx_hal_cortex.c.obj
 .comment       0x00000043       0x44 CMakeFiles/BoardTest.dir/Drivers/STM32F1xx_HAL_Driver/Src/stm32f1xx_hal_tim.c.obj
 .comment       0x00000043       0x44 CMakeFiles/BoardTest.dir/Drivers/STM32F1xx_HAL_Driver/Src/stm32f1xx_hal_tim_ex.c.obj
 .comment       0x00000043       0x44 CMakeFiles/BoardTest.dir/Drivers/STM32F1xx_HAL_Driver/Src/stm32f1xx_hal_uart.c.obj
 .comment       0x00000043       0x44 CMakeFiles/BoardTest.dir/Core/Src/system_stm32f1xx.c.obj
 .comment       0x00000043       0x44 CMakeFiles/BoardTest.dir/Core/Src/sysmem.c.obj
 .comment       0x00000043       0x44 CMakeFiles/BoardTest.dir/Core/Src/syscalls.c.obj
 .comment       0x00000043       0x44 C:/ST/STM32CubeCLT_1.21.0/GNU-tools-for-STM32/bin/../lib/gcc/arm-none-eabi/14.3.1/../../../../arm-none-eabi/lib/thumb/v7-m/nofp\libg_nano.a(libc_a-rand.o)
 .comment       0x00000043       0x44 C:/ST/STM32CubeCLT_1.21.0/GNU-tools-for-STM32/bin/../lib/gcc/arm-none-eabi/14.3.1/../../../../arm-none-eabi/lib/thumb/v7-m/nofp\libg_nano.a(libc_a-sprintf.o)
 .comment       0x00000043       0x44 C:/ST/STM32CubeCLT_1.21.0/GNU-tools-for-STM32/bin/../lib/gcc/arm-none-eabi/14.3.1/../../../../arm-none-eabi/lib/thumb/v7-m/nofp\libg_nano.a(libc_a-errno.o)
 .comment       0x00000043       0x44 C:/ST/STM32CubeCLT_1.21.0/GNU-tools-for-STM32/bin/../lib/gcc/arm-none-eabi/14.3.1/../../../../arm-none-eabi/lib/thumb/v7-m/nofp\libg_nano.a(libc_a-assert.o)
 .comment       0x00000043       0x44 C:/ST/STM32CubeCLT_1.21.0/GNU-tools-for-STM32/bin/../lib/gcc/arm-none-eabi/14.3.1/../../../../arm-none-eabi/lib/thumb/v7-m/nofp\libg_nano.a(libc_a-malloc.o)
 .comment       0x00000043       0x44 C:/ST/STM32CubeCLT_1.21.0/GNU-tools-for-STM32/bin/../lib/gcc/arm-none-eabi/14.3.1/../../../../arm-none-eabi/lib/thumb/v7-m/nofp\libg_nano.a(libc_a-nano-svfprintf.o)
 .comment       0x00000043       0x44 C:/ST/STM32CubeCLT_1.21.0/GNU-tools-for-STM32/bin/../lib/gcc/arm-none-eabi/14.3.1/../../../../arm-none-eabi/lib/thumb/v7-m/nofp\libg_nano.a(libc_a-nano-vfprintf_i.o)
 .comment       0x00000043       0x44 C:/ST/STM32CubeCLT_1.21.0/GNU-tools-for-STM32/bin/../lib/gcc/arm-none-eabi/14.3.1/../../../../arm-none-eabi/lib/thumb/v7-m/nofp\libg_nano.a(libc_a-fprintf.o)
 .comment       0x00000043       0x44 C:/ST/STM32CubeCLT_1.21.0/GNU-tools-for-STM32/bin/../lib/gcc/arm-none-eabi/14.3.1/../../../../arm-none-eabi/lib/thumb/v7-m/nofp\libg_nano.a(libc_a-memmove.o)
 .comment       0x00000043       0x44 C:/ST/STM32CubeCLT_1.21.0/GNU-tools-for-STM32/bin/../lib/gcc/arm-none-eabi/14.3.1/../../../../arm-none-eabi/lib/thumb/v7-m/nofp\libg_nano.a(libc_a-memchr-stub.o)
 .comment       0x00000043       0x44 C:/ST/STM32CubeCLT_1.21.0/GNU-tools-for-STM32/bin/../lib/gcc/arm-none-eabi/14.3.1/../../../../arm-none-eabi/lib/thumb/v7-m/nofp\libg_nano.a(libc_a-memcpy-stub.o)
 .comment       0x00000043       0x44 C:/ST/STM32CubeCLT_1.21.0/GNU-tools-for-STM32/bin/../lib/gcc/arm-none-eabi/14.3.1/../../../../arm-none-eabi/lib/thumb/v7-m/nofp\libg_nano.a(libc_a-abort.o)
 .comment       0x00000043       0x44 C:/ST/STM32CubeCLT_1.21.0/GNU-tools-for-STM32/bin/../lib/gcc/arm-none-eabi/14.3.1/../../../../arm-none-eabi/lib/thumb/v7-m/nofp\libg_nano.a(libc_a-reallocr.o)
 .comment       0x00000043       0x44 C:/ST/STM32CubeCLT_1.21.0/GNU-tools-for-STM32/bin/../lib/gcc/arm-none-eabi/14.3.1/../../../../arm-none-eabi/lib/thumb/v7-m/nofp\libg_nano.a(libc_a-nano-vfprintf.o)
 .comment       0x00000043       0x44 C:/ST/STM32CubeCLT_1.21.0/GNU-tools-for-STM32/bin/../lib/gcc/arm-none-eabi/14.3.1/../../../../arm-none-eabi/lib/thumb/v7-m/nofp\libg_nano.a(libc_a-wbuf.o)
 .comment       0x00000043       0x44 C:/ST/STM32CubeCLT_1.21.0/GNU-tools-for-STM32/bin/../lib/gcc/arm-none-eabi/14.3.1/../../../../arm-none-eabi/lib/thumb/v7-m/nofp\libg_nano.a(libc_a-wsetup.o)
 .comment       0x00000043       0x44 C:/ST/STM32CubeCLT_1.21.0/GNU-tools-for-STM32/bin/../lib/gcc/arm-none-eabi/14.3.1/../../../../arm-none-eabi/lib/thumb/v7-m/nofp\libg_nano.a(libc_a-signal.o)
 .comment       0x00000043       0x44 C:/ST/STM32CubeCLT_1.21.0/GNU-tools-for-STM32/bin/../lib/gcc/arm-none-eabi/14.3.1/../../../../arm-none-eabi/lib/thumb/v7-m/nofp\libg_nano.a(libc_a-signalr.o)
 .comment       0x00000043       0x44 C:/ST/STM32CubeCLT_1.21.0/GNU-tools-for-STM32/bin/../lib/gcc/arm-none-eabi/14.3.1/../../../../arm-none-eabi/lib/thumb/v7-m/nofp\libg_nano.a(libc_a-msizer.o)
 .comment       0x00000043       0x44 C:/ST/STM32CubeCLT_1.21.0/GNU-tools-for-STM32/bin/../lib/gcc/arm-none-eabi/14.3.1/../../../../arm-none-eabi/lib/thumb/v7-m/nofp\libg_nano.a(libc_a-makebuf.o)
 .comment       0x00000043       0x44 C:/ST/STM32CubeCLT_1.21.0/GNU-tools-for-STM32/bin/../lib/gcc/arm-none-eabi/14.3.1/../../../../arm-none-eabi/lib/thumb/v7-m/nofp\libg_nano.a(libc_a-fstatr.o)
 .comment       0x00000043       0x44 C:/ST/STM32CubeCLT_1.21.0/GNU-tools-for-STM32/bin/../lib/gcc/arm-none-eabi/14.3.1/../../../../arm-none-eabi/lib/thumb/v7-m/nofp\libg_nano.a(libc_a-isattyr.o)

.debug_frame    0x00000000     0x4280
 .debug_frame   0x00000000      0x144 C:/ST/STM32CubeCLT_1.21.0/GNU-tools-for-STM32/bin/../lib/gcc/arm-none-eabi/14.3.1/../../../../arm-none-eabi/lib/thumb/v7-m/nofp\libc_nano.a(libc_a-findfp.o)
 .debug_frame   0x00000144       0x34 C:/ST/STM32CubeCLT_1.21.0/GNU-tools-for-STM32/bin/../lib/gcc/arm-none-eabi/14.3.1/../../../../arm-none-eabi/lib/thumb/v7-m/nofp\libc_nano.a(libc_a-fwalk.o)
 .debug_frame   0x00000178       0x88 C:/ST/STM32CubeCLT_1.21.0/GNU-tools-for-STM32/bin/../lib/gcc/arm-none-eabi/14.3.1/../../../../arm-none-eabi/lib/thumb/v7-m/nofp\libc_nano.a(libc_a-stdio.o)
 .debug_frame   0x00000200       0x20 C:/ST/STM32CubeCLT_1.21.0/GNU-tools-for-STM32/bin/../lib/gcc/arm-none-eabi/14.3.1/../../../../arm-none-eabi/lib/thumb/v7-m/nofp\libc_nano.a(libc_a-memset.o)
 .debug_frame   0x00000220       0x2c C:/ST/STM32CubeCLT_1.21.0/GNU-tools-for-STM32/bin/../lib/gcc/arm-none-eabi/14.3.1/../../../../arm-none-eabi/lib/thumb/v7-m/nofp\libc_nano.a(libc_a-closer.o)
 .debug_frame   0x0000024c       0x38 C:/ST/STM32CubeCLT_1.21.0/GNU-tools-for-STM32/bin/../lib/gcc/arm-none-eabi/14.3.1/../../../../arm-none-eabi/lib/thumb/v7-m/nofp\libc_nano.a(libc_a-reent.o)
 .debug_frame   0x00000284       0x2c C:/ST/STM32CubeCLT_1.21.0/GNU-tools-for-STM32/bin/../lib/gcc/arm-none-eabi/14.3.1/../../../../arm-none-eabi/lib/thumb/v7-m/nofp\libc_nano.a(libc_a-lseekr.o)
 .debug_frame   0x000002b0       0x2c C:/ST/STM32CubeCLT_1.21.0/GNU-tools-for-STM32/bin/../lib/gcc/arm-none-eabi/14.3.1/../../../../arm-none-eabi/lib/thumb/v7-m/nofp\libc_nano.a(libc_a-readr.o)
 .debug_frame   0x000002dc       0x2c C:/ST/STM32CubeCLT_1.21.0/GNU-tools-for-STM32/bin/../lib/gcc/arm-none-eabi/14.3.1/../../../../arm-none-eabi/lib/thumb/v7-m/nofp\libc_nano.a(libc_a-writer.o)
 .debug_frame   0x00000308       0x2c C:/ST/STM32CubeCLT_1.21.0/GNU-tools-for-STM32/bin/../lib/gcc/arm-none-eabi/14.3.1/../../../../arm-none-eabi/lib/thumb/v7-m/nofp\libc_nano.a(libc_a-init.o)
 .debug_frame   0x00000334       0xb0 C:/ST/STM32CubeCLT_1.21.0/GNU-tools-for-STM32/bin/../lib/gcc/arm-none-eabi/14.3.1/../../../../arm-none-eabi/lib/thumb/v7-m/nofp\libc_nano.a(libc_a-lock.o)
 .debug_frame   0x000003e4       0x38 C:/ST/STM32CubeCLT_1.21.0/GNU-tools-for-STM32/bin/../lib/gcc/arm-none-eabi/14.3.1/../../../../arm-none-eabi/lib/thumb/v7-m/nofp\libc_nano.a(libc_a-freer.o)
 .debug_frame   0x0000041c       0x50 C:/ST/STM32CubeCLT_1.21.0/GNU-tools-for-STM32/bin/../lib/gcc/arm-none-eabi/14.3.1/../../../../arm-none-eabi/lib/thumb/v7-m/nofp\libc_nano.a(libc_a-mallocr.o)
 .debug_frame   0x0000046c       0x30 C:/ST/STM32CubeCLT_1.21.0/GNU-tools-for-STM32/bin/../lib/gcc/arm-none-eabi/14.3.1/../../../../arm-none-eabi/lib/thumb/v7-m/nofp\libc_nano.a(libc_a-mlock.o)
 .debug_frame   0x0000049c       0x5c C:/ST/STM32CubeCLT_1.21.0/GNU-tools-for-STM32/bin/../lib/gcc/arm-none-eabi/14.3.1/../../../../arm-none-eabi/lib/thumb/v7-m/nofp\libc_nano.a(libc_a-fflush.o)
 .debug_frame   0x000004f8       0x2c C:/ST/STM32CubeCLT_1.21.0/GNU-tools-for-STM32/bin/../lib/gcc/arm-none-eabi/14.3.1/../../../../arm-none-eabi/lib/thumb/v7-m/nofp\libc_nano.a(libc_a-sbrkr.o)
 .debug_frame   0x00000524      0x190 CMakeFiles/BoardTest.dir/App/Src/board.c.obj
 .debug_frame   0x000006b4       0xa4 CMakeFiles/BoardTest.dir/App/Src/Pump.c.obj
 .debug_frame   0x00000758       0x90 CMakeFiles/BoardTest.dir/App/Src/app.c.obj
 .debug_frame   0x000007e8       0x58 CMakeFiles/BoardTest.dir/App/Src/interrupt.c.obj
 .debug_frame   0x00000840       0xa0 CMakeFiles/BoardTest.dir/Common/Src/log.c.obj
 .debug_frame   0x000008e0       0x44 CMakeFiles/BoardTest.dir/Core/Src/main.c.obj
 .debug_frame   0x00000924       0x34 CMakeFiles/BoardTest.dir/Core/Src/gpio.c.obj
 .debug_frame   0x00000958       0xe8 CMakeFiles/BoardTest.dir/Core/Src/tim.c.obj
 .debug_frame   0x00000a40       0xac CMakeFiles/BoardTest.dir/Core/Src/usart.c.obj
 .debug_frame   0x00000aec      0x1bc CMakeFiles/BoardTest.dir/Core/Src/stm32f1xx_it.c.obj
 .debug_frame   0x00000ca8       0x34 CMakeFiles/BoardTest.dir/Core/Src/stm32f1xx_hal_msp.c.obj
 .debug_frame   0x00000cdc      0x2e4 CMakeFiles/BoardTest.dir/Drivers/STM32F1xx_HAL_Driver/Src/stm32f1xx_hal.c.obj
 .debug_frame   0x00000fc0      0x1f8 CMakeFiles/BoardTest.dir/Drivers/STM32F1xx_HAL_Driver/Src/stm32f1xx_hal_rcc.c.obj
 .debug_frame   0x000011b8       0x7c CMakeFiles/BoardTest.dir/Drivers/STM32F1xx_HAL_Driver/Src/stm32f1xx_hal_rcc_ex.c.obj
 .debug_frame   0x00001234      0x130 CMakeFiles/BoardTest.dir/Drivers/STM32F1xx_HAL_Driver/Src/stm32f1xx_hal_gpio.c.obj
 .debug_frame   0x00001364      0x1e8 CMakeFiles/BoardTest.dir/Drivers/STM32F1xx_HAL_Driver/Src/stm32f1xx_hal_dma.c.obj
 .debug_frame   0x0000154c      0x3f0 CMakeFiles/BoardTest.dir/Drivers/STM32F1xx_HAL_Driver/Src/stm32f1xx_hal_cortex.c.obj
 .debug_frame   0x0000193c     0x10e8 CMakeFiles/BoardTest.dir/Drivers/STM32F1xx_HAL_Driver/Src/stm32f1xx_hal_tim.c.obj
 .debug_frame   0x00002a24      0x600 CMakeFiles/BoardTest.dir/Drivers/STM32F1xx_HAL_Driver/Src/stm32f1xx_hal_tim_ex.c.obj
 .debug_frame   0x00003024      0x8dc CMakeFiles/BoardTest.dir/Drivers/STM32F1xx_HAL_Driver/Src/stm32f1xx_hal_uart.c.obj
 .debug_frame   0x00003900       0x50 CMakeFiles/BoardTest.dir/Core/Src/system_stm32f1xx.c.obj
 .debug_frame   0x00003950       0x34 CMakeFiles/BoardTest.dir/Core/Src/sysmem.c.obj
 .debug_frame   0x00003984      0x288 CMakeFiles/BoardTest.dir/Core/Src/syscalls.c.obj
 .debug_frame   0x00003c0c       0x44 C:/ST/STM32CubeCLT_1.21.0/GNU-tools-for-STM32/bin/../lib/gcc/arm-none-eabi/14.3.1/../../../../arm-none-eabi/lib/thumb/v7-m/nofp\libg_nano.a(libc_a-rand.o)
 .debug_frame   0x00003c50       0x74 C:/ST/STM32CubeCLT_1.21.0/GNU-tools-for-STM32/bin/../lib/gcc/arm-none-eabi/14.3.1/../../../../arm-none-eabi/lib/thumb/v7-m/nofp\libg_nano.a(libc_a-sprintf.o)
 .debug_frame   0x00003cc4       0x20 C:/ST/STM32CubeCLT_1.21.0/GNU-tools-for-STM32/bin/../lib/gcc/arm-none-eabi/14.3.1/../../../../arm-none-eabi/lib/thumb/v7-m/nofp\libg_nano.a(libc_a-errno.o)
 .debug_frame   0x00003ce4       0x20 C:/ST/STM32CubeCLT_1.21.0/GNU-tools-for-STM32/bin/../lib/gcc/arm-none-eabi/14.3.1/../../../../arm-none-eabi/lib/thumb/v7-m/nofp\libg_nano.a(libc_a-strlen.o)
 .debug_frame   0x00003d04       0x40 C:/ST/STM32CubeCLT_1.21.0/GNU-tools-for-STM32/bin/../lib/gcc/arm-none-eabi/14.3.1/../../../../arm-none-eabi/lib/thumb/v7-m/nofp\libg_nano.a(libc_a-assert.o)
 .debug_frame   0x00003d44       0x30 C:/ST/STM32CubeCLT_1.21.0/GNU-tools-for-STM32/bin/../lib/gcc/arm-none-eabi/14.3.1/../../../../arm-none-eabi/lib/thumb/v7-m/nofp\libg_nano.a(libc_a-malloc.o)
 .debug_frame   0x00003d74       0x90 C:/ST/STM32CubeCLT_1.21.0/GNU-tools-for-STM32/bin/../lib/gcc/arm-none-eabi/14.3.1/../../../../arm-none-eabi/lib/thumb/v7-m/nofp\libg_nano.a(libc_a-nano-svfprintf.o)
 .debug_frame   0x00003e04       0x60 C:/ST/STM32CubeCLT_1.21.0/GNU-tools-for-STM32/bin/../lib/gcc/arm-none-eabi/14.3.1/../../../../arm-none-eabi/lib/thumb/v7-m/nofp\libg_nano.a(libc_a-nano-vfprintf_i.o)
 .debug_frame   0x00003e64       0x5c C:/ST/STM32CubeCLT_1.21.0/GNU-tools-for-STM32/bin/../lib/gcc/arm-none-eabi/14.3.1/../../../../arm-none-eabi/lib/thumb/v7-m/nofp\libg_nano.a(libc_a-fprintf.o)
 .debug_frame   0x00003ec0       0x28 C:/ST/STM32CubeCLT_1.21.0/GNU-tools-for-STM32/bin/../lib/gcc/arm-none-eabi/14.3.1/../../../../arm-none-eabi/lib/thumb/v7-m/nofp\libg_nano.a(libc_a-memmove.o)
 .debug_frame   0x00003ee8       0x28 C:/ST/STM32CubeCLT_1.21.0/GNU-tools-for-STM32/bin/../lib/gcc/arm-none-eabi/14.3.1/../../../../arm-none-eabi/lib/thumb/v7-m/nofp\libg_nano.a(libc_a-memchr-stub.o)
 .debug_frame   0x00003f10       0x28 C:/ST/STM32CubeCLT_1.21.0/GNU-tools-for-STM32/bin/../lib/gcc/arm-none-eabi/14.3.1/../../../../arm-none-eabi/lib/thumb/v7-m/nofp\libg_nano.a(libc_a-memcpy-stub.o)
 .debug_frame   0x00003f38       0x28 C:/ST/STM32CubeCLT_1.21.0/GNU-tools-for-STM32/bin/../lib/gcc/arm-none-eabi/14.3.1/../../../../arm-none-eabi/lib/thumb/v7-m/nofp\libg_nano.a(libc_a-abort.o)
 .debug_frame   0x00003f60       0x3c C:/ST/STM32CubeCLT_1.21.0/GNU-tools-for-STM32/bin/../lib/gcc/arm-none-eabi/14.3.1/../../../../arm-none-eabi/lib/thumb/v7-m/nofp\libg_nano.a(libc_a-reallocr.o)
 .debug_frame   0x00003f9c       0xa0 C:/ST/STM32CubeCLT_1.21.0/GNU-tools-for-STM32/bin/../lib/gcc/arm-none-eabi/14.3.1/../../../../arm-none-eabi/lib/thumb/v7-m/nofp\libg_nano.a(libc_a-nano-vfprintf.o)
 .debug_frame   0x0000403c       0x40 C:/ST/STM32CubeCLT_1.21.0/GNU-tools-for-STM32/bin/../lib/gcc/arm-none-eabi/14.3.1/../../../../arm-none-eabi/lib/thumb/v7-m/nofp\libg_nano.a(libc_a-wbuf.o)
 .debug_frame   0x0000407c       0x2c C:/ST/STM32CubeCLT_1.21.0/GNU-tools-for-STM32/bin/../lib/gcc/arm-none-eabi/14.3.1/../../../../arm-none-eabi/lib/thumb/v7-m/nofp\libg_nano.a(libc_a-wsetup.o)
 .debug_frame   0x000040a8       0xcc C:/ST/STM32CubeCLT_1.21.0/GNU-tools-for-STM32/bin/../lib/gcc/arm-none-eabi/14.3.1/../../../../arm-none-eabi/lib/thumb/v7-m/nofp\libg_nano.a(libc_a-signal.o)
 .debug_frame   0x00004174       0x3c C:/ST/STM32CubeCLT_1.21.0/GNU-tools-for-STM32/bin/../lib/gcc/arm-none-eabi/14.3.1/../../../../arm-none-eabi/lib/thumb/v7-m/nofp\libg_nano.a(libc_a-signalr.o)
 .debug_frame   0x000041b0       0x20 C:/ST/STM32CubeCLT_1.21.0/GNU-tools-for-STM32/bin/../lib/gcc/arm-none-eabi/14.3.1/../../../../arm-none-eabi/lib/thumb/v7-m/nofp\libg_nano.a(libc_a-msizer.o)
 .debug_frame   0x000041d0       0x58 C:/ST/STM32CubeCLT_1.21.0/GNU-tools-for-STM32/bin/../lib/gcc/arm-none-eabi/14.3.1/../../../../arm-none-eabi/lib/thumb/v7-m/nofp\libg_nano.a(libc_a-makebuf.o)
 .debug_frame   0x00004228       0x2c C:/ST/STM32CubeCLT_1.21.0/GNU-tools-for-STM32/bin/../lib/gcc/arm-none-eabi/14.3.1/../../../../arm-none-eabi/lib/thumb/v7-m/nofp\libg_nano.a(libc_a-fstatr.o)
 .debug_frame   0x00004254       0x2c C:/ST/STM32CubeCLT_1.21.0/GNU-tools-for-STM32/bin/../lib/gcc/arm-none-eabi/14.3.1/../../../../arm-none-eabi/lib/thumb/v7-m/nofp\libg_nano.a(libc_a-isattyr.o)

.debug_info     0x00000000    0x1a7a6
 .debug_info    0x00000000     0x100e CMakeFiles/BoardTest.dir/App/Src/board.c.obj
 .debug_info    0x0000100e      0x3cd CMakeFiles/BoardTest.dir/App/Src/Pump.c.obj
 .debug_info    0x000013db      0x916 CMakeFiles/BoardTest.dir/App/Src/app.c.obj
 .debug_info    0x00001cf1      0xb5e CMakeFiles/BoardTest.dir/App/Src/interrupt.c.obj
 .debug_info    0x0000284f      0x701 CMakeFiles/BoardTest.dir/Common/Src/log.c.obj
 .debug_info    0x00002f50      0x205 CMakeFiles/BoardTest.dir/Core/Src/main.c.obj
 .debug_info    0x00003155      0x2d3 CMakeFiles/BoardTest.dir/Core/Src/gpio.c.obj
 .debug_info    0x00003428      0xae6 CMakeFiles/BoardTest.dir/Core/Src/tim.c.obj
 .debug_info    0x00003f0e      0x9e0 CMakeFiles/BoardTest.dir/Core/Src/usart.c.obj
 .debug_info    0x000048ee      0x9d6 CMakeFiles/BoardTest.dir/Core/Src/stm32f1xx_it.c.obj
 .debug_info    0x000052c4      0x1f1 CMakeFiles/BoardTest.dir/Core/Src/stm32f1xx_hal_msp.c.obj
 .debug_info    0x000054b5      0x704 CMakeFiles/BoardTest.dir/Drivers/STM32F1xx_HAL_Driver/Src/stm32f1xx_hal.c.obj
 .debug_info    0x00005bb9      0x7d5 CMakeFiles/BoardTest.dir/Drivers/STM32F1xx_HAL_Driver/Src/stm32f1xx_hal_rcc.c.obj
 .debug_info    0x0000638e      0x3c0 CMakeFiles/BoardTest.dir/Drivers/STM32F1xx_HAL_Driver/Src/stm32f1xx_hal_rcc_ex.c.obj
 .debug_info    0x0000674e      0x5ab CMakeFiles/BoardTest.dir/Drivers/STM32F1xx_HAL_Driver/Src/stm32f1xx_hal_gpio.c.obj
 .debug_info    0x00006cf9      0x6d2 CMakeFiles/BoardTest.dir/Drivers/STM32F1xx_HAL_Driver/Src/stm32f1xx_hal_dma.c.obj
 .debug_info    0x000073cb      0xa87 CMakeFiles/BoardTest.dir/Drivers/STM32F1xx_HAL_Driver/Src/stm32f1xx_hal_cortex.c.obj
 .debug_info    0x00007e52     0x2959 CMakeFiles/BoardTest.dir/Drivers/STM32F1xx_HAL_Driver/Src/stm32f1xx_hal_tim.c.obj
 .debug_info    0x0000a7ab     0x149b CMakeFiles/BoardTest.dir/Drivers/STM32F1xx_HAL_Driver/Src/stm32f1xx_hal_tim_ex.c.obj
 .debug_info    0x0000bc46     0x2eed CMakeFiles/BoardTest.dir/Drivers/STM32F1xx_HAL_Driver/Src/stm32f1xx_hal_uart.c.obj
 .debug_info    0x0000eb33      0x222 CMakeFiles/BoardTest.dir/Core/Src/system_stm32f1xx.c.obj
 .debug_info    0x0000ed55      0x168 CMakeFiles/BoardTest.dir/Core/Src/sysmem.c.obj
 .debug_info    0x0000eebd      0x6a3 CMakeFiles/BoardTest.dir/Core/Src/syscalls.c.obj
 .debug_info    0x0000f560       0x30 CMakeFiles/BoardTest.dir/startup_stm32f103xb.s.obj
 .debug_info    0x0000f590      0x867 C:/ST/STM32CubeCLT_1.21.0/GNU-tools-for-STM32/bin/../lib/gcc/arm-none-eabi/14.3.1/../../../../arm-none-eabi/lib/thumb/v7-m/nofp\libg_nano.a(libc_a-rand.o)
 .debug_info    0x0000fdf7      0x885 C:/ST/STM32CubeCLT_1.21.0/GNU-tools-for-STM32/bin/../lib/gcc/arm-none-eabi/14.3.1/../../../../arm-none-eabi/lib/thumb/v7-m/nofp\libg_nano.a(libc_a-sprintf.o)
 .debug_info    0x0001067c      0x6fb C:/ST/STM32CubeCLT_1.21.0/GNU-tools-for-STM32/bin/../lib/gcc/arm-none-eabi/14.3.1/../../../../arm-none-eabi/lib/thumb/v7-m/nofp\libg_nano.a(libc_a-errno.o)
 .debug_info    0x00010d77       0x31 C:/ST/STM32CubeCLT_1.21.0/GNU-tools-for-STM32/bin/../lib/gcc/arm-none-eabi/14.3.1/../../../../arm-none-eabi/lib/thumb/v7-m/nofp\libg_nano.a(libc_a-strlen.o)
 .debug_info    0x00010da8      0x836 C:/ST/STM32CubeCLT_1.21.0/GNU-tools-for-STM32/bin/../lib/gcc/arm-none-eabi/14.3.1/../../../../arm-none-eabi/lib/thumb/v7-m/nofp\libg_nano.a(libc_a-assert.o)
 .debug_info    0x000115de      0x7a0 C:/ST/STM32CubeCLT_1.21.0/GNU-tools-for-STM32/bin/../lib/gcc/arm-none-eabi/14.3.1/../../../../arm-none-eabi/lib/thumb/v7-m/nofp\libg_nano.a(libc_a-malloc.o)
 .debug_info    0x00011d7e     0x10b3 C:/ST/STM32CubeCLT_1.21.0/GNU-tools-for-STM32/bin/../lib/gcc/arm-none-eabi/14.3.1/../../../../arm-none-eabi/lib/thumb/v7-m/nofp\libg_nano.a(libc_a-nano-svfprintf.o)
 .debug_info    0x00012e31      0xde2 C:/ST/STM32CubeCLT_1.21.0/GNU-tools-for-STM32/bin/../lib/gcc/arm-none-eabi/14.3.1/../../../../arm-none-eabi/lib/thumb/v7-m/nofp\libg_nano.a(libc_a-nano-vfprintf_i.o)
 .debug_info    0x00013c13      0x867 C:/ST/STM32CubeCLT_1.21.0/GNU-tools-for-STM32/bin/../lib/gcc/arm-none-eabi/14.3.1/../../../../arm-none-eabi/lib/thumb/v7-m/nofp\libg_nano.a(libc_a-fprintf.o)
 .debug_info    0x0001447a      0x10f C:/ST/STM32CubeCLT_1.21.0/GNU-tools-for-STM32/bin/../lib/gcc/arm-none-eabi/14.3.1/../../../../arm-none-eabi/lib/thumb/v7-m/nofp\libg_nano.a(libc_a-memmove.o)
 .debug_info    0x00014589      0x110 C:/ST/STM32CubeCLT_1.21.0/GNU-tools-for-STM32/bin/../lib/gcc/arm-none-eabi/14.3.1/../../../../arm-none-eabi/lib/thumb/v7-m/nofp\libg_nano.a(libc_a-memchr-stub.o)
 .debug_info    0x00014699      0x121 C:/ST/STM32CubeCLT_1.21.0/GNU-tools-for-STM32/bin/../lib/gcc/arm-none-eabi/14.3.1/../../../../arm-none-eabi/lib/thumb/v7-m/nofp\libg_nano.a(libc_a-memcpy-stub.o)
 .debug_info    0x000147ba       0xd8 C:/ST/STM32CubeCLT_1.21.0/GNU-tools-for-STM32/bin/../lib/gcc/arm-none-eabi/14.3.1/../../../../arm-none-eabi/lib/thumb/v7-m/nofp\libg_nano.a(libc_a-abort.o)
 .debug_info    0x00014892      0x8cd C:/ST/STM32CubeCLT_1.21.0/GNU-tools-for-STM32/bin/../lib/gcc/arm-none-eabi/14.3.1/../../../../arm-none-eabi/lib/thumb/v7-m/nofp\libg_nano.a(libc_a-reallocr.o)
 .debug_info    0x0001515f     0x1094 C:/ST/STM32CubeCLT_1.21.0/GNU-tools-for-STM32/bin/../lib/gcc/arm-none-eabi/14.3.1/../../../../arm-none-eabi/lib/thumb/v7-m/nofp\libg_nano.a(libc_a-nano-vfprintf.o)
 .debug_info    0x000161f3      0x874 C:/ST/STM32CubeCLT_1.21.0/GNU-tools-for-STM32/bin/../lib/gcc/arm-none-eabi/14.3.1/../../../../arm-none-eabi/lib/thumb/v7-m/nofp\libg_nano.a(libc_a-wbuf.o)
 .debug_info    0x00016a67      0x7bb C:/ST/STM32CubeCLT_1.21.0/GNU-tools-for-STM32/bin/../lib/gcc/arm-none-eabi/14.3.1/../../../../arm-none-eabi/lib/thumb/v7-m/nofp\libg_nano.a(libc_a-wsetup.o)
 .debug_info    0x00017222      0xa13 C:/ST/STM32CubeCLT_1.21.0/GNU-tools-for-STM32/bin/../lib/gcc/arm-none-eabi/14.3.1/../../../../arm-none-eabi/lib/thumb/v7-m/nofp\libg_nano.a(libc_a-signal.o)
 .debug_info    0x00017c35      0x7ea C:/ST/STM32CubeCLT_1.21.0/GNU-tools-for-STM32/bin/../lib/gcc/arm-none-eabi/14.3.1/../../../../arm-none-eabi/lib/thumb/v7-m/nofp\libg_nano.a(libc_a-signalr.o)
 .debug_info    0x0001841f      0x794 C:/ST/STM32CubeCLT_1.21.0/GNU-tools-for-STM32/bin/../lib/gcc/arm-none-eabi/14.3.1/../../../../arm-none-eabi/lib/thumb/v7-m/nofp\libg_nano.a(libc_a-msizer.o)
 .debug_info    0x00018bb3      0xb15 C:/ST/STM32CubeCLT_1.21.0/GNU-tools-for-STM32/bin/../lib/gcc/arm-none-eabi/14.3.1/../../../../arm-none-eabi/lib/thumb/v7-m/nofp\libg_nano.a(libc_a-makebuf.o)
 .debug_info    0x000196c8      0x981 C:/ST/STM32CubeCLT_1.21.0/GNU-tools-for-STM32/bin/../lib/gcc/arm-none-eabi/14.3.1/../../../../arm-none-eabi/lib/thumb/v7-m/nofp\libg_nano.a(libc_a-fstatr.o)
 .debug_info    0x0001a049      0x75d C:/ST/STM32CubeCLT_1.21.0/GNU-tools-for-STM32/bin/../lib/gcc/arm-none-eabi/14.3.1/../../../../arm-none-eabi/lib/thumb/v7-m/nofp\libg_nano.a(libc_a-isattyr.o)

.debug_abbrev   0x00000000     0x5641
 .debug_abbrev  0x00000000      0x2e3 CMakeFiles/BoardTest.dir/App/Src/board.c.obj
 .debug_abbrev  0x000002e3      0x1fb CMakeFiles/BoardTest.dir/App/Src/Pump.c.obj
 .debug_abbrev  0x000004de      0x229 CMakeFiles/BoardTest.dir/App/Src/app.c.obj
 .debug_abbrev  0x00000707      0x207 CMakeFiles/BoardTest.dir/App/Src/interrupt.c.obj
 .debug_abbrev  0x0000090e      0x1e6 CMakeFiles/BoardTest.dir/Common/Src/log.c.obj