Archive member included to satisfy reference by file (symbol)

c:/st/stm32cubeide_1.6.1/stm32cubeide/plugins/com.st.stm32cube.ide.mcu.externaltools.gnu-tools-for-stm32.9-2020-q2-update.win32_1.5.0.202011040924/tools/bin/../lib/gcc/arm-none-eabi/9.3.1/../../../../arm-none-eabi/lib/thumb/v7-m/nofp\libc_nano.a(lib_a-errno.o)
                              Core/Src/syscalls.o (__errno)
c:/st/stm32cubeide_1.6.1/stm32cubeide/plugins/com.st.stm32cube.ide.mcu.externaltools.gnu-tools-for-stm32.9-2020-q2-update.win32_1.5.0.202011040924/tools/bin/../lib/gcc/arm-none-eabi/9.3.1/../../../../arm-none-eabi/lib/thumb/v7-m/nofp\libc_nano.a(lib_a-exit.o)
                              c:/st/stm32cubeide_1.6.1/stm32cubeide/plugins/com.st.stm32cube.ide.mcu.externaltools.gnu-tools-for-stm32.9-2020-q2-update.win32_1.5.0.202011040924/tools/bin/../lib/gcc/arm-none-eabi/9.3.1/../../../../arm-none-eabi/lib/thumb/v7-m/nofp/crt0.o (exit)
c:/st/stm32cubeide_1.6.1/stm32cubeide/plugins/com.st.stm32cube.ide.mcu.externaltools.gnu-tools-for-stm32.9-2020-q2-update.win32_1.5.0.202011040924/tools/bin/../lib/gcc/arm-none-eabi/9.3.1/../../../../arm-none-eabi/lib/thumb/v7-m/nofp\libc_nano.a(lib_a-impure.o)
                              c:/st/stm32cubeide_1.6.1/stm32cubeide/plugins/com.st.stm32cube.ide.mcu.externaltools.gnu-tools-for-stm32.9-2020-q2-update.win32_1.5.0.202011040924/tools/bin/../lib/gcc/arm-none-eabi/9.3.1/../../../../arm-none-eabi/lib/thumb/v7-m/nofp\libc_nano.a(lib_a-exit.o) (_global_impure_ptr)
c:/st/stm32cubeide_1.6.1/stm32cubeide/plugins/com.st.stm32cube.ide.mcu.externaltools.gnu-tools-for-stm32.9-2020-q2-update.win32_1.5.0.202011040924/tools/bin/../lib/gcc/arm-none-eabi/9.3.1/../../../../arm-none-eabi/lib/thumb/v7-m/nofp\libc_nano.a(lib_a-init.o)
                              c:/st/stm32cubeide_1.6.1/stm32cubeide/plugins/com.st.stm32cube.ide.mcu.externaltools.gnu-tools-for-stm32.9-2020-q2-update.win32_1.5.0.202011040924/tools/bin/../lib/gcc/arm-none-eabi/9.3.1/../../../../arm-none-eabi/lib/thumb/v7-m/nofp/crt0.o (__libc_init_array)
c:/st/stm32cubeide_1.6.1/stm32cubeide/plugins/com.st.stm32cube.ide.mcu.externaltools.gnu-tools-for-stm32.9-2020-q2-update.win32_1.5.0.202011040924/tools/bin/../lib/gcc/arm-none-eabi/9.3.1/../../../../arm-none-eabi/lib/thumb/v7-m/nofp\libc_nano.a(lib_a-memset.o)
                              c:/st/stm32cubeide_1.6.1/stm32cubeide/plugins/com.st.stm32cube.ide.mcu.externaltools.gnu-tools-for-stm32.9-2020-q2-update.win32_1.5.0.202011040924/tools/bin/../lib/gcc/arm-none-eabi/9.3.1/../../../../arm-none-eabi/lib/thumb/v7-m/nofp/crt0.o (memset)
c:/st/stm32cubeide_1.6.1/stm32cubeide/plugins/com.st.stm32cube.ide.mcu.externaltools.gnu-tools-for-stm32.9-2020-q2-update.win32_1.5.0.202011040924/tools/bin/../lib/gcc/arm-none-eabi/9.3.1/../../../../arm-none-eabi/lib/thumb/v7-m/nofp\libc_nano.a(lib_a-strlen.o)
                              App/Src/app.o (strlen)

Allocating common symbols
Common symbol       size              file

logLen              0x1               Common/src/log.o
recUART3            0x1               App/Src/board.o
htim4               0x48              Core/Src/tim.o
huart3              0x48              Core/Src/usart.o
RS485Ch1            0x68              App/Src/app.o
hiwdg               0xc               Core/Src/iwdg.o
log1                0xc8              Common/src/log.o
uwTick              0x4               Drivers/STM32F1xx_HAL_Driver/Src/stm32f1xx_hal.o
pFlash              0x20              Drivers/STM32F1xx_HAL_Driver/Src/stm32f1xx_hal_flash.o
Beacon              0x1f              App/Src/board.o
htim3               0x48              Core/Src/tim.o
hadc1               0x30              Core/Src/adc.o
recUART2            0x1               App/Src/board.o
huart1              0x48              Core/Src/usart.o
Address             0x7               App/Src/board.o
Lora_u8Seq          0x1               App/Src/app.o
htim1               0x48              Core/Src/tim.o
htim2               0x48              Core/Src/tim.o
huart2              0x48              Core/Src/usart.o
RS485Ch3            0x68              App/Src/app.o
recUART1            0x1               App/Src/board.o
logTime             0x2               Common/src/log.o

Discarded input sections

 .text          0x0000000000000000        0x0 c:/st/stm32cubeide_1.6.1/stm32cubeide/plugins/com.st.stm32cube.ide.mcu.externaltools.gnu-tools-for-stm32.9-2020-q2-update.win32_1.5.0.202011040924/tools/bin/../lib/gcc/arm-none-eabi/9.3.1/thumb/v7-m/nofp/crti.o
 .data          0x0000000000000000        0x0 c:/st/stm32cubeide_1.6.1/stm32cubeide/plugins/com.st.stm32cube.ide.mcu.externaltools.gnu-tools-for-stm32.9-2020-q2-update.win32_1.5.0.202011040924/tools/bin/../lib/gcc/arm-none-eabi/9.3.1/thumb/v7-m/nofp/crti.o
[...]
Memory Configuration

Name             Origin             Length             Attributes
RAM              0x0000000020000000 0x0000000000005000 xrw
FLASH            0x0000000008000000 0x0000000000010000 xr
*default*        0x0000000000000000 0xffffffffffffffff

Linker script and memory map

LOAD c:/st/stm32cubeide_1.6.1/stm32cubeide/plugins/com.st.stm32cube.ide.mcu.externaltools.gnu-tools-for-stm32.9-2020-q2-update.win32_1.5.0.202011040924/tools/bin/../lib/gcc/arm-none-eabi/9.3.1/thumb/v7-m/nofp/crti.o
LOAD c:/st/stm32cubeide_1.6.1/stm32cubeide/plugins/com.st.stm32cube.ide.mcu.externaltools.gnu-tools-for-stm32.9-2020-q2-update.win32_1.5.0.202011040924/tools/bin/../lib/gcc/arm-none-eabi/9.3.1/thumb/v7-m/nofp/crtbegin.o
LOAD c:/st/stm32cubeide_1.6.1/stm32cubeide/plugins/com.st.stm32cube.ide.mcu.externaltools.gnu-tools-for-stm32.9-2020-q2-update.win32_1.5.0.202011040924/tools/bin/../lib/gcc/arm-none-eabi/9.3.1/../../../../arm-none-eabi/lib/thumb/v7-m/nofp/crt0.o
LOAD App/Src/app.o
LOAD App/Src/board.o
LOAD App/Src/interrupt.o
LOAD Common/src/calculator.o
LOAD Common/src/log.o
LOAD Core/Src/adc.o
LOAD Core/Src/gpio.o
LOAD Core/Src/iwdg.o
LOAD Core/Src/main.o
LOAD Core/Src/stm32f1xx_hal_msp.o
LOAD Core/Src/stm32f1xx_it.o
LOAD Core/Src/syscalls.o
LOAD Core/Src/sysmem.o
LOAD Core/Src/system_stm32f1xx.o
LOAD Core/Src/tim.o
LOAD Core/Src/usart.o
LOAD Core/Startup/startup_stm32f103c8tx.o
LOAD Drivers/STM32F1xx_HAL_Driver/Src/stm32f1xx_hal.o
LOAD Drivers/STM32F1xx_HAL_Driver/Src/stm32f1xx_hal_adc.o
LOAD Drivers/STM32F1xx_HAL_Driver/Src/stm32f1xx_hal_adc_ex.o
LOAD Drivers/STM32F1xx_HAL_Driver/Src/stm32f1xx_hal_cortex.o
LOAD Drivers/STM32F1xx_HAL_Driver/Src/stm32f1xx_hal_dma.o
LOAD Drivers/STM32F1xx_HAL_Driver/Src/stm32f1xx_hal_exti.o
LOAD Drivers/STM32F1xx_HAL_Driver/Src/stm32f1xx_hal_flash.o
LOAD Drivers/STM32F1xx_HAL_Driver/Src/stm32f1xx_hal_flash_ex.o
LOAD Drivers/STM32F1xx_HAL_Driver/Src/stm32f1xx_hal_gpio.o
LOAD Drivers/STM32F1xx_HAL_Driver/Src/stm32f1xx_hal_gpio_ex.o
LOAD Drivers/STM32F1xx_HAL_Driver/Src/stm32f1xx_hal_iwdg.o
LOAD Drivers/STM32F1xx_HAL_Driver/Src/stm32f1xx_hal_pwr.o
LOAD Drivers/STM32F1xx_HAL_Driver/Src/stm32f1xx_hal_rcc.o
LOAD Drivers/STM32F1xx_HAL_Driver/Src/stm32f1xx_hal_rcc_ex.o
LOAD Drivers/STM32F1xx_HAL_Driver/Src/stm32f1xx_hal_tim.o
LOAD Drivers/STM32F1xx_HAL_Driver/Src/stm32f1xx_hal_tim_ex.o
LOAD Drivers/STM32F1xx_HAL_Driver/Src/stm32f1xx_hal_uart.o
START GROUP
LOAD c:/st/stm32cubeide_1.6.1/stm32cubeide/plugins/com.st.stm32cube.ide.mcu.externaltools.gnu-tools-for-stm32.9-2020-q2-update.win32_1.5.0.202011040924/tools/bin/../lib/gcc/arm-none-eabi/9.3.1/../../../../arm-none-eabi/lib/thumb/v7-m/nofp\libc_nano.a
LOAD c:/st/stm32cubeide_1.6.1/stm32cubeide/plugins/com.st.stm32cube.ide.mcu.externaltools.gnu-tools-for-stm32.9-2020-q2-update.win32_1.5.0.202011040924/tools/bin/../lib/gcc/arm-none-eabi/9.3.1/../../../../arm-none-eabi/lib/thumb/v7-m/nofp\libm.a
END GROUP
START GROUP
LOAD c:/st/stm32cubeide_1.6.1/stm32cubeide/plugins/com.st.stm32cube.ide.mcu.externaltools.gnu-tools-for-stm32.9-2020-q2-update.win32_1.5.0.202011040924/tools/bin/../lib/gcc/arm-none-eabi/9.3.1/thumb/v7-m/nofp\libgcc.a
LOAD c:/st/stm32cubeide_1.6.1/stm32cubeide/plugins/com.st.stm32cube.ide.mcu.externaltools.gnu-tools-for-stm32.9-2020-q2-update.win32_1.5.0.202011040924/tools/bin/../lib/gcc/arm-none-eabi/9.3.1/../../../../arm-none-eabi/lib/thumb/v7-m/nofp\libc_nano.a
END GROUP
START GROUP
LOAD c:/st/stm32cubeide_1.6.1/stm32cubeide/plugins/com.st.stm32cube.ide.mcu.externaltools.gnu-tools-for-stm32.9-2020-q2-update.win32_1.5.0.202011040924/tools/bin/../lib/gcc/arm-none-eabi/9.3.1/thumb/v7-m/nofp\libgcc.a
LOAD c:/st/stm32cubeide_1.6.1/stm32cubeide/plugins/com.st.stm32cube.ide.mcu.externaltools.gnu-tools-for-stm32.9-2020-q2-update.win32_1.5.0.202011040924/tools/bin/../lib/gcc/arm-none-eabi/9.3.1/../../../../arm-none-eabi/lib/thumb/v7-m/nofp\libc_nano.a
LOAD c:/st/stm32cubeide_1.6.1/stm32cubeide/plugins/com.st.stm32cube.ide.mcu.externaltools.gnu-tools-for-stm32.9-2020-q2-update.win32_1.5.0.202011040924/tools/bin/../lib/gcc/arm-none-eabi/9.3.1/../../../../arm-none-eabi/lib/thumb/v7-m/nofp\libnosys.a
END GROUP
START GROUP
LOAD c:/st/stm32cubeide_1.6.1/stm32cubeide/plugins/com.st.stm32cube.ide.mcu.externaltools.gnu-tools-for-stm32.9-2020-q2-update.win32_1.5.0.202011040924/tools/bin/../lib/gcc/arm-none-eabi/9.3.1/thumb/v7-m/nofp\libgcc.a
LOAD c:/st/stm32cubeide_1.6.1/stm32cubeide/plugins/com.st.stm32cube.ide.mcu.externaltools.gnu-tools-for-stm32.9-2020-q2-update.win32_1.5.0.202011040924/tools/bin/../lib/gcc/arm-none-eabi/9.3.1/../../../../arm-none-eabi/lib/thumb/v7-m/nofp\libc_nano.a
LOAD c:/st/stm32cubeide_1.6.1/stm32cubeide/plugins/com.st.stm32cube.ide.mcu.externaltools.gnu-tools-for-stm32.9-2020-q2-update.win32_1.5.0.202011040924/tools/bin/../lib/gcc/arm-none-eabi/9.3.1/../../../../arm-none-eabi/lib/thumb/v7-m/nofp\libnosys.a
END GROUP
LOAD c:/st/stm32cubeide_1.6.1/stm32cubeide/plugins/com.st.stm32cube.ide.mcu.externaltools.gnu-tools-for-stm32.9-2020-q2-update.win32_1.5.0.202011040924/tools/bin/../lib/gcc/arm-none-eabi/9.3.1/thumb/v7-m/nofp/crtend.o
LOAD c:/st/stm32cubeide_1.6.1/stm32cubeide/plugins/com.st.stm32cube.ide.mcu.externaltools.gnu-tools-for-stm32.9-2020-q2-update.win32_1.5.0.202011040924/tools/bin/../lib/gcc/arm-none-eabi/9.3.1/thumb/v7-m/nofp/crtn.o
                0x0000000020005000                _estack = (ORIGIN (RAM) + LENGTH (RAM))
                0x0000000000000c00                _Min_Heap_Size = 0xc00
                0x0000000000000c00                _Min_Stack_Size = 0xc00

.isr_vector     0x0000000008000000      0x10c
                0x0000000008000000                . = ALIGN (0x4)
 *(.isr_vector)
 .isr_vector    0x0000000008000000      0x10c Core/Startup/startup_stm32f103c8tx.o
                0x0000000008000000                g_pfnVectors
                0x000000000800010c                . = ALIGN (0x4)

.text           0x000000000800010c     0x330c
                0x000000000800010c                . = ALIGN (0x4)
 *(.text)
 .text          0x000000000800010c       0x40 c:/st/stm32cubeide_1.6.1/stm32cubeide/plugins/com.st.stm32cube.ide.mcu.externaltools.gnu-tools-for-stm32.9-2020-q2-update.win32_1.5.0.202011040924/tools/bin/../lib/gcc/arm-none-eabi/9.3.1/thumb/v7-m/nofp/crtbegin.o
 .text          0x000000000800014c       0x10 c:/st/stm32cubeide_1.6.1/stm32cubeide/plugins/com.st.stm32cube.ide.mcu.externaltools.gnu-tools-for-stm32.9-2020-q2-update.win32_1.5.0.202011040924/tools/bin/../lib/gcc/arm-none-eabi/9.3.1/../../../../arm-none-eabi/lib/thumb/v7-m/nofp\libc_nano.a(lib_a-strlen.o)
                0x000000000800014c                strlen
 *(.text*)
 .text.RS485_SendBuffer
                0x000000000800015c       0xb8 App/Src/app.o
                0x000000000800015c                RS485_SendBuffer
 .text.RS485_SendStr
                0x0000000008000214       0x28 App/Src/app.o
                0x0000000008000214                RS485_SendStr
 .text.RS485_CH1_Process
                0x000000000800023c       0x3c App/Src/app.o
                0x000000000800023c                RS485_CH1_Process
 .text.RS485_CH3_Process
                0x0000000008000278       0x3c App/Src/app.o
                0x0000000008000278                RS485_CH3_Process
 .text.SystemClock_Config
                0x00000000080002b4       0xba App/Src/board.o
                0x00000000080002b4                SystemClock_Config
 *fill*         0x000000000800036e        0x2 
 .text.StartUp  0x0000000008000370       0xa8 App/Src/board.o
                0x0000000008000370                StartUp
 .text.HAL_TIM_PeriodElapsedCallback
                0x0000000008000418      0x104 App/Src/interrupt.o
                0x0000000008000418                HAL_TIM_PeriodElapsedCallback
 .text.HAL_UART_RxCpltCallback
                0x000000000800051c      0x130 App/Src/interrupt.o
                0x000000000800051c                HAL_UART_RxCpltCallback
 .text.DBG_SendBuffer
                0x000000000800064c       0x24 Common/src/log.o
                0x000000000800064c                DBG_SendBuffer
 .text.DBG_SendStr
                0x0000000008000670       0x22 Common/src/log.o
                0x0000000008000670                DBG_SendStr
 *fill*         0x0000000008000692        0x2 
 .text.MX_GPIO_Init
                0x0000000008000694      0x144 Core/Src/gpio.o
                0x0000000008000694                MX_GPIO_Init
 .text.main     0x00000000080007d8       0x12 Core/Src/main.o
                0x00000000080007d8                main
 .text.Error_Handler
                0x00000000080007ea        0xa Core/Src/main.o
                0x00000000080007ea                Error_Handler
 .text.HAL_MspInit
                0x00000000080007f4       0x64 Core/Src/stm32f1xx_hal_msp.o
                0x00000000080007f4                HAL_MspInit
 .text.NMI_Handler
                0x0000000008000858        0x6 Core/Src/stm32f1xx_it.o
                0x0000000008000858                NMI_Handler
 .text.HardFault_Handler
                0x000000000800085e        0x6 Core/Src/stm32f1xx_it.o
                0x000000000800085e                HardFault_Handler
 .text.MemManage_Handler
                0x0000000008000864        0x6 Core/Src/stm32f1xx_it.o
                0x0000000008000864                MemManage_Handler
 .text.BusFault_Handler
                0x000000000800086a        0x6 Core/Src/stm32f1xx_it.o
                0x000000000800086a                BusFault_Handler
 .text.UsageFault_Handler
                0x0000000008000870        0x6 Core/Src/stm32f1xx_it.o
                0x0000000008000870                UsageFault_Handler
 .text.SVC_Handler
                0x0000000008000876        0xc Core/Src/stm32f1xx_it.o
                0x0000000008000876                SVC_Handler
 .text.DebugMon_Handler
                0x0000000008000882        0xc Core/Src/stm32f1xx_it.o
                0x0000000008000882                DebugMon_Handler
 .text.PendSV_Handler
                0x000000000800088e        0xc Core/Src/stm32f1xx_it.o
                0x000000000800088e                PendSV_Handler
 .text.SysTick_Handler
                0x000000000800089a        0xc Core/Src/stm32f1xx_it.o
                0x000000000800089a                SysTick_Handler
 *fill*         0x00000000080008a6        0x2 
 .text.TIM1_UP_IRQHandler
                0x00000000080008a8       0x14 Core/Src/stm32f1xx_it.o
                0x00000000080008a8                TIM1_UP_IRQHandler
 .text.TIM2_IRQHandler
                0x00000000080008bc       0x14 Core/Src/stm32f1xx_it.o
                0x00000000080008bc                TIM2_IRQHandler
 .text.TIM4_IRQHandler
                0x00000000080008d0       0x14 Core/Src/stm32f1xx_it.o
                0x00000000080008d0                TIM4_IRQHandler
 .text.USART1_IRQHandler
                0x00000000080008e4       0x14 Core/Src/stm32f1xx_it.o
                0x00000000080008e4                USART1_IRQHandler
 .text.USART2_IRQHandler
                0x00000000080008f8       0x14 Core/Src/stm32f1xx_it.o
                0x00000000080008f8                USART2_IRQHandler
 .text.USART3_IRQHandler
                0x000000000800090c       0x14 Core/Src/stm32f1xx_it.o
                0x000000000800090c                USART3_IRQHandler
 .text.SystemInit
                0x0000000008000920        0xc Core/Src/system_stm32f1xx.o
                0x0000000008000920                SystemInit
 .text.MX_TIM1_Init
                0x000000000800092c       0xa0 Core/Src/tim.o
                0x000000000800092c                MX_TIM1_Init
 .text.HAL_TIM_Base_MspInit
                0x00000000080009cc       0xe0 Core/Src/tim.o
                0x00000000080009cc                HAL_TIM_Base_MspInit
 .text.MX_USART1_UART_Init
                0x0000000008000aac       0x54 Core/Src/usart.o
                0x0000000008000aac                MX_USART1_UART_Init
 .text.MX_USART2_UART_Init
                0x0000000008000b00       0x54 Core/Src/usart.o
                0x0000000008000b00                MX_USART2_UART_Init
 .text.MX_USART3_UART_Init
                0x0000000008000b54       0x54 Core/Src/usart.o
                0x0000000008000b54                MX_USART3_UART_Init
 .text.HAL_UART_MspInit
                0x0000000008000ba8      0x1b0 Core/Src/usart.o
                0x0000000008000ba8                HAL_UART_MspInit
 .text.Reset_Handler
                0x0000000008000d58       0x48 Core/Startup/startup_stm32f103c8tx.o
                0x0000000008000d58                Reset_Handler
 .text.Default_Handler
                0x0000000008000da0        0x2 Core/Startup/startup_stm32f103c8tx.o
                0x0000000008000da0                RTC_Alarm_IRQHandler
                0x0000000008000da0                EXTI2_IRQHandler
                0x0000000008000da0                TIM1_CC_IRQHandler
                0x0000000008000da0                PVD_IRQHandler
                0x0000000008000da0                EXTI3_IRQHandler
                0x0000000008000da0                EXTI0_IRQHandler
                0x0000000008000da0                I2C2_EV_IRQHandler
                0x0000000008000da0                ADC1_2_IRQHandler
                0x0000000008000da0                SPI1_IRQHandler
                0x0000000008000da0                TAMPER_IRQHandler
                0x0000000008000da0                DMA1_Channel4_IRQHandler
                0x0000000008000da0                RTC_IRQHandler
                0x0000000008000da0                DMA1_Channel7_IRQHandler
                0x0000000008000da0                CAN1_RX1_IRQHandler
                0x0000000008000da0                I2C1_EV_IRQHandler
                0x0000000008000da0                DMA1_Channel6_IRQHandler
                0x0000000008000da0                TIM3_IRQHandler
                0x0000000008000da0                RCC_IRQHandler
                0x0000000008000da0                TIM1_TRG_COM_IRQHandler
                0x0000000008000da0                DMA1_Channel1_IRQHandler
                0x0000000008000da0                Default_Handler
                0x0000000008000da0                EXTI15_10_IRQHandler
                0x0000000008000da0                EXTI9_5_IRQHandler
                0x0000000008000da0                SPI2_IRQHandler
                0x0000000008000da0                DMA1_Channel5_IRQHandler
                0x0000000008000da0                EXTI4_IRQHandler
                0x0000000008000da0                USB_LP_CAN1_RX0_IRQHandler
                0x0000000008000da0                USB_HP_CAN1_TX_IRQHandler
                0x0000000008000da0                DMA1_Channel3_IRQHandler
                0x0000000008000da0                WWDG_IRQHandler
                0x0000000008000da0                TIM1_BRK_IRQHandler
                0x0000000008000da0                EXTI1_IRQHandler
                0x0000000008000da0                I2C2_ER_IRQHandler
                0x0000000008000da0                DMA1_Channel2_IRQHandler
                0x0000000008000da0                CAN1_SCE_IRQHandler
                0x0000000008000da0                FLASH_IRQHandler
                0x0000000008000da0                I2C1_ER_IRQHandler
                0x0000000008000da0                USBWakeUp_IRQHandler
 *fill*         0x0000000008000da2        0x2 
 .text.HAL_Init
                0x0000000008000da4       0x2c Drivers/STM32F1xx_HAL_Driver/Src/stm32f1xx_hal.o
                0x0000000008000da4                HAL_Init
 .text.HAL_InitTick
                0x0000000008000dd0       0x60 Drivers/STM32F1xx_HAL_Driver/Src/stm32f1xx_hal.o
                0x0000000008000dd0                HAL_InitTick
 .text.HAL_IncTick
                0x0000000008000e30       0x24 Drivers/STM32F1xx_HAL_Driver/Src/stm32f1xx_hal.o
                0x0000000008000e30                HAL_IncTick
 .text.HAL_GetTick
                0x0000000008000e54       0x14 Drivers/STM32F1xx_HAL_Driver/Src/stm32f1xx_hal.o
                0x0000000008000e54                HAL_GetTick
 .text.HAL_Delay
                0x0000000008000e68       0x48 Drivers/STM32F1xx_HAL_Driver/Src/stm32f1xx_hal.o
                0x0000000008000e68                HAL_Delay
 .text.__NVIC_SetPriorityGrouping
                0x0000000008000eb0       0x48 Drivers/STM32F1xx_HAL_Driver/Src/stm32f1xx_hal_cortex.o
 .text.__NVIC_GetPriorityGrouping
                0x0000000008000ef8       0x1c Drivers/STM32F1xx_HAL_Driver/Src/stm32f1xx_hal_cortex.o
 .text.__NVIC_EnableIRQ
                0x0000000008000f14       0x38 Drivers/STM32F1xx_HAL_Driver/Src/stm32f1xx_hal_cortex.o
 .text.__NVIC_SetPriority
                0x0000000008000f4c       0x54 Drivers/STM32F1xx_HAL_Driver/Src/stm32f1xx_hal_cortex.o
 .text.NVIC_EncodePriority
                0x0000000008000fa0       0x64 Drivers/STM32F1xx_HAL_Driver/Src/stm32f1xx_hal_cortex.o
 .text.SysTick_Config
                0x0000000008001004       0x44 Drivers/STM32F1xx_HAL_Driver/Src/stm32f1xx_hal_cortex.o
 .text.HAL_NVIC_SetPriorityGrouping
                0x0000000008001048       0x16 Drivers/STM32F1xx_HAL_Driver/Src/stm32f1xx_hal_cortex.o
                0x0000000008001048                HAL_NVIC_SetPriorityGrouping
 .text.HAL_NVIC_SetPriority
                0x000000000800105e       0x38 Drivers/STM32F1xx_HAL_Driver/Src/stm32f1xx_hal_cortex.o
                0x000000000800105e                HAL_NVIC_SetPriority
 .text.HAL_NVIC_EnableIRQ
                0x0000000008001096       0x1c Drivers/STM32F1xx_HAL_Driver/Src/stm32f1xx_hal_cortex.o
                0x0000000008001096                HAL_NVIC_EnableIRQ
 .text.HAL_SYSTICK_Config
                0x00000000080010b2       0x18 Drivers/STM32F1xx_HAL_Driver/Src/stm32f1xx_hal_cortex.o
                0x00000000080010b2                HAL_SYSTICK_Config
 .text.HAL_DMA_Abort
                0x00000000080010ca       0x76 Drivers/STM32F1xx_HAL_Driver/Src/stm32f1xx_hal_dma.o
                0x00000000080010ca                HAL_DMA_Abort
 .text.HAL_DMA_Abort_IT
                0x0000000008001140       0xf0 Drivers/STM32F1xx_HAL_Driver/Src/stm32f1xx_hal_dma.o
                0x0000000008001140                HAL_DMA_Abort_IT
 .text.HAL_GPIO_Init
                0x0000000008001230      0x308 Drivers/STM32F1xx_HAL_Driver/Src/stm32f1xx_hal_gpio.o
                0x0000000008001230                HAL_GPIO_Init
 .text.HAL_GPIO_WritePin
                0x0000000008001538       0x30 Drivers/STM32F1xx_HAL_Driver/Src/stm32f1xx_hal_gpio.o
                0x0000000008001538                HAL_GPIO_WritePin
 .text.HAL_RCC_OscConfig
                0x0000000008001568      0x500 Drivers/STM32F1xx_HAL_Driver/Src/stm32f1xx_hal_rcc.o
                0x0000000008001568                HAL_RCC_OscConfig
 .text.HAL_RCC_ClockConfig
                0x0000000008001a68      0x1d4 Drivers/STM32F1xx_HAL_Driver/Src/stm32f1xx_hal_rcc.o
                0x0000000008001a68                HAL_RCC_ClockConfig
 .text.HAL_RCC_GetSysClockFreq
                0x0000000008001c3c       0xa8 Drivers/STM32F1xx_HAL_Driver/Src/stm32f1xx_hal_rcc.o
                0x0000000008001c3c                HAL_RCC_GetSysClockFreq
 .text.HAL_RCC_GetHCLKFreq
                0x0000000008001ce4       0x14 Drivers/STM32F1xx_HAL_Driver/Src/stm32f1xx_hal_rcc.o
                0x0000000008001ce4                HAL_RCC_GetHCLKFreq
 .text.HAL_RCC_GetPCLK1Freq
                0x0000000008001cf8       0x28 Drivers/STM32F1xx_HAL_Driver/Src/stm32f1xx_hal_rcc.o
                0x0000000008001cf8                HAL_RCC_GetPCLK1Freq
 .text.HAL_RCC_GetPCLK2Freq
                0x0000000008001d20       0x28 Drivers/STM32F1xx_HAL_Driver/Src/stm32f1xx_hal_rcc.o
                0x0000000008001d20                HAL_RCC_GetPCLK2Freq
 .text.RCC_Delay
                0x0000000008001d48       0x3c Drivers/STM32F1xx_HAL_Driver/Src/stm32f1xx_hal_rcc.o
 .text.HAL_RCCEx_PeriphCLKConfig
                0x0000000008001d84      0x16c Drivers/STM32F1xx_HAL_Driver/Src/stm32f1xx_hal_rcc_ex.o
                0x0000000008001d84                HAL_RCCEx_PeriphCLKConfig
 .text.HAL_TIM_Base_Init
                0x0000000008001ef0       0x9e Drivers/STM32F1xx_HAL_Driver/Src/stm32f1xx_hal_tim.o
                0x0000000008001ef0                HAL_TIM_Base_Init
 *fill*         0x0000000008001f8e        0x2 
 .text.HAL_TIM_Base_Start_IT
                0x0000000008001f90       0xa4 Drivers/STM32F1xx_HAL_Driver/Src/stm32f1xx_hal_tim.o
                0x0000000008001f90                HAL_TIM_Base_Start_IT
 .text.HAL_TIM_IRQHandler
                0x0000000008002034      0x1e0 Drivers/STM32F1xx_HAL_Driver/Src/stm32f1xx_hal_tim.o
                0x0000000008002034                HAL_TIM_IRQHandler
 .text.HAL_TIM_ConfigClockSource
                0x0000000008002214      0x18e Drivers/STM32F1xx_HAL_Driver/Src/stm32f1xx_hal_tim.o
                0x0000000008002214                HAL_TIM_ConfigClockSource
 .text.HAL_TIM_OC_DelayElapsedCallback
                0x00000000080023a2       0x12 Drivers/STM32F1xx_HAL_Driver/Src/stm32f1xx_hal_tim.o
                0x00000000080023a2                HAL_TIM_OC_DelayElapsedCallback
 .text.HAL_TIM_IC_CaptureCallback
                0x00000000080023b4       0x12 Drivers/STM32F1xx_HAL_Driver/Src/stm32f1xx_hal_tim.o
                0x00000000080023b4                HAL_TIM_IC_CaptureCallback
 .text.HAL_TIM_PWM_PulseFinishedCallback
                0x00000000080023c6       0x12 Drivers/STM32F1xx_HAL_Driver/Src/stm32f1xx_hal_tim.o
                0x00000000080023c6                HAL_TIM_PWM_PulseFinishedCallback
 .text.HAL_TIM_TriggerCallback
                0x00000000080023d8       0x12 Drivers/STM32F1xx_HAL_Driver/Src/stm32f1xx_hal_tim.o
                0x00000000080023d8                HAL_TIM_TriggerCallback
 *fill*         0x00000000080023ea        0x2 
 .text.TIM_Base_SetConfig
                0x00000000080023ec       0xdc Drivers/STM32F1xx_HAL_Driver/Src/stm32f1xx_hal_tim.o
                0x00000000080023ec                TIM_Base_SetConfig
 .text.TIM_TI1_ConfigInputStage
                0x00000000080024c8       0x5c Drivers/STM32F1xx_HAL_Driver/Src/stm32f1xx_hal_tim.o
 .text.TIM_TI2_ConfigInputStage
                0x0000000008002524       0x5e Drivers/STM32F1xx_HAL_Driver/Src/stm32f1xx_hal_tim.o
 .text.TIM_ITRx_SetConfig
                0x0000000008002582       0x34 Drivers/STM32F1xx_HAL_Driver/Src/stm32f1xx_hal_tim.o
 .text.TIM_ETR_SetConfig
                0x00000000080025b6       0x3e Drivers/STM32F1xx_HAL_Driver/Src/stm32f1xx_hal_tim.o
                0x00000000080025b6                TIM_ETR_SetConfig
 .text.HAL_TIMEx_MasterConfigSynchronization
                0x00000000080025f4       0xbc Drivers/STM32F1xx_HAL_Driver/Src/stm32f1xx_hal_tim_ex.o
                0x00000000080025f4                HAL_TIMEx_MasterConfigSynchronization
 .text.HAL_TIMEx_CommutCallback
                0x00000000080026b0       0x12 Drivers/STM32F1xx_HAL_Driver/Src/stm32f1xx_hal_tim_ex.o
                0x00000000080026b0                HAL_TIMEx_CommutCallback
 .text.HAL_TIMEx_BreakCallback
                0x00000000080026c2       0x12 Drivers/STM32F1xx_HAL_Driver/Src/stm32f1xx_hal_tim_ex.o
                0x00000000080026c2                HAL_TIMEx_BreakCallback
 .text.HAL_UART_Init
                0x00000000080026d4       0xa0 Drivers/STM32F1xx_HAL_Driver/Src/stm32f1xx_hal_uart.o
                0x00000000080026d4                HAL_UART_Init
 .text.HAL_UART_Transmit
                0x0000000008002774      0x116 Drivers/STM32F1xx_HAL_Driver/Src/stm32f1xx_hal_uart.o
                0x0000000008002774                HAL_UART_Transmit
 .text.HAL_UART_Receive_IT
                0x000000000800288a       0x4a Drivers/STM32F1xx_HAL_Driver/Src/stm32f1xx_hal_uart.o
                0x000000000800288a                HAL_UART_Receive_IT
 .text.HAL_UART_IRQHandler
                0x00000000080028d4      0x524 Drivers/STM32F1xx_HAL_Driver/Src/stm32f1xx_hal_uart.o
                0x00000000080028d4                HAL_UART_IRQHandler
 .text.HAL_UART_TxCpltCallback
                0x0000000008002df8       0x12 Drivers/STM32F1xx_HAL_Driver/Src/stm32f1xx_hal_uart.o
                0x0000000008002df8                HAL_UART_TxCpltCallback
 .text.HAL_UART_ErrorCallback
                0x0000000008002e0a       0x12 Drivers/STM32F1xx_HAL_Driver/Src/stm32f1xx_hal_uart.o
                0x0000000008002e0a                HAL_UART_ErrorCallback
 .text.HAL_UARTEx_RxEventCallback
                0x0000000008002e1c       0x16 Drivers/STM32F1xx_HAL_Driver/Src/stm32f1xx_hal_uart.o
                0x0000000008002e1c                HAL_UARTEx_RxEventCallback
 .text.UART_WaitOnFlagUntilTimeout
                0x0000000008002e32       0xb2 Drivers/STM32F1xx_HAL_Driver/Src/stm32f1xx_hal_uart.o
 .text.UART_Start_Receive_IT
                0x0000000008002ee4       0x72 Drivers/STM32F1xx_HAL_Driver/Src/stm32f1xx_hal_uart.o
                0x0000000008002ee4                UART_Start_Receive_IT
 .text.UART_EndRxTransfer
                0x0000000008002f56       0xc4 Drivers/STM32F1xx_HAL_Driver/Src/stm32f1xx_hal_uart.o
 .text.UART_DMAAbortOnError
                0x000000000800301a       0x28 Drivers/STM32F1xx_HAL_Driver/Src/stm32f1xx_hal_uart.o
 .text.UART_Transmit_IT
                0x0000000008003042       0x9e Drivers/STM32F1xx_HAL_Driver/Src/stm32f1xx_hal_uart.o
 .text.UART_EndTransmit_IT
                0x00000000080030e0       0x30 Drivers/STM32F1xx_HAL_Driver/Src/stm32f1xx_hal_uart.o
 .text.UART_Receive_IT
                0x0000000008003110      0x17c Drivers/STM32F1xx_HAL_Driver/Src/stm32f1xx_hal_uart.o
 .text.UART_SetConfig
                0x000000000800328c      0x11c Drivers/STM32F1xx_HAL_Driver/Src/stm32f1xx_hal_uart.o
 .text.__libc_init_array
                0x00000000080033a8       0x48 c:/st/stm32cubeide_1.6.1/stm32cubeide/plugins/com.st.stm32cube.ide.mcu.externaltools.gnu-tools-for-stm32.9-2020-q2-update.win32_1.5.0.202011040924/tools/bin/../lib/gcc/arm-none-eabi/9.3.1/../../../../arm-none-eabi/lib/thumb/v7-m/nofp\libc_nano.a(lib_a-init.o)
                0x00000000080033a8                __libc_init_array
 .text.memset   0x00000000080033f0       0x10 c:/st/stm32cubeide_1.6.1/stm32cubeide/plugins/com.st.stm32cube.ide.mcu.externaltools.gnu-tools-for-stm32.9-2020-q2-update.win32_1.5.0.202011040924/tools/bin/../lib/gcc/arm-none-eabi/9.3.1/../../../../arm-none-eabi/lib/thumb/v7-m/nofp\libc_nano.a(lib_a-memset.o)
                0x00000000080033f0                memset
 *(.glue_7)
 .glue_7        0x0000000008003400        0x0 linker stubs
 *(.glue_7t)
 .glue_7t       0x0000000008003400        0x0 linker stubs
 *(.eh_frame)
 .eh_frame      0x0000000008003400        0x0 c:/st/stm32cubeide_1.6.1/stm32cubeide/plugins/com.st.stm32cube.ide.mcu.externaltools.gnu-tools-for-stm32.9-2020-q2-update.win32_1.5.0.202011040924/tools/bin/../lib/gcc/arm-none-eabi/9.3.1/thumb/v7-m/nofp/crtbegin.o
 *(.init)
 .init          0x0000000008003400        0x4 c:/st/stm32cubeide_1.6.1/stm32cubeide/plugins/com.st.stm32cube.ide.mcu.externaltools.gnu-tools-for-stm32.9-2020-q2-update.win32_1.5.0.202011040924/tools/bin/../lib/gcc/arm-none-eabi/9.3.1/thumb/v7-m/nofp/crti.o
                0x0000000008003400                _init
 .init          0x0000000008003404        0x8 c:/st/stm32cubeide_1.6.1/stm32cubeide/plugins/com.st.stm32cube.ide.mcu.externaltools.gnu-tools-for-stm32.9-2020-q2-update.win32_1.5.0.202011040924/tools/bin/../lib/gcc/arm-none-eabi/9.3.1/thumb/v7-m/nofp/crtn.o
 *(.fini)
 .fini          0x000000000800340c        0x4 c:/st/stm32cubeide_1.6.1/stm32cubeide/plugins/com.st.stm32cube.ide.mcu.externaltools.gnu-tools-for-stm32.9-2020-q2-update.win32_1.5.0.202011040924/tools/bin/../lib/gcc/arm-none-eabi/9.3.1/thumb/v7-m/nofp/crti.o
                0x000000000800340c                _fini
 .fini          0x0000000008003410        0x8 c:/st/stm32cubeide_1.6.1/stm32cubeide/plugins/com.st.stm32cube.ide.mcu.externaltools.gnu-tools-for-stm32.9-2020-q2-update.win32_1.5.0.202011040924/tools/bin/../lib/gcc/arm-none-eabi/9.3.1/thumb/v7-m/nofp/crtn.o
                0x0000000008003418                . = ALIGN (0x4)
                0x0000000008003418                _etext = .

.vfp11_veneer   0x0000000008003418        0x0
 .vfp11_veneer  0x0000000008003418        0x0 linker stubs

.v4_bx          0x0000000008003418        0x0
 .v4_bx         0x0000000008003418        0x0 linker stubs

.iplt           0x0000000008003418        0x0
 .iplt          0x0000000008003418        0x0 c:/st/stm32cubeide_1.6.1/stm32cubeide/plugins/com.st.stm32cube.ide.mcu.externaltools.gnu-tools-for-stm32.9-2020-q2-update.win32_1.5.0.202011040924/tools/bin/../lib/gcc/arm-none-eabi/9.3.1/thumb/v7-m/nofp/crtbegin.o

.rodata         0x0000000008003418       0x6c
                0x0000000008003418                . = ALIGN (0x4)
 *(.rodata)
 .rodata        0x0000000008003418       0x40 App/Src/app.o
 *(.rodata*)
 .rodata.AHBPrescTable
                0x0000000008003458       0x10 Core/Src/system_stm32f1xx.o
                0x0000000008003458                AHBPrescTable
 .rodata.APBPrescTable
                0x0000000008003468        0x8 Core/Src/system_stm32f1xx.o
                0x0000000008003468                APBPrescTable
 .rodata.aPLLMULFactorTable.6346
                0x0000000008003470       0x10 Drivers/STM32F1xx_HAL_Driver/Src/stm32f1xx_hal_rcc.o
 .rodata.aPredivFactorTable.6347
                0x0000000008003480        0x2 Drivers/STM32F1xx_HAL_Driver/Src/stm32f1xx_hal_rcc.o
                0x0000000008003484                . = ALIGN (0x4)
 *fill*         0x0000000008003482        0x2 

.rel.dyn        0x0000000008003484        0x0
 .rel.iplt      0x0000000008003484        0x0 c:/st/stm32cubeide_1.6.1/stm32cubeide/plugins/com.st.stm32cube.ide.mcu.externaltools.gnu-tools-for-stm32.9-2020-q2-update.win32_1.5.0.202011040924/tools/bin/../lib/gcc/arm-none-eabi/9.3.1/thumb/v7-m/nofp/crtbegin.o

.ARM.extab      0x0000000008003484        0x0
                0x0000000008003484                . = ALIGN (0x4)
 *(.ARM.extab* .gnu.linkonce.armextab.*)
                0x0000000008003484                . = ALIGN (0x4)

.ARM            0x0000000008003484        0x0
                0x0000000008003484                . = ALIGN (0x4)
                0x0000000008003484                __exidx_start = .
 *(.ARM.exidx*)
                0x0000000008003484                __exidx_end = .
                0x0000000008003484                . = ALIGN (0x4)

.preinit_array  0x0000000008003484        0x0
                0x0000000008003484                . = ALIGN (0x4)
                0x0000000008003484                PROVIDE (__preinit_array_start = .)
 *(.preinit_array*)
                0x0000000008003484                PROVIDE (__preinit_array_end = .)
                0x0000000008003484                . = ALIGN (0x4)

.init_array     0x0000000008003484        0x4
                0x0000000008003484                . = ALIGN (0x4)
                0x0000000008003484                PROVIDE (__init_array_start = .)
 *(SORT_BY_NAME(.init_array.*))
 *(.init_array*)
 .init_array    0x0000000008003484        0x4 c:/st/stm32cubeide_1.6.1/stm32cubeide/plugins/com.st.stm32cube.ide.mcu.externaltools.gnu-tools-for-stm32.9-2020-q2-update.win32_1.5.0.202011040924/tools/bin/../lib/gcc/arm-none-eabi/9.3.1/thumb/v7-m/nofp/crtbegin.o
                0x0000000008003488                PROVIDE (__init_array_end = .)
                0x0000000008003488                . = ALIGN (0x4)

.fini_array     0x0000000008003488        0x4
                0x0000000008003488                . = ALIGN (0x4)
                [!provide]                        PROVIDE (__fini_array_start = .)
 *(SORT_BY_NAME(.fini_array.*))
 *(.fini_array*)
 .fini_array    0x0000000008003488        0x4 c:/st/stm32cubeide_1.6.1/stm32cubeide/plugins/com.st.stm32cube.ide.mcu.externaltools.gnu-tools-for-stm32.9-2020-q2-update.win32_1.5.0.202011040924/tools/bin/../lib/gcc/arm-none-eabi/9.3.1/thumb/v7-m/nofp/crtbegin.o
                [!provide]                        PROVIDE (__fini_array_end = .)
                0x000000000800348c                . = ALIGN (0x4)
                0x000000000800348c                _sidata = LOADADDR (.data)

.data           0x0000000020000000        0xc load address 0x000000000800348c
                0x0000000020000000                . = ALIGN (0x4)
                0x0000000020000000                _sdata = .
 *(.data)
 *(.data*)
 .data.SystemCoreClock
                0x0000000020000000        0x4 Core/Src/system_stm32f1xx.o
                0x0000000020000000                SystemCoreClock
 .data.uwTickPrio
                0x0000000020000004        0x4 Drivers/STM32F1xx_HAL_Driver/Src/stm32f1xx_hal.o
                0x0000000020000004                uwTickPrio
 .data.uwTickFreq
                0x0000000020000008        0x1 Drivers/STM32F1xx_HAL_Driver/Src/stm32f1xx_hal.o
                0x0000000020000008                uwTickFreq
 *(.RamFunc)
 *(.RamFunc*)
                0x000000002000000c                . = ALIGN (0x4)
 *fill*         0x0000000020000009        0x3 
                0x000000002000000c                _edata = .

.igot.plt       0x000000002000000c        0x0 load address 0x0000000008003498
 .igot.plt      0x000000002000000c        0x0 c:/st/stm32cubeide_1.6.1/stm32cubeide/plugins/com.st.stm32cube.ide.mcu.externaltools.gnu-tools-for-stm32.9-2020-q2-update.win32_1.5.0.202011040924/tools/bin/../lib/gcc/arm-none-eabi/9.3.1/thumb/v7-m/nofp/crtbegin.o
                0x000000002000000c                . = ALIGN (0x4)

.bss            0x000000002000000c      0x320 load address 0x0000000008003498
                0x000000002000000c                _sbss = .
                0x000000002000000c                __bss_start__ = _sbss
 *(.bss)
 .bss           0x000000002000000c       0x1c c:/st/stm32cubeide_1.6.1/stm32cubeide/plugins/com.st.stm32cube.ide.mcu.externaltools.gnu-tools-for-stm32.9-2020-q2-update.win32_1.5.0.202011040924/tools/bin/../lib/gcc/arm-none-eabi/9.3.1/thumb/v7-m/nofp/crtbegin.o
 *(.bss*)
 .bss.State     0x0000000020000028        0x4 App/Src/app.o
                0x0000000020000028                State
 .bss.LED_Blink
                0x000000002000002c        0x2 App/Src/interrupt.o
                0x000000002000002c                LED_Blink
 *(COMMON)
 *fill*         0x000000002000002e        0x2 
 COMMON         0x0000000020000030       0xd4 App/Src/app.o
                0x0000000020000030                RS485Ch1
                0x0000000020000098                Lora_u8Seq
                0x000000002000009c                RS485Ch3
 COMMON         0x0000000020000104       0x2c App/Src/board.o
                0x0000000020000104                recUART3
                0x0000000020000108                Beacon
                0x0000000020000127                recUART2
                0x0000000020000128                Address
                0x000000002000012f                recUART1
 COMMON         0x0000000020000130      0x120 Core/Src/tim.o
                0x0000000020000130                htim4
                0x0000000020000178                htim3
                0x00000000200001c0                htim1
                0x0000000020000208                htim2
 COMMON         0x0000000020000250       0xd8 Core/Src/usart.o
                0x0000000020000250                huart3
                0x0000000020000298                huart1
                0x00000000200002e0                huart2
 COMMON         0x0000000020000328        0x4 Drivers/STM32F1xx_HAL_Driver/Src/stm32f1xx_hal.o
                0x0000000020000328                uwTick
                0x000000002000032c                . = ALIGN (0x4)
                0x000000002000032c                _ebss = .
                0x000000002000032c                __bss_end__ = _ebss

._user_heap_stack
                0x000000002000032c     0x1804 load address 0x0000000008003498
                0x0000000020000330                . = ALIGN (0x8)
 *fill*         0x000000002000032c        0x4 
                [!provide]                        PROVIDE (end = .)
                0x0000000020000330                PROVIDE (_end = .)
                0x0000000020000f30                . = (. + _Min_Heap_Size)
 *fill*         0x0000000020000330      0xc00 
                0x0000000020001b30                . = (. + _Min_Stack_Size)
 *fill*         0x0000000020000f30      0xc00 
                0x0000000020001b30                . = ALIGN (0x8)

/DISCARD/
 libc.a(*)
 libm.a(*)
 libgcc.a(*)

.ARM.attributes
                0x0000000000000000       0x29
 *(.ARM.attributes)
 .ARM.attributes
                0x0000000000000000       0x1d c:/st/stm32cubeide_1.6.1/stm32cubeide/plugins/com.st.stm32cube.ide.mcu.externaltools.gnu-tools-for-stm32.9-2020-q2-update.win32_1.5.0.202011040924/tools/bin/../lib/gcc/arm-none-eabi/9.3.1/thumb/v7-m/nofp/crti.o
 .ARM.attributes
                0x000000000000001d       0x2d c:/st/stm32cubeide_1.6.1/stm32cubeide/plugins/com.st.stm32cube.ide.mcu.externaltools.gnu-tools-for-stm32.9-2020-q2-update.win32_1.5.0.202011040924/tools/bin/../lib/gcc/arm-none-eabi/9.3.1/thumb/v7-m/nofp/crtbegin.o
 .ARM.attributes
                0x000000000000004a       0x2d App/Src/app.o
 .ARM.attributes
                0x0000000000000077       0x2d App/Src/board.o
 .ARM.attributes
                0x00000000000000a4       0x2d App/Src/interrupt.o
 .ARM.attributes
                0x00000000000000d1       0x2d Common/src/log.o
 .ARM.attributes
                0x00000000000000fe       0x2d Core/Src/gpio.o
 .ARM.attributes
                0x000000000000012b       0x2d Core/Src/main.o
 .ARM.attributes
                0x0000000000000158       0x2d Core/Src/stm32f1xx_hal_msp.o
 .ARM.attributes
                0x0000000000000185       0x2d Core/Src/stm32f1xx_it.o
 .ARM.attributes
                0x00000000000001b2       0x2d Core/Src/system_stm32f1xx.o
 .ARM.attributes
                0x00000000000001df       0x2d Core/Src/tim.o
 .ARM.attributes
                0x000000000000020c       0x2d Core/Src/usart.o
 .ARM.attributes
                0x0000000000000239       0x21 Core/Startup/startup_stm32f103c8tx.o
 .ARM.attributes
                0x000000000000025a       0x2d Drivers/STM32F1xx_HAL_Driver/Src/stm32f1xx_hal.o
 .ARM.attributes
                0x0000000000000287       0x2d Drivers/STM32F1xx_HAL_Driver/Src/stm32f1xx_hal_cortex.o
 .ARM.attributes
                0x00000000000002b4       0x2d Drivers/STM32F1xx_HAL_Driver/Src/stm32f1xx_hal_dma.o
 .ARM.attributes
                0x00000000000002e1       0x2d Drivers/STM32F1xx_HAL_Driver/Src/stm32f1xx_hal_gpio.o
 .ARM.attributes
                0x000000000000030e       0x2d Drivers/STM32F1xx_HAL_Driver/Src/stm32f1xx_hal_rcc.o
 .ARM.attributes
                0x000000000000033b       0x2d Drivers/STM32F1xx_HAL_Driver/Src/stm32f1xx_hal_rcc_ex.o
 .ARM.attributes
                0x0000000000000368       0x2d Drivers/STM32F1xx_HAL_Driver/Src/stm32f1xx_hal_tim.o
 .ARM.attributes
                0x0000000000000395       0x2d Drivers/STM32F1xx_HAL_Driver/Src/stm32f1xx_hal_tim_ex.o
 .ARM.attributes
                0x00000000000003c2       0x2d Drivers/STM32F1xx_HAL_Driver/Src/stm32f1xx_hal_uart.o
 .ARM.attributes
                0x00000000000003ef       0x2d c:/st/stm32cubeide_1.6.1/stm32cubeide/plugins/com.st.stm32cube.ide.mcu.externaltools.gnu-tools-for-stm32.9-2020-q2-update.win32_1.5.0.202011040924/tools/bin/../lib/gcc/arm-none-eabi/9.3.1/../../../../arm-none-eabi/lib/thumb/v7-m/nofp\libc_nano.a(lib_a-init.o)
 .ARM.attributes
                0x000000000000041c       0x2d c:/st/stm32cubeide_1.6.1/stm32cubeide/plugins/com.st.stm32cube.ide.mcu.externaltools.gnu-tools-for-stm32.9-2020-q2-update.win32_1.5.0.202011040924/tools/bin/../lib/gcc/arm-none-eabi/9.3.1/../../../../arm-none-eabi/lib/thumb/v7-m/nofp\libc_nano.a(lib_a-memset.o)
 .ARM.attributes
                0x0000000000000449       0x17 c:/st/stm32cubeide_1.6.1/stm32cubeide/plugins/com.st.stm32cube.ide.mcu.externaltools.gnu-tools-for-stm32.9-2020-q2-update.win32_1.5.0.202011040924/tools/bin/../lib/gcc/arm-none-eabi/9.3.1/../../../../arm-none-eabi/lib/thumb/v7-m/nofp\libc_nano.a(lib_a-strlen.o)
 .ARM.attributes
                0x0000000000000460       0x1d c:/st/stm32cubeide_1.6.1/stm32cubeide/plugins/com.st.stm32cube.ide.mcu.externaltools.gnu-tools-for-stm32.9-2020-q2-update.win32_1.5.0.202011040924/tools/bin/../lib/gcc/arm-none-eabi/9.3.1/thumb/v7-m/nofp/crtn.o
OUTPUT(FW_Test_in_out.elf elf32-littlearm)
LOAD linker stubs
LOAD c:/st/stm32cubeide_1.6.1/stm32cubeide/plugins/com.st.stm32cube.ide.mcu.externaltools.gnu-tools-for-stm32.9-2020-q2-update.win32_1.5.0.202011040924/tools/bin/../lib/gcc/arm-none-eabi/9.3.1/../../../../arm-none-eabi/lib/thumb/v7-m/nofp\libc.a
LOAD c:/st/stm32cubeide_1.6.1/stm32cubeide/plugins/com.st.stm32cube.ide.mcu.externaltools.gnu-tools-for-stm32.9-2020-q2-update.win32_1.5.0.202011040924/tools/bin/../lib/gcc/arm-none-eabi/9.3.1/../../../../arm-none-eabi/lib/thumb/v7-m/nofp\libm.a
LOAD c:/st/stm32cubeide_1.6.1/stm32cubeide/plugins/com.st.stm32cube.ide.mcu.externaltools.gnu-tools-for-stm32.9-2020-q2-update.win32_1.5.0.202011040924/tools/bin/../lib/gcc/arm-none-eabi/9.3.1/thumb/v7-m/nofp\libgcc.a

.debug_info     0x0000000000000000    0x14722
 .debug_info    0x0000000000000000     0x1adb App/Src/app.o
 .debug_info    0x0000000000001adb     0x1b2c App/Src/board.o
 .debug_info    0x0000000000003607     0x1a1f App/Src/interrupt.o
 .debug_info    0x0000000000005026     0x1046 Common/src/log.o
 .debug_info    0x000000000000606c      0x3ac Core/Src/gpio.o
 .debug_info    0x0000000000006418     0x19fb Core/Src/main.o
 .debug_info    0x0000000000007e13      0x2fc Core/Src/stm32f1xx_hal_msp.o
 .debug_info    0x000000000000810f      0xac5 Core/Src/stm32f1xx_it.o
 .debug_info    0x0000000000008bd4      0x2be Core/Src/system_stm32f1xx.o
 .debug_info    0x0000000000008e92      0xb7e Core/Src/tim.o
 .debug_info    0x0000000000009a10      0xa8d Core/Src/usart.o
 .debug_info    0x000000000000a49d       0x22 Core/Startup/startup_stm32f103c8tx.o
 .debug_info    0x000000000000a4bf      0x76a Drivers/STM32F1xx_HAL_Driver/Src/stm32f1xx_hal.o
 .debug_info    0x000000000000ac29      0xbdc Drivers/STM32F1xx_HAL_Driver/Src/stm32f1xx_hal_cortex.o
 .debug_info    0x000000000000b805      0x823 Drivers/STM32F1xx_HAL_Driver/Src/stm32f1xx_hal_dma.o
 .debug_info    0x000000000000c028      0x701 Drivers/STM32F1xx_HAL_Driver/Src/stm32f1xx_hal_gpio.o
 .debug_info    0x000000000000c729      0x893 Drivers/STM32F1xx_HAL_Driver/Src/stm32f1xx_hal_rcc.o
 .debug_info    0x000000000000cfbc      0x486 Drivers/STM32F1xx_HAL_Driver/Src/stm32f1xx_hal_rcc_ex.o
 .debug_info    0x000000000000d442     0x2c32 Drivers/STM32F1xx_HAL_Driver/Src/stm32f1xx_hal_tim.o
 .debug_info    0x0000000000010074     0x157f Drivers/STM32F1xx_HAL_Driver/Src/stm32f1xx_hal_tim_ex.o
 .debug_info    0x00000000000115f3     0x312f Drivers/STM32F1xx_HAL_Driver/Src/stm32f1xx_hal_uart.o

.debug_abbrev   0x0000000000000000     0x28e4
 .debug_abbrev  0x0000000000000000      0x246 App/Src/app.o
 .debug_abbrev  0x0000000000000246      0x276 App/Src/board.o
 .debug_abbrev  0x00000000000004bc      0x216 App/Src/interrupt.o
 .debug_abbrev  0x00000000000006d2      0x238 Common/src/log.o
 .debug_abbrev  0x000000000000090a      0x14e Core/Src/gpio.o
 .debug_abbrev  0x0000000000000a58      0x230 Core/Src/main.o
 .debug_abbrev  0x0000000000000c88      0x11d Core/Src/stm32f1xx_hal_msp.o
 .debug_abbrev  0x0000000000000da5      0x190 Core/Src/stm32f1xx_it.o
 .debug_abbrev  0x0000000000000f35      0x14e Core/Src/system_stm32f1xx.o
 .debug_abbrev  0x0000000000001083      0x1c6 Core/Src/tim.o
 .debug_abbrev  0x0000000000001249      0x1c4 Core/Src/usart.o
 .debug_abbrev  0x000000000000140d       0x12 Core/Startup/startup_stm32f103c8tx.o
 .debug_abbrev  0x000000000000141f      0x1ed Drivers/STM32F1xx_HAL_Driver/Src/stm32f1xx_hal.o
 .debug_abbrev  0x000000000000160c      0x313 Drivers/STM32F1xx_HAL_Driver/Src/stm32f1xx_hal_cortex.o
 .debug_abbrev  0x000000000000191f      0x228 Drivers/STM32F1xx_HAL_Driver/Src/stm32f1xx_hal_dma.o
 .debug_abbrev  0x0000000000001b47      0x1e8 Drivers/STM32F1xx_HAL_Driver/Src/stm32f1xx_hal_gpio.o
 .debug_abbrev  0x0000000000001d2f      0x273 Drivers/STM32F1xx_HAL_Driver/Src/stm32f1xx_hal_rcc.o
 .debug_abbrev  0x0000000000001fa2      0x193 Drivers/STM32F1xx_HAL_Driver/Src/stm32f1xx_hal_rcc_ex.o
 .debug_abbrev  0x0000000000002135      0x25e Drivers/STM32F1xx_HAL_Driver/Src/stm32f1xx_hal_tim.o
 .debug_abbrev  0x0000000000002393      0x266 Drivers/STM32F1xx_HAL_Driver/Src/stm32f1xx_hal_tim_ex.o
 .debug_abbrev  0x00000000000025f9      0x2eb Drivers/STM32F1xx_HAL_Driver/Src/stm32f1xx_hal_uart.o

.debug_aranges  0x0000000000000000      0xd68
 .debug_aranges
                0x0000000000000000       0x38 App/Src/app.o
 .debug_aranges
                0x0000000000000038       0x48 App/Src/board.o
 .debug_aranges
                0x0000000000000080       0x28 App/Src/interrupt.o
 .debug_aranges
                0x00000000000000a8       0x38 Common/src/log.o
 .debug_aranges
                0x00000000000000e0       0x20 Core/Src/gpio.o
 .debug_aranges
                0x0000000000000100       0x28 Core/Src/main.o
 .debug_aranges
                0x0000000000000128       0x20 Core/Src/stm32f1xx_hal_msp.o
 .debug_aranges
                0x0000000000000148       0x90 Core/Src/stm32f1xx_it.o
 .debug_aranges
                0x00000000000001d8       0x28 Core/Src/system_stm32f1xx.o
 .debug_aranges
                0x0000000000000200       0x48 Core/Src/tim.o
 .debug_aranges
                0x0000000000000248       0x40 Core/Src/usart.o
 .debug_aranges
                0x0000000000000288       0x28 Core/Startup/startup_stm32f103c8tx.o
 .debug_aranges
                0x00000000000002b0       0xe0 Drivers/STM32F1xx_HAL_Driver/Src/stm32f1xx_hal.o
 .debug_aranges
                0x0000000000000390      0x100 Drivers/STM32F1xx_HAL_Driver/Src/stm32f1xx_hal_cortex.o
 .debug_aranges
                0x0000000000000490       0x80 Drivers/STM32F1xx_HAL_Driver/Src/stm32f1xx_hal_dma.o
 .debug_aranges
                0x0000000000000510       0x58 Drivers/STM32F1xx_HAL_Driver/Src/stm32f1xx_hal_gpio.o
 .debug_aranges
                0x0000000000000568       0x90 Drivers/STM32F1xx_HAL_Driver/Src/stm32f1xx_hal_rcc.o
 .debug_aranges
                0x00000000000005f8       0x30 Drivers/STM32F1xx_HAL_Driver/Src/stm32f1xx_hal_rcc_ex.o
 .debug_aranges
                0x0000000000000628      0x3d0 Drivers/STM32F1xx_HAL_Driver/Src/stm32f1xx_hal_tim.o
 .debug_aranges
                0x00000000000009f8      0x168 Drivers/STM32F1xx_HAL_Driver/Src/stm32f1xx_hal_tim_ex.o
 .debug_aranges
                0x0000000000000b60      0x208 Drivers/STM32F1xx_HAL_Driver/Src/stm32f1xx_hal_uart.o

.debug_ranges   0x0000000000000000      0xc50
 .debug_ranges  0x0000000000000000       0x28 App/Src/app.o
 .debug_ranges  0x0000000000000028       0x38 App/Src/board.o
 .debug_ranges  0x0000000000000060       0x18 App/Src/interrupt.o
 .debug_ranges  0x0000000000000078       0x28 Common/src/log.o
 .debug_ranges  0x00000000000000a0       0x10 Core/Src/gpio.o
 .debug_ranges  0x00000000000000b0       0x18 Core/Src/main.o
 .debug_ranges  0x00000000000000c8       0x10 Core/Src/stm32f1xx_hal_msp.o
 .debug_ranges  0x00000000000000d8       0x80 Core/Src/stm32f1xx_it.o
 .debug_ranges  0x0000000000000158       0x18 Core/Src/system_stm32f1xx.o
 .debug_ranges  0x0000000000000170       0x38 Core/Src/tim.o
 .debug_ranges  0x00000000000001a8       0x30 Core/Src/usart.o
 .debug_ranges  0x00000000000001d8       0x20 Core/Startup/startup_stm32f103c8tx.o
 .debug_ranges  0x00000000000001f8       0xd0 Drivers/STM32F1xx_HAL_Driver/Src/stm32f1xx_hal.o
 .debug_ranges  0x00000000000002c8       0xf0 Drivers/STM32F1xx_HAL_Driver/Src/stm32f1xx_hal_cortex.o
 .debug_ranges  0x00000000000003b8       0x70 Drivers/STM32F1xx_HAL_Driver/Src/stm32f1xx_hal_dma.o
 .debug_ranges  0x0000000000000428       0x48 Drivers/STM32F1xx_HAL_Driver/Src/stm32f1xx_hal_gpio.o
 .debug_ranges  0x0000000000000470       0x80 Drivers/STM32F1xx_HAL_Driver/Src/stm32f1xx_hal_rcc.o
 .debug_ranges  0x00000000000004f0       0x20 Drivers/STM32F1xx_HAL_Driver/Src/stm32f1xx_hal_rcc_ex.o
 .debug_ranges  0x0000000000000510      0x3c0 Drivers/STM32F1xx_HAL_Driver/Src/stm32f1xx_hal_tim.o
 .debug_ranges  0x00000000000008d0      0x158 Drivers/STM32F1xx_HAL_Driver/Src/stm32f1xx_hal_tim_ex.o
 .debug_ranges  0x0000000000000a28      0x228 Drivers/STM32F1xx_HAL_Driver/Src/stm32f1xx_hal_uart.o

.debug_macro    0x0000000000000000    0x19947
 .debug_macro   0x0000000000000000      0x3fa App/Src/app.o
 .debug_macro   0x00000000000003fa      0xa9c App/Src/app.o
 .debug_macro   0x0000000000000e96      0x227 App/Src/app.o
 .debug_macro   0x00000000000010bd       0x2e App/Src/app.o
 .debug_macro   0x00000000000010eb       0x22 App/Src/app.o
 .debug_macro   0x000000000000110d       0x22 App/Src/app.o
 .debug_macro   0x000000000000112f       0x8e App/Src/app.o
 .debug_macro   0x00000000000011bd       0x51 App/Src/app.o
 .debug_macro   0x000000000000120e      0x103 App/Src/app.o
 .debug_macro   0x0000000000001311       0x6a App/Src/app.o
 .debug_macro   0x000000000000137b      0x1df App/Src/app.o
 .debug_macro   0x000000000000155a       0x1c App/Src/app.o
 .debug_macro   0x0000000000001576       0x22 App/Src/app.o
 .debug_macro   0x0000000000001598       0xc3 App/Src/app.o
 .debug_macro   0x000000000000165b      0xd23 App/Src/app.o
 .debug_macro   0x000000000000237e     0xe09e App/Src/app.o
 .debug_macro   0x000000000001041c       0x6d App/Src/app.o
 .debug_macro   0x0000000000010489     0x34a2 App/Src/app.o
 .debug_macro   0x000000000001392b      0x174 App/Src/app.o
 .debug_macro   0x0000000000013a9f       0x5c App/Src/app.o
 .debug_macro   0x0000000000013afb      0x5bc App/Src/app.o
 .debug_macro   0x00000000000140b7      0x289 App/Src/app.o
 .debug_macro   0x0000000000014340      0x1cb App/Src/app.o
 .debug_macro   0x000000000001450b      0x114 App/Src/app.o
 .debug_macro   0x000000000001461f      0x1b2 App/Src/app.o
 .debug_macro   0x00000000000147d1       0x27 App/Src/app.o
 .debug_macro   0x00000000000147f8      0x136 App/Src/app.o
 .debug_macro   0x000000000001492e      0x1bc App/Src/app.o
 .debug_macro   0x0000000000014aea       0x34 App/Src/app.o
 .debug_macro   0x0000000000014b1e       0x3c App/Src/app.o
 .debug_macro   0x0000000000014b5a       0x57 App/Src/app.o
 .debug_macro   0x0000000000014bb1      0x46a App/Src/app.o
 .debug_macro   0x000000000001501b      0x1b5 App/Src/app.o
 .debug_macro   0x00000000000151d0       0x87 App/Src/app.o
 .debug_macro   0x0000000000015257      0x240 App/Src/app.o
 .debug_macro   0x0000000000015497       0x78 App/Src/app.o
 .debug_macro   0x000000000001550f      0x140 App/Src/app.o
 .debug_macro   0x000000000001564f      0x8ed App/Src/app.o
 .debug_macro   0x0000000000015f3c      0x28e App/Src/app.o
 .debug_macro   0x00000000000161ca       0x83 App/Src/app.o
 .debug_macro   0x000000000001624d       0xd0 App/Src/app.o
 .debug_macro   0x000000000001631d       0x52 App/Src/app.o
 .debug_macro   0x000000000001636f       0x18 App/Src/app.o
 .debug_macro   0x0000000000016387       0x3c App/Src/app.o
 .debug_macro   0x00000000000163c3       0x34 App/Src/app.o
 .debug_macro   0x00000000000163f7       0x16 App/Src/app.o
 .debug_macro   0x000000000001640d       0x35 App/Src/app.o
 .debug_macro   0x0000000000016442      0x333 App/Src/app.o
 .debug_macro   0x0000000000016775       0x10 App/Src/app.o
 .debug_macro   0x0000000000016785       0x16 App/Src/app.o
 .debug_macro   0x000000000001679b       0x43 App/Src/app.o
 .debug_macro   0x00000000000167de       0x34 App/Src/app.o
 .debug_macro   0x0000000000016812       0x10 App/Src/app.o
 .debug_macro   0x0000000000016822       0x58 App/Src/app.o
 .debug_macro   0x000000000001687a       0x71 App/Src/app.o
 .debug_macro   0x00000000000168eb       0x1c App/Src/app.o
 .debug_macro   0x0000000000016907      0x12a App/Src/app.o
 .debug_macro   0x0000000000016a31       0x10 App/Src/app.o
 .debug_macro   0x0000000000016a41       0x1c App/Src/app.o
 .debug_macro   0x0000000000016a5d       0x52 App/Src/app.o
 .debug_macro   0x0000000000016aaf       0x22 App/Src/app.o
 .debug_macro   0x0000000000016ad1       0x10 App/Src/app.o
 .debug_macro   0x0000000000016ae1       0x40 App/Src/app.o
 .debug_macro   0x0000000000016b21       0xd5 App/Src/app.o
 .debug_macro   0x0000000000016bf6       0x1c App/Src/app.o
 .debug_macro   0x0000000000016c12       0x3d App/Src/app.o
 .debug_macro   0x0000000000016c4f       0x16 App/Src/app.o
 .debug_macro   0x0000000000016c65      0x145 App/Src/app.o
 .debug_macro   0x0000000000016daa       0x22 App/Src/app.o
 .debug_macro   0x0000000000016dcc       0x16 App/Src/app.o
 .debug_macro   0x0000000000016de2       0x20 App/Src/app.o
 .debug_macro   0x0000000000016e02       0x34 App/Src/app.o
 .debug_macro   0x0000000000016e36       0x1c App/Src/app.o
 .debug_macro   0x0000000000016e52       0x28 App/Src/app.o
 .debug_macro   0x0000000000016e7a       0x10 App/Src/app.o
 .debug_macro   0x0000000000016e8a      0x3c9 App/Src/board.o
 .debug_macro   0x0000000000017253      0x3e6 App/Src/interrupt.o
 .debug_macro   0x0000000000017639       0x22 App/Src/interrupt.o
 .debug_macro   0x000000000001765b      0x385 Common/src/log.o
 .debug_macro   0x00000000000179e0       0x1c Common/src/log.o
 .debug_macro   0x00000000000179fc      0x1da Core/Src/gpio.o
 .debug_macro   0x0000000000017bd6      0x3e6 Core/Src/main.o
 .debug_macro   0x0000000000017fbc      0x1d0 Core/Src/stm32f1xx_hal_msp.o
 .debug_macro   0x000000000001818c      0x1da Core/Src/stm32f1xx_it.o
 .debug_macro   0x0000000000018366      0x1c1 Core/Src/system_stm32f1xx.o
 .debug_macro   0x0000000000018527      0x1da Core/Src/tim.o
 .debug_macro   0x0000000000018701      0x1da Core/Src/usart.o
 .debug_macro   0x00000000000188db      0x1e5 Drivers/STM32F1xx_HAL_Driver/Src/stm32f1xx_hal.o
 .debug_macro   0x0000000000018ac0      0x1c1 Drivers/STM32F1xx_HAL_Driver/Src/stm32f1xx_hal_cortex.o
 .debug_macro   0x0000000000018c81      0x1c1 Drivers/STM32F1xx_HAL_Driver/Src/stm32f1xx_hal_dma.o
 .debug_macro   0x0000000000018e42      0x22c Drivers/STM32F1xx_HAL_Driver/Src/stm32f1xx_hal_gpio.o
 .debug_macro   0x000000000001906e      0x1d3 Drivers/STM32F1xx_HAL_Driver/Src/stm32f1xx_hal_rcc.o
 .debug_macro   0x0000000000019241      0x1c1 Drivers/STM32F1xx_HAL_Driver/Src/stm32f1xx_hal_rcc_ex.o
 .debug_macro   0x0000000000019402      0x1c2 Drivers/STM32F1xx_HAL_Driver/Src/stm32f1xx_hal_tim.o
 .debug_macro   0x00000000000195c4      0x1c1 Drivers/STM32F1xx_HAL_Driver/Src/stm32f1xx_hal_tim_ex.o
 .debug_macro   0x0000000000019785      0x1c2 Drivers/STM32F1xx_HAL_Driver/Src/stm32f1xx_hal_uart.o

.debug_line     0x0000000000000000    0x1183f
 .debug_line    0x0000000000000000      0x9ff App/Src/app.o
 .debug_line    0x00000000000009ff      0xa74 App/Src/board.o
 .debug_line    0x0000000000001473      0xa58 App/Src/interrupt.o
 .debug_line    0x0000000000001ecb      0x9b2 Common/src/log.o
 .debug_line    0x000000000000287d      0x703 Core/Src/gpio.o
 .debug_line    0x0000000000002f80      0x99e Core/Src/main.o
 .debug_line    0x000000000000391e      0x6c6 Core/Src/stm32f1xx_hal_msp.o
 .debug_line    0x0000000000003fe4      0x818 Core/Src/stm32f1xx_it.o
 .debug_line    0x00000000000047fc      0x744 Core/Src/system_stm32f1xx.o
 .debug_line    0x0000000000004f40      0x88d Core/Src/tim.o
 .debug_line    0x00000000000057cd      0x81f Core/Src/usart.o
 .debug_line    0x0000000000005fec       0x86 Core/Startup/startup_stm32f103c8tx.o
 .debug_line    0x0000000000006072      0x971 Drivers/STM32F1xx_HAL_Driver/Src/stm32f1xx_hal.o
 .debug_line    0x00000000000069e3      0xb59 Drivers/STM32F1xx_HAL_Driver/Src/stm32f1xx_hal_cortex.o
 .debug_line    0x000000000000753c      0xdca Drivers/STM32F1xx_HAL_Driver/Src/stm32f1xx_hal_dma.o
 .debug_line    0x0000000000008306      0xa0a Drivers/STM32F1xx_HAL_Driver/Src/stm32f1xx_hal_gpio.o
 .debug_line    0x0000000000008d10      0xd7d Drivers/STM32F1xx_HAL_Driver/Src/stm32f1xx_hal_rcc.o
 .debug_line    0x0000000000009a8d      0x8b8 Drivers/STM32F1xx_HAL_Driver/Src/stm32f1xx_hal_rcc_ex.o
 .debug_line    0x000000000000a345     0x340b Drivers/STM32F1xx_HAL_Driver/Src/stm32f1xx_hal_tim.o
 .debug_line    0x000000000000d750     0x18b7 Drivers/STM32F1xx_HAL_Driver/Src/stm32f1xx_hal_tim_ex.o
 .debug_line    0x000000000000f007     0x2838 Drivers/STM32F1xx_HAL_Driver/Src/stm32f1xx_hal_uart.o

.debug_str      0x0000000000000000    0x90362
 .debug_str     0x0000000000000000    0x8d2e8 App/Src/app.o
                                      0x8d7ef (size before relaxing)
 .debug_str     0x000000000008d2e8      0x1fc App/Src/board.o
                                      0x8d806 (size before relaxing)
 .debug_str     0x000000000008d4e4       0x62 App/Src/interrupt.o
                                      0x8d7c0 (size before relaxing)
 .debug_str     0x000000000008d546       0x50 Common/src/log.o
                                      0x8cf00 (size before relaxing)
 .debug_str     0x000000000008d596       0x92 Core/Src/gpio.o
                                      0x889ab (size before relaxing)
 .debug_str     0x000000000008d628       0x34 Core/Src/main.o
                                      0x8d792 (size before relaxing)
 .debug_str     0x000000000008d65c       0x5a Core/Src/stm32f1xx_hal_msp.o
                                      0x88961 (size before relaxing)
 .debug_str     0x000000000008d6b6      0x113 Core/Src/stm32f1xx_it.o
                                      0x890d3 (size before relaxing)
 .debug_str     0x000000000008d7c9       0x52 Core/Src/system_stm32f1xx.o
                                      0x88621 (size before relaxing)
 .debug_str     0x000000000008d81b      0x382 Core/Src/tim.o
                                      0x89203 (size before relaxing)
 .debug_str     0x000000000008db9d       0x7f Core/Src/usart.o
                                      0x890ce (size before relaxing)
 .debug_str     0x000000000008dc1c       0x36 Core/Startup/startup_stm32f103c8tx.o
                                         0x7b (size before relaxing)
 .debug_str     0x000000000008dc52      0x304 Drivers/STM32F1xx_HAL_Driver/Src/stm32f1xx_hal.o
                                      0x88cb2 (size before relaxing)
 .debug_str     0x000000000008df56      0x300 Drivers/STM32F1xx_HAL_Driver/Src/stm32f1xx_hal_cortex.o
                                      0x88cba (size before relaxing)
 .debug_str     0x000000000008e256      0x235 Drivers/STM32F1xx_HAL_Driver/Src/stm32f1xx_hal_dma.o
                                      0x889fc (size before relaxing)
 .debug_str     0x000000000008e48b      0x308 Drivers/STM32F1xx_HAL_Driver/Src/stm32f1xx_hal_gpio.o
                                      0x889e5 (size before relaxing)
 .debug_str     0x000000000008e793      0x24f Drivers/STM32F1xx_HAL_Driver/Src/stm32f1xx_hal_rcc.o
                                      0x88a1e (size before relaxing)
 .debug_str     0x000000000008e9e2       0xb9 Drivers/STM32F1xx_HAL_Driver/Src/stm32f1xx_hal_rcc_ex.o
                                      0x887ab (size before relaxing)
 .debug_str     0x000000000008ea9b      0xdd3 Drivers/STM32F1xx_HAL_Driver/Src/stm32f1xx_hal_tim.o
                                      0x89a07 (size before relaxing)
 .debug_str     0x000000000008f86e      0x4ee Drivers/STM32F1xx_HAL_Driver/Src/stm32f1xx_hal_tim_ex.o
                                      0x891a8 (size before relaxing)
 .debug_str     0x000000000008fd5c      0x606 Drivers/STM32F1xx_HAL_Driver/Src/stm32f1xx_hal_uart.o
                                      0x89076 (size before relaxing)

.comment        0x0000000000000000       0x53
 .comment       0x0000000000000000       0x53 App/Src/app.o
                                         0x54 (size before relaxing)
 .comment       0x0000000000000053       0x54 App/Src/board.o
 .comment       0x0000000000000053       0x54 App/Src/interrupt.o
 .comment       0x0000000000000053       0x54 Common/src/log.o
 .comment       0x0000000000000053       0x54 Core/Src/gpio.o
 .comment       0x0000000000000053       0x54 Core/Src/main.o
 .comment       0x0000000000000053       0x54 Core/Src/stm32f1xx_hal_msp.o
 .comment       0x0000000000000053       0x54 Core/Src/stm32f1xx_it.o
 .comment       0x0000000000000053       0x54 Core/Src/system_stm32f1xx.o
 .comment       0x0000000000000053       0x54 Core/Src/tim.o
 .comment       0x0000000000000053       0x54 Core/Src/usart.o
 .comment       0x0000000000000053       0x54 Drivers/STM32F1xx_HAL_Driver/Src/stm32f1xx_hal.o
 .comment       0x0000000000000053       0x54 Drivers/STM32F1xx_HAL_Driver/Src/stm32f1xx_hal_cortex.o
 .comment       0x0000000000000053       0x54 Drivers/STM32F1xx_HAL_Driver/Src/stm32f1xx_hal_dma.o
 .comment       0x0000000000000053       0x54 Drivers/STM32F1xx_HAL_Driver/Src/stm32f1xx_hal_gpio.o
 .comment       0x0000000000000053       0x54 Drivers/STM32F1xx_HAL_Driver/Src/stm32f1xx_hal_rcc.o
 .comment       0x0000000000000053       0x54 Drivers/STM32F1xx_HAL_Driver/Src/stm32f1xx_hal_rcc_ex.o
 .comment       0x0000000000000053       0x54 Drivers/STM32F1xx_HAL_Driver/Src/stm32f1xx_hal_tim.o
 .comment       0x0000000000000053       0x54 Drivers/STM32F1xx_HAL_Driver/Src/stm32f1xx_hal_tim_ex.o
 .comment       0x0000000000000053       0x54 Drivers/STM32F1xx_HAL_Driver/Src/stm32f1xx_hal_uart.o

.debug_frame    0x0000000000000000     0x3584
 .debug_frame   0x0000000000000000       0x90 App/Src/app.o
 .debug_frame   0x0000000000000090       0xe8 App/Src/board.o
 .debug_frame   0x0000000000000178       0x58 App/Src/interrupt.o
 .debug_frame   0x00000000000001d0       0xa4 Common/src/log.o
 .debug_frame   0x0000000000000274       0x34 Core/Src/gpio.o
 .debug_frame   0x00000000000002a8       0x44 Core/Src/main.o
 .debug_frame   0x00000000000002ec       0x38 Core/Src/stm32f1xx_hal_msp.o
 .debug_frame   0x0000000000000324      0x1ac Core/Src/stm32f1xx_it.o
 .debug_frame   0x00000000000004d0       0x58 Core/Src/system_stm32f1xx.o
 .debug_frame   0x0000000000000528       0xe8 Core/Src/tim.o
 .debug_frame   0x0000000000000610       0xac Core/Src/usart.o
 .debug_frame   0x00000000000006bc      0x334 Drivers/STM32F1xx_HAL_Driver/Src/stm32f1xx_hal.o
 .debug_frame   0x00000000000009f0      0x428 Drivers/STM32F1xx_HAL_Driver/Src/stm32f1xx_hal_cortex.o
 .debug_frame   0x0000000000000e18      0x208 Drivers/STM32F1xx_HAL_Driver/Src/stm32f1xx_hal_dma.o
 .debug_frame   0x0000000000001020      0x14c Drivers/STM32F1xx_HAL_Driver/Src/stm32f1xx_hal_gpio.o
 .debug_frame   0x000000000000116c      0x218 Drivers/STM32F1xx_HAL_Driver/Src/stm32f1xx_hal_rcc.o
 .debug_frame   0x0000000000001384       0x80 Drivers/STM32F1xx_HAL_Driver/Src/stm32f1xx_hal_rcc_ex.o
 .debug_frame   0x0000000000001404     0x11b8 Drivers/STM32F1xx_HAL_Driver/Src/stm32f1xx_hal_tim.o
 .debug_frame   0x00000000000025bc      0x638 Drivers/STM32F1xx_HAL_Driver/Src/stm32f1xx_hal_tim_ex.o
 .debug_frame   0x0000000000002bf4      0x944 Drivers/STM32F1xx_HAL_Driver/Src/stm32f1xx_hal_uart.o
 .debug_frame   0x0000000000003538       0x2c c:/st/stm32cubeide_1.6.1/stm32cubeide/plugins/com.st.stm32cube.ide.mcu.externaltools.gnu-tools-for-stm32.9-2020-q2-update.win32_1.5.0.202011040924/tools/bin/../lib/gcc/arm-none-eabi/9.3.1/../../../../arm-none-eabi/lib/thumb/v7-m/nofp\libc_nano.a(lib_a-init.o)
 .debug_frame   0x0000000000003564       0x20 c:/st/stm32cubeide_1.6.1/stm32cubeide/plugins/com.st.stm32cube.ide.mcu.externaltools.gnu-tools-for-stm32.9-2020-q2-update.win32_1.5.0.202011040924/tools/bin/../lib/gcc/arm-none-eabi/9.3.1/../../../../arm-none-eabi/lib/thumb/v7-m/nofp\libc_nano.a(lib_a-memset.o)
